Component: ARM Compiler 5.06 update 6 (build 750) Tool: armlink [4d35ed]

==============================================================================

Section Cross References

    sysinit.o(i.SystemInit) refers to fpu_init.o(i.fpuInit) for fpuInit
    sysinit.o(i.SystemInit) refers to keil_startup_lpc18xx43xx.o(RESET) for __Vectors
    keil_startup_lpc18xx43xx.o(STACK) refers (Special) to heapauxi.o(.text) for __use_two_region_memory
    keil_startup_lpc18xx43xx.o(HEAP) refers (Special) to heapauxi.o(.text) for __use_two_region_memory
    keil_startup_lpc18xx43xx.o(RESET) refers (Special) to heapauxi.o(.text) for __use_two_region_memory
    keil_startup_lpc18xx43xx.o(RESET) refers to keil_startup_lpc18xx43xx.o(STACK) for __initial_sp
    keil_startup_lpc18xx43xx.o(RESET) refers to keil_startup_lpc18xx43xx.o(.text) for Reset_Handler
    keil_startup_lpc18xx43xx.o(RESET) refers to port.o(.emb_text) for SVC_Handler
    keil_startup_lpc18xx43xx.o(RESET) refers to port.o(i.SysTick_Handler) for SysTick_Handler
    keil_startup_lpc18xx43xx.o(RESET) refers to board_gpdma.o(i.DMA_IRQHandler) for DMA_IRQHandler
    keil_startup_lpc18xx43xx.o(RESET) refers to cdc_main.o(i.USB0_IRQHandler) for USB0_IRQHandler
    keil_startup_lpc18xx43xx.o(RESET) refers to board_timer.o(i.TIMER0_IRQHandler) for TIMER0_IRQHandler
    keil_startup_lpc18xx43xx.o(RESET) refers to board_timer.o(i.TIMER1_IRQHandler) for TIMER1_IRQHandler
    keil_startup_lpc18xx43xx.o(RESET) refers to board_timer.o(i.TIMER2_IRQHandler) for TIMER2_IRQHandler
    keil_startup_lpc18xx43xx.o(RESET) refers to board_timer.o(i.TIMER3_IRQHandler) for TIMER3_IRQHandler
    keil_startup_lpc18xx43xx.o(RESET) refers to board_i2c.o(i.I2C0_IRQHandler) for I2C0_IRQHandler
    keil_startup_lpc18xx43xx.o(RESET) refers to board_i2c.o(i.I2C1_IRQHandler) for I2C1_IRQHandler
    keil_startup_lpc18xx43xx.o(RESET) refers to board_spi.o(i.SSP0_IRQHandler) for SSP0_IRQHandler
    keil_startup_lpc18xx43xx.o(RESET) refers to board_spi.o(i.SSP1_IRQHandler) for SSP1_IRQHandler
    keil_startup_lpc18xx43xx.o(RESET) refers to board_uart.o(i.UART0_IRQHandler) for UART0_IRQHandler
    keil_startup_lpc18xx43xx.o(RESET) refers to board_uart.o(i.UART1_IRQHandler) for UART1_IRQHandler
    keil_startup_lpc18xx43xx.o(RESET) refers to board_uart.o(i.UART2_IRQHandler) for UART2_IRQHandler
    keil_startup_lpc18xx43xx.o(RESET) refers to board_uart.o(i.UART3_IRQHandler) for UART3_IRQHandler
    keil_startup_lpc18xx43xx.o(RESET) refers to board_gpio.o(i.GPIO0_IRQHandler) for GPIO0_IRQHandler
    keil_startup_lpc18xx43xx.o(RESET) refers to board_gpio.o(i.GPIO1_IRQHandler) for GPIO1_IRQHandler
    keil_startup_lpc18xx43xx.o(RESET) refers to board_gpio.o(i.GPIO2_IRQHandler) for GPIO2_IRQHandler
    keil_startup_lpc18xx43xx.o(RESET) refers to board_gpio.o(i.GPIO3_IRQHandler) for GPIO3_IRQHandler
    keil_startup_lpc18xx43xx.o(RESET) refers to board_gpio.o(i.GPIO4_IRQHandler) for GPIO4_IRQHandler
    keil_startup_lpc18xx43xx.o(RESET) refers to board_gpio.o(i.GPIO5_IRQHandler) for GPIO5_IRQHandler
    keil_startup_lpc18xx43xx.o(RESET) refers to board_gpio.o(i.GPIO6_IRQHandler) for GPIO6_IRQHandler
    keil_startup_lpc18xx43xx.o(RESET) refers to board_gpio.o(i.GPIO7_IRQHandler) for GPIO7_IRQHandler
    keil_startup_lpc18xx43xx.o(.text) refers (Special) to heapauxi.o(.text) for __use_two_region_memory
    keil_startup_lpc18xx43xx.o(.text) refers to sysinit.o(i.SystemInit) for SystemInit
    keil_startup_lpc18xx43xx.o(.text) refers to __main.o(!!!main) for __main
    keil_startup_lpc18xx43xx.o(.text) refers to keil_startup_lpc18xx43xx.o(HEAP) for Heap_Mem
    keil_startup_lpc18xx43xx.o(.text) refers to keil_startup_lpc18xx43xx.o(STACK) for Stack_Mem
    main.o(i.main) refers to chip_18xx_43xx.o(i.SystemCoreClockUpdate) for SystemCoreClockUpdate
    main.o(i.main) refers to tasks.o(i.xTaskCreateStatic) for xTaskCreateStatic
    main.o(i.main) refers to tasks.o(i.vTaskStartScheduler) for vTaskStartScheduler
    main.o(i.main) refers to main.o(.bss) for .bss
    main.o(i.main) refers to appsysmon.o(i.appMain_Task) for appMain_Task
    appsysmon.o(i.appMain_Task) refers to halboard.o(i.halBoard_Init) for halBoard_Init
    appsysmon.o(i.appMain_Task) refers to utillog.o(i.utilLog_Init) for utilLog_Init
    appsysmon.o(i.appMain_Task) refers to utileventhandler.o(i.utilEventHandler_Init) for utilEventHandler_Init
    appsysmon.o(i.appMain_Task) refers to utilhost.o(i.utilHost_Init) for utilHost_Init
    appsysmon.o(i.appMain_Task) refers to appinputproc.o(i.appInputProc_Init) for appInputProc_Init
    appsysmon.o(i.appMain_Task) refers to appsysmon.o(i.appSysProc_Init) for appSysProc_Init
    appsysmon.o(i.appMain_Task) refers to utillog.o(i.utilLog_Printf) for utilLog_Printf
    appsysmon.o(i.appMain_Task) refers to appinputproc.o(i.appInputProc_Process) for appInputProc_Process
    appsysmon.o(i.appMain_Task) refers to appsysmon.o(i.appSysProc_Process) for appSysProc_Process
[...]
    GPIO1_IRQHandler                         0x1a00be87   Thumb Code     6  board_gpio.o(i.GPIO1_IRQHandler)
    GPIO2_IRQHandler                         0x1a00be8d   Thumb Code     6  board_gpio.o(i.GPIO2_IRQHandler)
    GPIO3_IRQHandler                         0x1a00be93   Thumb Code     6  board_gpio.o(i.GPIO3_IRQHandler)
    GPIO4_IRQHandler                         0x1a00be99   Thumb Code     6  board_gpio.o(i.GPIO4_IRQHandler)
    GPIO5_IRQHandler                         0x1a00be9f   Thumb Code     6  board_gpio.o(i.GPIO5_IRQHandler)
    GPIO6_IRQHandler                         0x1a00bea5   Thumb Code     6  board_gpio.o(i.GPIO6_IRQHandler)
    GPIO7_IRQHandler                         0x1a00beab   Thumb Code     6  board_gpio.o(i.GPIO7_IRQHandler)
    I2C0_IRQHandler                          0x1a00bf09   Thumb Code    22  board_i2c.o(i.I2C0_IRQHandler)
    I2C1_IRQHandler                          0x1a00bf2d   Thumb Code    22  board_i2c.o(i.I2C1_IRQHandler)
    RingBuffer_Init                          0x1a00bff5   Thumb Code    16  ring_buffer.o(i.RingBuffer_Init)
    RingBuffer_Insert                        0x1a00c005   Thumb Code    48  ring_buffer.o(i.RingBuffer_Insert)
    RingBuffer_Pop                           0x1a00c059   Thumb Code    48  ring_buffer.o(i.RingBuffer_Pop)
    SSP0_IRQHandler                          0x1a00c089   Thumb Code     6  board_spi.o(i.SSP0_IRQHandler)
    SSP1_IRQHandler                          0x1a00c08f   Thumb Code     6  board_spi.o(i.SSP1_IRQHandler)
    SysTick_Handler                          0x1a00c095   Thumb Code    46  port.o(i.SysTick_Handler)
    SystemCoreClockUpdate                    0x1a00c0c9   Thumb Code    14  chip_18xx_43xx.o(i.SystemCoreClockUpdate)
    SystemInit                               0x1a00c0dd   Thumb Code    16  sysinit.o(i.SystemInit)
    TIMER0_IRQHandler                        0x1a00c0f5   Thumb Code     6  board_timer.o(i.TIMER0_IRQHandler)
    TIMER1_IRQHandler                        0x1a00c0fb   Thumb Code     6  board_timer.o(i.TIMER1_IRQHandler)
    TIMER2_IRQHandler                        0x1a00c101   Thumb Code     6  board_timer.o(i.TIMER2_IRQHandler)
    TIMER3_IRQHandler                        0x1a00c107   Thumb Code     6  board_timer.o(i.TIMER3_IRQHandler)
    TIMER_IRQHandler                         0x1a00c10d   Thumb Code   246  board_timer.o(i.TIMER_IRQHandler)
    UART0_IRQHandler                         0x1a00c24d   Thumb Code    16  board_uart.o(i.UART0_IRQHandler)
    UART1_IRQHandler                         0x1a00c261   Thumb Code    16  board_uart.o(i.UART1_IRQHandler)
    UART2_IRQHandler                         0x1a00c275   Thumb Code    16  board_uart.o(i.UART2_IRQHandler)
    UART3_IRQHandler                         0x1a00c289   Thumb Code    16  board_uart.o(i.UART3_IRQHandler)
    USB0_IRQHandler                          0x1a00c29d   Thumb Code    12  cdc_main.o(i.USB0_IRQHandler)
    USB_CDC_Init                             0x1a00c2ad   Thumb Code    38  cdc_main.o(i.USB_CDC_Init)
    __ARM_fpclassify                         0x1a00c385   Thumb Code    48  fpclassify.o(i.__ARM_fpclassify)
    __user_heap_extend                       0x1a00c3b5   Thumb Code    18  freertoscommonhooks.o(i.__user_heap_extend)
    _is_digit                                0x1a00c3cd   Thumb Code    14  __printf_wp.o(i._is_digit)
    _sys_exit                                0x1a00c3db   Thumb Code     4  utillog.o(i._sys_exit)
    appHdmiSwitcher_Init                     0x1a00c3df   Thumb Code     4  apphdmiswitcher.o(i.appHdmiSwitcher_Init)
    appHdmiSwitcher_Switch_Input             0x1a00c3e3   Thumb Code    12  apphdmiswitcher.o(i.appHdmiSwitcher_Switch_Input)
    appIapProc_Run_BootCode_Set              0x1a00c3f1   Thumb Code    80  appiapproc.o(i.appIapProc_Run_BootCode_Set)
    appInputProc_BufferInsert                0x1a00c455   Thumb Code    40  appinputproc.o(i.appInputProc_BufferInsert)
    appInputProc_Init                        0x1a00c495   Thumb Code    56  appinputproc.o(i.appInputProc_Init)
    appInputProc_Process                     0x1a00c4fd   Thumb Code   140  appinputproc.o(i.appInputProc_Process)
    appMain_Task                             0x1a00c5c1   Thumb Code    94  appsysmon.o(i.appMain_Task)
    appSysProc_Card_Power_Get                0x1a00c6ad   Thumb Code     6  appsysmon.o(i.appSysProc_Card_Power_Get)
    appSysProc_Card_Power_Set                0x1a00c6b9   Thumb Code    80  appsysmon.o(i.appSysProc_Card_Power_Set)
    appSysProc_Card_Power_Status_Get         0x1a00c70d   Thumb Code     6  appsysmon.o(i.appSysProc_Card_Power_Status_Get)
    appSysProc_Card_Present_Get              0x1a00c719   Thumb Code     6  appsysmon.o(i.appSysProc_Card_Present_Get)
    appSysProc_Init                          0x1a00c725   Thumb Code    20  appsysmon.o(i.appSysProc_Init)
    appSysProc_Process                       0x1a00c73d   Thumb Code   124  appsysmon.o(i.appSysProc_Process)
    appSysProc_State_Get                     0x1a00c7fd   Thumb Code     6  appsysmon.o(i.appSysProc_State_Get)
    appSysProc_State_Set                     0x1a00c809   Thumb Code    64  appsysmon.o(i.appSysProc_State_Set)
    dvCard_Audio_Info_Get                    0x1a00c84d   Thumb Code    36  dvcard.o(i.dvCard_Audio_Info_Get)
    dvCard_Initial                           0x1a00cb2d   Thumb Code    38  dvcard.o(i.dvCard_Initial)
    dvCard_Input_Port_Set                    0x1a00cb65   Thumb Code    36  dvcard.o(i.dvCard_Input_Port_Set)
    dvCard_Slot_Info_Get                     0x1a00cba9   Thumb Code    48  dvcard.o(i.dvCard_Slot_Info_Get)
    dvCard_System_Ready_Get                  0x1a00cc1d   Thumb Code    46  dvcard.o(i.dvCard_System_Ready_Get)
    dvCard_System_Revision_Get               0x1a00cc79   Thumb Code    56  dvcard.o(i.dvCard_System_Revision_Get)
    dvCard_Video_Format_Get                  0x1a00cce1   Thumb Code   114  dvcard.o(i.dvCard_Video_Format_Get)
    dvCard_Video_Info_Get                    0x1a00ce01   Thumb Code   268  dvcard.o(i.dvCard_Video_Info_Get)
    dvCard_Video_Timing_Get                  0x1a00d0ed   Thumb Code    36  dvcard.o(i.dvCard_Video_Timing_Get)
    eTaskConfirmSleepModeStatus              0x1a00d131   Thumb Code    42  tasks.o(i.eTaskConfirmSleepModeStatus)
    find_IntfDesc                            0x1a00d16d   Thumb Code    34  cdc_main.o(i.find_IntfDesc)
    fpuInit                                  0x1a00d191   Thumb Code    46  fpu_init.o(i.fpuInit)
    halBoard_Init                            0x1a00d1cd   Thumb Code     4  halboard.o(i.halBoard_Init)
    halBoard_OPS_Power_Rail_Enable           0x1a00d1d1   Thumb Code    16  halboard.o(i.halBoard_OPS_Power_Rail_Enable)
    halBoard_PwrSeqSet                       0x1a00d1e1   Thumb Code    44  halboard.o(i.halBoard_PwrSeqSet)
    halBoard_Slot_Power_Rail_Enable          0x1a00d211   Thumb Code    16  halboard.o(i.halBoard_Slot_Power_Rail_Enable)
    halCard_Card_Detect                      0x1a00d221   Thumb Code   102  halcard.o(i.halCard_Card_Detect)
    halCard_Card_Ready                       0x1a00d28d   Thumb Code    36  halcard.o(i.halCard_Card_Ready)
    halCard_Init                             0x1a00d2b5   Thumb Code    22  halcard.o(i.halCard_Init)
    halCard_OPS_Power_Check                  0x1a00d2d5   Thumb Code    26  halcard.o(i.halCard_OPS_Power_Check)
    halCard_OPS_Power_On_Get                 0x1a00d2f1   Thumb Code    44  halcard.o(i.halCard_OPS_Power_On_Get)
    halCard_OPS_Power_Set                    0x1a00d321   Thumb Code    24  halcard.o(i.halCard_OPS_Power_Set)
    halCard_Slot_Check_Set                   0x1a00d339   Thumb Code     8  halcard.o(i.halCard_Slot_Check_Set)
    halCard_Slot_Info_Get                    0x1a00d345   Thumb Code     8  halcard.o(i.halCard_Slot_Info_Get)
    halCard_Slot_Input_Numbers_Get           0x1a00d351   Thumb Code     6  halcard.o(i.halCard_Slot_Input_Numbers_Get)
    halCard_Slot_Ready_Check                 0x1a00d35d   Thumb Code    48  halcard.o(i.halCard_Slot_Ready_Check)
    halCard_Slot_Ready_Get                   0x1a00d391   Thumb Code    14  halcard.o(i.halCard_Slot_Ready_Get)
    halHdmiSwitcher_Ctrl                     0x1a00d3a5   Thumb Code   152  halhdmiswitcher.o(i.halHdmiSwitcher_Ctrl)
    halHdmiSwitcher_Init                     0x1a00d49d   Thumb Code     8  halhdmiswitcher.o(i.halHdmiSwitcher_Init)
    halInputCtrl_IR_CustomId_Set             0x1a00d4d9   Thumb Code     6  halinputctrl.o(i.halInputCtrl_IR_CustomId_Set)
    halInputCtrl_IR_DataGet                  0x1a00d4e5   Thumb Code   204  halinputctrl.o(i.halInputCtrl_IR_DataGet)
    halInputCtrl_IR_Decode                   0x1a00d5d9   Thumb Code   120  halinputctrl.o(i.halInputCtrl_IR_Decode)
    halInputCtrl_IR_Flush                    0x1a00d691   Thumb Code    14  halinputctrl.o(i.halInputCtrl_IR_Flush)
    halInputCtrl_IR_HeadGet                  0x1a00d6a5   Thumb Code   144  halinputctrl.o(i.halInputCtrl_IR_HeadGet)
    halInputCtrl_IR_PulseInsert              0x1a00d739   Thumb Code    62  halinputctrl.o(i.halInputCtrl_IR_PulseInsert)
    halInputCtrl_IR_Restart                  0x1a00d781   Thumb Code    22  halinputctrl.o(i.halInputCtrl_IR_Restart)
    halInputCtrl_Init                        0x1a00d79d   Thumb Code    58  halinputctrl.o(i.halInputCtrl_Init)
    halInputCtrl_KeyPadGet                   0x1a00d80d   Thumb Code    38  halinputctrl.o(i.halInputCtrl_KeyPadGet)
    halInputCtrl_KeyPad_Decode               0x1a00d839   Thumb Code   172  halinputctrl.o(i.halInputCtrl_KeyPad_Decode)
    halInputCtrl_Proc                        0x1a00d8e9   Thumb Code   174  halinputctrl.o(i.halInputCtrl_Proc)
    halInputCtrl_Register_Callback           0x1a00d9dd   Thumb Code     6  halinputctrl.o(i.halInputCtrl_Register_Callback)
    main                                     0x1a00d9fd   Thumb Code    42  main.o(i.main)
    pvTaskIncrementMutexHeldCount            0x1a00df29   Thumb Code    26  tasks.o(i.pvTaskIncrementMutexHeldCount)
    pxPortInitialiseStack                    0x1a00df49   Thumb Code    38  port.o(i.pxPortInitialiseStack)
    utilCLICmd_Execute                       0x1a00df75   Thumb Code   150  utilclicmd.o(i.utilCLICmd_Execute)
    utilCounterGet                           0x1a00e339   Thumb Code    36  utilcounter.o(i.utilCounterGet)
    utilCounterSet                           0x1a00e361   Thumb Code    28  utilcounter.o(i.utilCounterSet)
    utilDelayMs                              0x1a00e381   Thumb Code    28  utilcounter.o(i.utilDelayMs)
    utilEventHandler_Init                    0x1a00e49d   Thumb Code    78  utileventhandler.o(i.utilEventHandler_Init)
    utilEvent_Send                           0x1a00e551   Thumb Code    58  utileventhandler.o(i.utilEvent_Send)
    utilFunc_Test_Loop                       0x1a00e5a5   Thumb Code    28  utilfunctester.o(i.utilFunc_Test_Loop)
    utilFunc_Usb_Task                        0x1a00e5c1   Thumb Code   276  cdc_main.o(i.utilFunc_Usb_Task)
    utilHostHandlerTask                      0x1a00e73d   Thumb Code     8  utilhost.o(i.utilHostHandlerTask)
    utilHost_Init                            0x1a00e841   Thumb Code    68  utilhost.o(i.utilHost_Init)
    utilHost_PacketBuild                     0x1a00e90d   Thumb Code    54  utilhost.o(i.utilHost_PacketBuild)
    utilHost_StateProcess                    0x1a00e9e9   Thumb Code   316  utilhost.o(i.utilHost_StateProcess)
    utilLog_Init                             0x1a00eb59   Thumb Code    16  utillog.o(i.utilLog_Init)
    utilLog_Printf                           0x1a00eb71   Thumb Code    80  utillog.o(i.utilLog_Printf)
    uxListRemove                             0x1a00ebc9   Thumb Code    40  list.o(i.uxListRemove)
    uxQueueMessagesWaiting                   0x1a00ebf1   Thumb Code    18  queue.o(i.uxQueueMessagesWaiting)
    uxQueueMessagesWaitingFromISR            0x1a00ec03   Thumb Code     8  queue.o(i.uxQueueMessagesWaitingFromISR)
    vApplicationGetIdleTaskMemory            0x1a00ec0d   Thumb Code    16  utiltask.o(i.vApplicationGetIdleTaskMemory)
    vApplicationIdleHook                     0x1a00ec21   Thumb Code     4  freertoscommonhooks.o(i.vApplicationIdleHook)
    vApplicationStackOverflowHook            0x1a00ec25   Thumb Code    18  freertoscommonhooks.o(i.vApplicationStackOverflowHook)
    vListInitialise                          0x1a00ec37   Thumb Code    26  list.o(i.vListInitialise)
    vListInitialiseItem                      0x1a00ec51   Thumb Code     6  list.o(i.vListInitialiseItem)
    vListInsert                              0x1a00ec57   Thumb Code    52  list.o(i.vListInsert)
    vListInsertEnd                           0x1a00ec8b   Thumb Code    24  list.o(i.vListInsertEnd)
    vPortEnterCritical                       0x1a00eca5   Thumb Code    30  port.o(i.vPortEnterCritical)
    vPortExitCritical                        0x1a00ecc9   Thumb Code    28  port.o(i.vPortExitCritical)
    vPortSetupTimerInterrupt                 0x1a00ece9   Thumb Code    86  port.o(i.vPortSetupTimerInterrupt)
    vPortSuppressTicksAndSleep               0x1a00ed51   Thumb Code   320  port.o(i.vPortSuppressTicksAndSleep)
    vTaskDelayUntil                          0x1a00ee9d   Thumb Code   106  tasks.o(i.vTaskDelayUntil)
    vTaskInternalSetTimeOutState             0x1a00ef11   Thumb Code    14  tasks.o(i.vTaskInternalSetTimeOutState)
    vTaskMissedYield                         0x1a00ef29   Thumb Code     8  tasks.o(i.vTaskMissedYield)
    vTaskPlaceOnEventList                    0x1a00ef35   Thumb Code    28  tasks.o(i.vTaskPlaceOnEventList)
    vTaskPriorityDisinheritAfterTimeout      0x1a00ef55   Thumb Code   166  tasks.o(i.vTaskPriorityDisinheritAfterTimeout)
    vTaskSetTimeOutState                     0x1a00f005   Thumb Code    26  tasks.o(i.vTaskSetTimeOutState)
    vTaskStartScheduler                      0x1a00f029   Thumb Code   110  tasks.o(i.vTaskStartScheduler)
    vTaskStepTick                            0x1a00f0b5   Thumb Code    12  tasks.o(i.vTaskStepTick)
    vTaskSuspend                             0x1a00f0c5   Thumb Code   174  tasks.o(i.vTaskSuspend)
    vTaskSuspendAll                          0x1a00f191   Thumb Code    12  tasks.o(i.vTaskSuspendAll)
    vTaskSwitchContext                       0x1a00f1a1   Thumb Code   106  tasks.o(i.vTaskSwitchContext)
    vcom_bread                               0x1a00f221   Thumb Code    70  cdc_vcom.o(i.vcom_bread)
    vcom_init                                0x1a00f26d   Thumb Code   180  cdc_vcom.o(i.vcom_init)
    vcom_write                               0x1a00f33d   Thumb Code    70  cdc_vcom.o(i.vcom_write)
    xPortStartScheduler                      0x1a00f38d   Thumb Code    58  port.o(i.xPortStartScheduler)
    xQueueCreateMutexStatic                  0x1a00f3d5   Thumb Code    42  queue.o(i.xQueueCreateMutexStatic)
    xQueueGenericCreateStatic                0x1a00f3ff   Thumb Code    40  queue.o(i.xQueueGenericCreateStatic)
    xQueueGenericReset                       0x1a00f429   Thumb Code   122  queue.o(i.xQueueGenericReset)
    xQueueGenericSend                        0x1a00f4a9   Thumb Code   276  queue.o(i.xQueueGenericSend)
    xQueueGenericSendFromISR                 0x1a00f5c1   Thumb Code   134  queue.o(i.xQueueGenericSendFromISR)
    xQueueIsQueueEmptyFromISR                0x1a00f647   Thumb Code    16  queue.o(i.xQueueIsQueueEmptyFromISR)
    xQueueReceive                            0x1a00f659   Thumb Code   256  queue.o(i.xQueueReceive)
    xQueueReceiveFromISR                     0x1a00f75d   Thumb Code   130  queue.o(i.xQueueReceiveFromISR)
    xQueueSemaphoreTake                      0x1a00f7e1   Thumb Code   300  queue.o(i.xQueueSemaphoreTake)
    xTaskCheckForTimeOut                     0x1a00f911   Thumb Code    84  tasks.o(i.xTaskCheckForTimeOut)
    xTaskCreateStatic                        0x1a00f96d   Thumb Code    72  tasks.o(i.xTaskCreateStatic)
    xTaskGetTickCount                        0x1a00f9b5   Thumb Code     6  tasks.o(i.xTaskGetTickCount)
    xTaskIncrementTick                       0x1a00f9c1   Thumb Code   238  tasks.o(i.xTaskIncrementTick)
    xTaskPriorityDisinherit                  0x1a00fadd   Thumb Code   122  tasks.o(i.xTaskPriorityDisinherit)
    xTaskPriorityInherit                     0x1a00fb61   Thumb Code   186  tasks.o(i.xTaskPriorityInherit)
    xTaskRemoveFromEventList                 0x1a00fc29   Thumb Code   108  tasks.o(i.xTaskRemoveFromEventList)
    xTaskResumeAll                           0x1a00fcad   Thumb Code   196  tasks.o(i.xTaskResumeAll)
    _get_lc_numeric                          0x1a00fd95   Thumb Code    44  lc_numeric_c.o(locale$$code)
    _get_lc_ctype                            0x1a00fdc1   Thumb Code    44  lc_ctype_c.o(locale$$code)
    _fp_init                                 0x1a00fded   Thumb Code    10  fpinit.o(x$fpl$fpinit)
    __fplib_config_fpu_vfp                   0x1a00fdf5   Thumb Code     0  fpinit.o(x$fpl$fpinit)
    __fplib_config_pureend_doubles           0x1a00fdf5   Thumb Code     0  fpinit.o(x$fpl$fpinit)
    _printf_fp_dec                           0x1a00fdf7   Thumb Code     4  printf1.o(x$fpl$printf1)
    _printf_fp_hex                           0x1a00fdfb   Thumb Code     4  printf2.o(x$fpl$printf2)
    __I$use$fp                               0x1a00fdfe   Number         0  usenofp.o(x$fpl$usenofp)
    ExtRateIn                                0x1a00fe00   Data           4  sysinit.o(.constdata)
    OscRateIn                                0x1a00fe04   Data           4  sysinit.o(.constdata)
    acInputName                              0x1a00fe6e   Data           5  halcard.o(.constdata)
    m_sRpmCountCfg                           0x1a00fe8c   Data          24  board.o(.constdata)
    USB_DeviceDescriptor                     0x1a010790   Data          18  cdc_desc.o(.constdata)
    USB_DeviceQualifier                      0x1a0107a4   Data          10  cdc_desc.o(.constdata)
    USB_StringDescriptor                     0x1a0107b0   Data          56  cdc_desc.o(.constdata)
    Region$$Table$$Base                      0x1a0109cc   Number         0  anon$$obj.o(Region$$Table)
    Region$$Table$$Limit                     0x1a010a2c   Number         0  anon$$obj.o(Region$$Table)
    __ctype                                  0x1a010a55   Data           0  lc_ctype_c.o(locale$$data)
    USB_HsConfigDescriptor                   0x20000378   Data          76  cdc_desc.o(.data)
    m_sHalCardInfo                           0x20000404   Data          34  halcard.o(.bss)
    m_axCardSemaphoreBuffer                  0x20000428   Data          80  dvcard.o(.bss)
    fpGpioIntRiseCallback                    0x200004f4   Data          32  board_gpio.o(.bss)
    fpGpioIntFallCallback                    0x20000514   Data          32  board_gpio.o(.bss)
    m_axUartSemaphoreBuffer                  0x20000d84   Data         320  board_uart.o(.bss)
    g_rxBuff                                 0x200077a0   Data         256  cdc_main.o(.bss)
    m_xUsbCdcTaskTCB                         0x200078a0   Data          96  cdc_main.o(.bss)
    m_axUsbCdcStack                          0x20007900   Data         512  cdc_main.o(.bss)



==============================================================================

Memory Map of the image

  Image Entry point : 0x1a008315

  Load Region LR_IROM1 (Base: 0x1a008200, Size: 0x00008f0c, Max: 0x00077e00, ABSOLUTE, COMPRESSED[0x00008bd8])

    Execution Region RW_IRAM1 (Exec base: 0x10000000, Load base: 0x1a010b58, Size: 0x00007ff4, Max: 0x00008000, ABSOLUTE)

    Exec Addr    Load Addr    Size         Type   Attr      Idx    E Section Name        Object

    0x10000000   0x1a010b58   0x00000008   Data   RW          927    .data               dvcard.o
    0x10000008   0x1a010b60   0x00000048   Data   RW         1472    .data               board_i2c.o
    0x10000050   0x1a010ba8   0x0000002c   Data   RW         1993    .data               utillog.o
    0x1000007c   0x1a010bd4   0x00000004   Data   RW         2268    .data               utilhost.o
    0x10000080   0x1a010bd8   0x00000014   Data   RW         2674    .data               cdc_main.o
    0x10000094   0x1a010bec   0x00000038   Data   RW         3057    .data               lib_freertos.lib(tasks.o)
    0x100000cc   0x1a010c24   0x00000004   Data   RW         3370    .data               lib_lpc_chip_43xx_m4.lib(chip_18xx_43xx.o)
    0x100000d0   0x1a010c28   0x00000010   Data   RW         4681    .data               lib_freertos.lib(port.o)
    0x100000e0        -       0x00000460   Zero   RW          239    .bss                main.o
    0x10000540        -       0x00000070   Zero   RW          493    .bss                appinputproc.o
    0x100005b0        -       0x00000250   Zero   RW          651    .bss                halinputctrl.o
    0x10000800        -       0x00000040   Zero   RW         1357    .bss                board_uart.o
    0x10000840        -       0x00000200   Zero   RW         1364    .bss                board_uart.o
    0x10000a40        -       0x000000f0   Zero   RW         1471    .bss                board_i2c.o
    0x10000b30        -       0x0000052c   Zero   RW         2093    .bss                utilcounter.o
    0x1000105c        -       0x00000af0   Zero   RW         2182    .bss                utileventhandler.o
    0x10001b4c        -       0x00000060   Zero   RW         4980    .bss                c_w.l(libspace.o)
    0x10001bac   0x1a010c38   0x00006444   PAD
    0x10007ff0        -       0x00000004   Zero   RW          563    .ARM.__AT_0x10007FF0  appiapproc.o


    Execution Region RW_IRAM3 (Exec base: 0x10080000, Load base: 0x1a010c38, Size: 0x00003bb0, Max: 0x0000a000, ABSOLUTE)

    Exec Addr    Load Addr    Size         Type   Attr      Idx    E Section Name        Object

    0x10080000   0x1a010c38   0x00000008   Data   RW          495    .data               appinputproc.o
    0x10080008   0x1a010c40   0x00000028   Data   RW          654    .data               halinputctrl.o
    0x10080030   0x1a010c68   0x00000002   Data   RW          791    .data               halhdmiswitcher.o
    0x10080032   0x1a010c6a   0x00000002   PAD
    0x10080034   0x1a010c6c   0x00000048   Data   RW         1665    .data               board_spi.o
    0x1008007c   0x1a010cb4   0x0000004c   Data   RW         2508    .data               cdc_desc.o
    0x100800c8   0x1a010d00   0x00000008   Data   RW         3634    .data               lib_lpc_chip_43xx_m4.lib(clock_18xx_43xx.o)
    0x100800d0        -       0x00000040   Zero   RW         1359    .bss                board_uart.o
    0x10080110        -       0x00000800   Zero   RW         1360    .bss                board_uart.o
    0x10080910        -       0x00000400   Zero   RW         1362    .bss                board_uart.o
    0x10080d10        -       0x00000100   Zero   RW         1363    .bss                board_uart.o
    0x10080e10        -       0x00000010   Zero   RW         1366    .bss                board_uart.o
    0x10080e20        -       0x00001058   Zero   RW         1470    .bss                board_i2c.o
    0x10081e78        -       0x000000a0   Zero   RW         1662    .bss                board_spi.o
    0x10081f18        -       0x00001140   Zero   RW         1663    .bss                board_spi.o
    0x10083058        -       0x00000030   Zero   RW         1780    .bss                board_timer.o
    0x10083088        -       0x00000150   Zero   RW         1991    .bss                utillog.o
    0x100831d8        -       0x000006c0   Zero   RW         2150    .bss                utiltask.o
    0x10083898        -       0x00000014   Zero   RW         2571    .bss                cdc_vcom.o
    0x100838ac   0x1a010d08   0x00000004   PAD
    0x100838b0        -       0x00000000   Zero   RW          230    HEAP                keil_startup_lpc18xx43xx.o
    0x100838b0        -       0x00000300   Zero   RW          229    STACK               keil_startup_lpc18xx43xx.o


    Execution Region ER_IROM1 (Exec base: 0x1a008200, Load base: 0x1a008200, Size: 0x00008958, Max: 0x00077e00, ABSOLUTE)

    Exec Addr    Load Addr    Size         Type   Attr      Idx    E Section Name        Object

    0x1a008200   0x1a008200   0x00000114   Data   RO          231    RESET               keil_startup_lpc18xx43xx.o
    0x1a008314   0x1a008314   0x00000008   Code   RO         4807  * !!!main             c_w.l(__main.o)
    0x1a00831c   0x1a00831c   0x00000034   Code   RO         5113    !!!scatter          c_w.l(__scatter.o)
    0x1a008350   0x1a008350   0x0000005a   Code   RO         5111    !!dczerorl2         c_w.l(__dczerorl2.o)
    0x1a0083aa   0x1a0083aa   0x00000002   PAD
    0x1a0083ac   0x1a0083ac   0x0000001a   Code   RO         5115    !!handler_copy      c_w.l(__scatter_copy.o)
    0x1a0083c6   0x1a0083c6   0x00000002   PAD
    0x1a0083c8   0x1a0083c8   0x0000001c   Code   RO         5117    !!handler_zi        c_w.l(__scatter_zi.o)
    0x1a0083e4   0x1a0083e4   0x00000000   Code   RO         4792    .ARM.Collect$$_printf_percent$$00000000  c_w.l(_printf_percent.o)
    0x1a0083e4   0x1a0083e4   0x00000006   Code   RO         4863    .ARM.Collect$$_printf_percent$$00000001  c_w.l(_printf_n.o)
    0x1a0083ea   0x1a0083ea   0x00000006   Code   RO         4865    .ARM.Collect$$_printf_percent$$00000002  c_w.l(_printf_p.o)
    0x1a0083f0   0x1a0083f0   0x00000006   Code   RO         4869    .ARM.Collect$$_printf_percent$$00000003  c_w.l(_printf_f.o)
    0x1a0083f6   0x1a0083f6   0x00000006   Code   RO         4870    .ARM.Collect$$_printf_percent$$00000004  c_w.l(_printf_e.o)
    0x1a0083fc   0x1a0083fc   0x00000006   Code   RO         4871    .ARM.Collect$$_printf_percent$$00000005  c_w.l(_printf_g.o)
    0x1a008402   0x1a008402   0x00000006   Code   RO         4872    .ARM.Collect$$_printf_percent$$00000006  c_w.l(_printf_a.o)
    0x1a008408   0x1a008408   0x0000000a   Code   RO         4877    .ARM.Collect$$_printf_percent$$00000007  c_w.l(_printf_ll.o)
    0x1a008412   0x1a008412   0x00000006   Code   RO         4867    .ARM.Collect$$_printf_percent$$00000008  c_w.l(_printf_i.o)
    0x1a008418   0x1a008418   0x00000006   Code   RO         4868    .ARM.Collect$$_printf_percent$$00000009  c_w.l(_printf_d.o)
    0x1a00841e   0x1a00841e   0x00000006   Code   RO         4791    .ARM.Collect$$_printf_percent$$0000000A  c_w.l(_printf_u.o)
    0x1a008424   0x1a008424   0x00000006   Code   RO         4866    .ARM.Collect$$_printf_percent$$0000000B  c_w.l(_printf_o.o)
    0x1a00842a   0x1a00842a   0x00000006   Code   RO         4864    .ARM.Collect$$_printf_percent$$0000000C  c_w.l(_printf_x.o)
    0x1a008430   0x1a008430   0x00000006   Code   RO         4874    .ARM.Collect$$_printf_percent$$0000000D  c_w.l(_printf_lli.o)
    0x1a008436   0x1a008436   0x00000006   Code   RO         4875    .ARM.Collect$$_printf_percent$$0000000E  c_w.l(_printf_lld.o)
    0x1a00843c   0x1a00843c   0x00000006   Code   RO         4876    .ARM.Collect$$_printf_percent$$0000000F  c_w.l(_printf_llu.o)
    0x1a008442   0x1a008442   0x00000006   Code   RO         4881    .ARM.Collect$$_printf_percent$$00000010  c_w.l(_printf_llo.o)
    0x1a008448   0x1a008448   0x00000006   Code   RO         4882    .ARM.Collect$$_printf_percent$$00000011  c_w.l(_printf_llx.o)
    0x1a00844e   0x1a00844e   0x0000000a   Code   RO         4878    .ARM.Collect$$_printf_percent$$00000012  c_w.l(_printf_l.o)
    0x1a008458   0x1a008458   0x00000006   Code   RO         4790    .ARM.Collect$$_printf_percent$$00000013  c_w.l(_printf_c.o)
    0x1a00845e   0x1a00845e   0x00000006   Code   RO         4862    .ARM.Collect$$_printf_percent$$00000014  c_w.l(_printf_s.o)
    0x1a008464   0x1a008464   0x00000006   Code   RO         4879    .ARM.Collect$$_printf_percent$$00000015  c_w.l(_printf_lc.o)
    0x1a00846a   0x1a00846a   0x00000006   Code   RO         4880    .ARM.Collect$$_printf_percent$$00000016  c_w.l(_printf_ls.o)
    0x1a008470   0x1a008470   0x00000004   Code   RO         4873    .ARM.Collect$$_printf_percent$$00000017  c_w.l(_printf_percent_end.o)
    0x1a008474   0x1a008474   0x00000002   Code   RO         4973    .ARM.Collect$$libinit$$00000000  c_w.l(libinit.o)
    0x1a008476   0x1a008476   0x00000004   Code   RO         4995    .ARM.Collect$$libinit$$00000001  c_w.l(libinit2.o)
    0x1a00847a   0x1a00847a   0x00000000   Code   RO         4998    .ARM.Collect$$libinit$$00000004  c_w.l(libinit2.o)
    0x1a00847a   0x1a00847a   0x00000000   Code   RO         5001    .ARM.Collect$$libinit$$0000000A  c_w.l(libinit2.o)
    0x1a00847a   0x1a00847a   0x00000000   Code   RO         5003    .ARM.Collect$$libinit$$0000000C  c_w.l(libinit2.o)
    0x1a00847a   0x1a00847a   0x00000000   Code   RO         5005    .ARM.Collect$$libinit$$0000000E  c_w.l(libinit2.o)
    0x1a00847a   0x1a00847a   0x00000006   Code   RO         5006    .ARM.Collect$$libinit$$0000000F  c_w.l(libinit2.o)
    0x1a008480   0x1a008480   0x00000000   Code   RO         5008    .ARM.Collect$$libinit$$00000011  c_w.l(libinit2.o)
    0x1a008480   0x1a008480   0x0000000c   Code   RO         5009    .ARM.Collect$$libinit$$00000012  c_w.l(libinit2.o)
    0x1a00848c   0x1a00848c   0x00000000   Code   RO         5010    .ARM.Collect$$libinit$$00000013  c_w.l(libinit2.o)
    0x1a00848c   0x1a00848c   0x00000000   Code   RO         5012    .ARM.Collect$$libinit$$00000015  c_w.l(libinit2.o)
    0x1a00848c   0x1a00848c   0x0000000a   Code   RO         5013    .ARM.Collect$$libinit$$00000016  c_w.l(libinit2.o)
    0x1a008496   0x1a008496   0x00000000   Code   RO         5014    .ARM.Collect$$libinit$$00000017  c_w.l(libinit2.o)
    0x1a008496   0x1a008496   0x00000000   Code   RO         5016    .ARM.Collect$$libinit$$00000019  c_w.l(libinit2.o)
    0x1a008496   0x1a008496   0x00000000   Code   RO         5018    .ARM.Collect$$libinit$$0000001B  c_w.l(libinit2.o)
    0x1a008496   0x1a008496   0x00000000   Code   RO         5020    .ARM.Collect$$libinit$$0000001D  c_w.l(libinit2.o)
    0x1a008496   0x1a008496   0x00000000   Code   RO         5022    .ARM.Collect$$libinit$$0000001F  c_w.l(libinit2.o)
    0x1a008496   0x1a008496   0x00000000   Code   RO         5024    .ARM.Collect$$libinit$$00000021  c_w.l(libinit2.o)
    0x1a008496   0x1a008496   0x00000000   Code   RO         5026    .ARM.Collect$$libinit$$00000023  c_w.l(libinit2.o)
    0x1a008496   0x1a008496   0x00000000   Code   RO         5028    .ARM.Collect$$libinit$$00000025  c_w.l(libinit2.o)
    0x1a008496   0x1a008496   0x00000000   Code   RO         5032    .ARM.Collect$$libinit$$0000002C  c_w.l(libinit2.o)
    0x1a008496   0x1a008496   0x00000000   Code   RO         5034    .ARM.Collect$$libinit$$0000002E  c_w.l(libinit2.o)
    0x1a008496   0x1a008496   0x00000000   Code   RO         5036    .ARM.Collect$$libinit$$00000030  c_w.l(libinit2.o)
    0x1a008496   0x1a008496   0x00000000   Code   RO         5038    .ARM.Collect$$libinit$$00000032  c_w.l(libinit2.o)
    0x1a008496   0x1a008496   0x00000002   Code   RO         5039    .ARM.Collect$$libinit$$00000033  c_w.l(libinit2.o)
    0x1a008498   0x1a008498   0x00000002   Code   RO         5065    .ARM.Collect$$libshutdown$$00000000  c_w.l(libshutdown.o)
    0x1a00849a   0x1a00849a   0x00000000   Code   RO         5094    .ARM.Collect$$libshutdown$$00000002  c_w.l(libshutdown2.o)
    0x1a00849a   0x1a00849a   0x00000000   Code   RO         5096    .ARM.Collect$$libshutdown$$00000004  c_w.l(libshutdown2.o)
    0x1a00849a   0x1a00849a   0x00000000   Code   RO         5099    .ARM.Collect$$libshutdown$$00000007  c_w.l(libshutdown2.o)
    0x1a00849a   0x1a00849a   0x00000000   Code   RO         5102    .ARM.Collect$$libshutdown$$0000000A  c_w.l(libshutdown2.o)
    0x1a00849a   0x1a00849a   0x00000000   Code   RO         5104    .ARM.Collect$$libshutdown$$0000000C  c_w.l(libshutdown2.o)
    0x1a00849a   0x1a00849a   0x00000000   Code   RO         5107    .ARM.Collect$$libshutdown$$0000000F  c_w.l(libshutdown2.o)
    0x1a00849a   0x1a00849a   0x00000002   Code   RO         5108    .ARM.Collect$$libshutdown$$00000010  c_w.l(libshutdown2.o)
    0x1a00849c   0x1a00849c   0x00000000   Code   RO         4809    .ARM.Collect$$rtentry$$00000000  c_w.l(__rtentry.o)
    0x1a00849c   0x1a00849c   0x00000000   Code   RO         4894    .ARM.Collect$$rtentry$$00000002  c_w.l(__rtentry2.o)
    0x1a00849c   0x1a00849c   0x00000006   Code   RO         4906    .ARM.Collect$$rtentry$$00000004  c_w.l(__rtentry4.o)
    0x1a0084a2   0x1a0084a2   0x00000000   Code   RO         4896    .ARM.Collect$$rtentry$$00000009  c_w.l(__rtentry2.o)
    0x1a0084a2   0x1a0084a2   0x00000004   Code   RO         4897    .ARM.Collect$$rtentry$$0000000A  c_w.l(__rtentry2.o)
    0x1a0084a6   0x1a0084a6   0x00000000   Code   RO         4899    .ARM.Collect$$rtentry$$0000000C  c_w.l(__rtentry2.o)
    0x1a0084a6   0x1a0084a6   0x00000008   Code   RO         4900    .ARM.Collect$$rtentry$$0000000D  c_w.l(__rtentry2.o)
    0x1a0084ae   0x1a0084ae   0x00000002   Code   RO         4982    .ARM.Collect$$rtexit$$00000000  c_w.l(rtexit.o)
    0x1a0084b0   0x1a0084b0   0x00000000   Code   RO         5041    .ARM.Collect$$rtexit$$00000002  c_w.l(rtexit2.o)
    0x1a0084b0   0x1a0084b0   0x00000004   Code   RO         5042    .ARM.Collect$$rtexit$$00000003  c_w.l(rtexit2.o)
    0x1a0084b4   0x1a0084b4   0x00000006   Code   RO         5043    .ARM.Collect$$rtexit$$00000004  c_w.l(rtexit2.o)
    0x1a0084ba   0x1a0084ba   0x00000002   PAD
    0x1a0084bc   0x1a0084bc   0x000000be   Code   RO         4671    .emb_text           lib_freertos.lib(port.o)
    0x1a00857a   0x1a00857a   0x00000002   PAD
    0x1a00857c   0x1a00857c   0x00000040   Code   RO          232    .text               keil_startup_lpc18xx43xx.o
    0x1a0085bc   0x1a0085bc   0x000000ee   Code   RO         4756    .text               c_w.l(lludivv7m.o)
    0x1a0086aa   0x1a0086aa   0x00000002   PAD
    0x1a0086ac   0x1a0086ac   0x00000034   Code   RO         4758    .text               c_w.l(vsnprintf.o)
    0x1a0086e0   0x1a0086e0   0x00000052   Code   RO         4766    .text               c_w.l(_printf_str.o)
    0x1a008732   0x1a008732   0x00000002   PAD
    0x1a008734   0x1a008734   0x00000078   Code   RO         4768    .text               c_w.l(_printf_dec.o)
    0x1a0087ac   0x1a0087ac   0x00000188   Code   RO         4787    .text               c_w.l(__printf_flags_ss_wp.o)
    0x1a008934   0x1a008934   0x0000003e   Code   RO         4795    .text               c_w.l(strlen.o)
    0x1a008972   0x1a008972   0x0000008a   Code   RO         4797    .text               c_w.l(rt_memcpy_v6.o)
    0x1a0089fc   0x1a0089fc   0x00000010   Code   RO         4799    .text               c_w.l(aeabi_memset.o)
    0x1a008a0c   0x1a008a0c   0x00000044   Code   RO         4801    .text               c_w.l(rt_memclr.o)
    0x1a008a50   0x1a008a50   0x0000004e   Code   RO         4803    .text               c_w.l(rt_memclr_w.o)
    0x1a008a9e   0x1a008a9e   0x00000006   Code   RO         4805    .text               c_w.l(heapauxi.o)
    0x1a008aa4   0x1a008aa4   0x0000004e   Code   RO         4814    .text               c_w.l(_printf_pad.o)
    0x1a008af2   0x1a008af2   0x00000024   Code   RO         4816    .text               c_w.l(_printf_truncate.o)
    0x1a008b16   0x1a008b16   0x000000b2   Code   RO         4818    .text               c_w.l(_printf_intcommon.o)
    0x1a008bc8   0x1a008bc8   0x00000028   Code   RO         4820    .text               c_w.l(_printf_charcount.o)
    0x1a008bf0   0x1a008bf0   0x00000030   Code   RO         4822    .text               c_w.l(_printf_char_common.o)
    0x1a008c20   0x1a008c20   0x0000000a   Code   RO         4824    .text               c_w.l(_sputc.o)
    0x1a008c2a   0x1a008c2a   0x00000010   Code   RO         4826    .text               c_w.l(_snputc.o)
    0x1a008c3a   0x1a008c3a   0x0000002c   Code   RO         4828    .text               c_w.l(_printf_char.o)
    0x1a008c66   0x1a008c66   0x00000002   PAD
    0x1a008c68   0x1a008c68   0x000000bc   Code   RO         4830    .text               c_w.l(_printf_wctomb.o)
    0x1a008d24   0x1a008d24   0x0000007c   Code   RO         4833    .text               c_w.l(_printf_longlong_dec.o)
    0x1a008da0   0x1a008da0   0x00000070   Code   RO         4839    .text               c_w.l(_printf_oct_int_ll.o)
    0x1a008e10   0x1a008e10   0x00000094   Code   RO         4859    .text               c_w.l(_printf_hex_int_ll_ptr.o)
    0x1a008ea4   0x1a008ea4   0x00000064   Code   RO         4883    .text               c_w.l(rt_memcpy_w.o)
    0x1a008f08   0x1a008f08   0x0000008a   Code   RO         4910    .text               c_w.l(lludiv10.o)
    0x1a008f92   0x1a008f92   0x0000041e   Code   RO         4912    .text               c_w.l(_printf_fp_dec.o)
    0x1a0093b0   0x1a0093b0   0x000002fc   Code   RO         4914    .text               c_w.l(_printf_fp_hex.o)
    0x1a0096ac   0x1a0096ac   0x0000002c   Code   RO         4919    .text               c_w.l(_printf_wchar.o)
    0x1a0096d8   0x1a0096d8   0x00000040   Code   RO         4921    .text               c_w.l(_wcrtomb.o)
    0x1a009718   0x1a009718   0x0000004a   Code   RO         4923    .text               c_w.l(sys_stackheap_outer.o)
    0x1a009762   0x1a009762   0x00000002   PAD
    0x1a009764   0x1a009764   0x00000010   Code   RO         4925    .text               c_w.l(rt_ctype_table.o)
    0x1a009774   0x1a009774   0x00000008   Code   RO         4930    .text               c_w.l(rt_locale_intlibspace.o)
    0x1a00977c   0x1a00977c   0x00000080   Code   RO         4932    .text               c_w.l(_printf_fp_infnan.o)
    0x1a0097fc   0x1a0097fc   0x000000e4   Code   RO         4934    .text               c_w.l(bigflt0.o)
    0x1a0098e0   0x1a0098e0   0x00000012   Code   RO         4962    .text               c_w.l(exit.o)
    0x1a0098f2   0x1a0098f2   0x00000002   PAD
    0x1a0098f4   0x1a0098f4   0x00000008   Code   RO         4979    .text               c_w.l(libspace.o)
    0x1a0098fc   0x1a0098fc   0x00000080   Code   RO         4993    .text               c_w.l(strcmpv7m.o)
    0x1a00997c   0x1a00997c   0x0000003e   Code   RO         4937    CL$$btod_d2e        c_w.l(btod.o)
    0x1a0099ba   0x1a0099ba   0x00000046   Code   RO         4939    CL$$btod_d2e_denorm_low  c_w.l(btod.o)
    0x1a009a00   0x1a009a00   0x00000060   Code   RO         4938    CL$$btod_d2e_norm_op1  c_w.l(btod.o)
    0x1a009a60   0x1a009a60   0x00000338   Code   RO         4947    CL$$btod_div_common  c_w.l(btod.o)
    0x1a009d98   0x1a009d98   0x000000dc   Code   RO         4944    CL$$btod_e2e        c_w.l(btod.o)
    0x1a009e74   0x1a009e74   0x0000002a   Code   RO         4941    CL$$btod_ediv       c_w.l(btod.o)
    0x1a009e9e   0x1a009e9e   0x0000002a   Code   RO         4940    CL$$btod_emul       c_w.l(btod.o)
    0x1a009ec8   0x1a009ec8   0x00000244   Code   RO         4946    CL$$btod_mult_common  c_w.l(btod.o)
    0x1a00a10c   0x1a00a10c   0x0000004c   Code   RO         1029    i.Board_Goto_BL_DeInit  board.o
    0x1a00a158   0x1a00a158   0x00000054   Code   RO         1098    i.Board_GpioInt_DeInit  board_gpio.o
    0x1a00a1ac   0x1a00a1ac   0x00000070   Code   RO         1106    i.Board_Gpio_Get    board_gpio.o
    0x1a00a21c   0x1a00a21c   0x00000258   Code   RO         1107    i.Board_Gpio_Gima_PinMux  board_gpio.o
    0x1a00a474   0x1a00a474   0x00000030   Code   RO         1108    i.Board_Gpio_Init   board_gpio.o
    0x1a00a4a4   0x1a00a4a4   0x00000084   Code   RO         1110    i.Board_Gpio_PinMux  board_gpio.o
    0x1a00a528   0x1a00a528   0x00000080   Code   RO         1113    i.Board_Gpio_Set    board_gpio.o
    0x1a00a5a8   0x1a00a5a8   0x0000007c   Code   RO         1454    i.Board_I2C_DeInit  board_i2c.o
    0x1a00a624   0x1a00a624   0x0000001c   Code   RO         1456    i.Board_I2C_Enable_SlaveMode  board_i2c.o
    0x1a00a640   0x1a00a640   0x000000cc   Code   RO         1457    i.Board_I2C_Init    board_i2c.o
    0x1a00a70c   0x1a00a70c   0x00000098   Code   RO         1460    i.Board_I2C_SlaveAdd_Set  board_i2c.o
    0x1a00a7a4   0x1a00a7a4   0x0000007c   Code   RO         1461    i.Board_I2C_SlaveStateHandler  board_i2c.o
    0x1a00a820   0x1a00a820   0x00000050   Code   RO         1030    i.Board_Init        board.o
    0x1a00a870   0x1a00a870   0x0000002c   Code   RO         1648    i.Board_SSP_DeInit  board_spi.o
    0x1a00a89c   0x1a00a89c   0x00000144   Code   RO         1649    i.Board_SSP_IRQ_Handler  board_spi.o
    0x1a00a9e0   0x1a00a9e0   0x0000010c   Code   RO         1650    i.Board_SSP_Init    board_spi.o
    0x1a00aaec   0x1a00aaec   0x0000006c   Code   RO         1652    i.Board_SSP_Master_Read  board_spi.o
    0x1a00ab58   0x1a00ab58   0x0000006c   Code   RO         1653    i.Board_SSP_Master_Write  board_spi.o
    0x1a00abc4   0x1a00abc4   0x0000006c   Code   RO         1654    i.Board_SSP_Slave_Read  board_spi.o
    0x1a00ac30   0x1a00ac30   0x000000c4   Code   RO         1656    i.Board_SSP_Slave_Write  board_spi.o
    0x1a00acf4   0x1a00acf4   0x0000002c   Code   RO         1756    i.Board_Timer_DeInit  board_timer.o
    0x1a00ad20   0x1a00ad20   0x00000304   Code   RO         1757    i.Board_Timer_Init  board_timer.o
    0x1a00b024   0x1a00b024   0x00000024   Code   RO         1759    i.Board_Timer_RGU_Reset  board_timer.o
    0x1a00b048   0x1a00b048   0x0000000c   Code   RO         1761    i.Board_Timer_Register_Callback  board_timer.o
    0x1a00b054   0x1a00b054   0x00000040   Code   RO         1345    i.Board_Uart_DeInit  board_uart.o
    0x1a00b094   0x1a00b094   0x000000bc   Code   RO         1346    i.Board_Uart_IRQHandler  board_uart.o
    0x1a00b150   0x1a00b150   0x00000100   Code   RO         1347    i.Board_Uart_Init   board_uart.o
    0x1a00b250   0x1a00b250   0x0000004c   Code   RO         1349    i.Board_Uart_Read   board_uart.o
    0x1a00b29c   0x1a00b29c   0x000000c8   Code   RO         1352    i.Board_Uart_Write  board_uart.o
    0x1a00b364   0x1a00b364   0x00000088   Code   RO         2560    i.CDC_ep0_override_hdlr  cdc_vcom.o
    0x1a00b3ec   0x1a00b3ec   0x0000002c   Code   RO         3601    i.Chip_Clock_Disable  lib_lpc_chip_43xx_m4.lib(clock_18xx_43xx.o)
    0x1a00b418   0x1a00b418   0x0000002c   Code   RO         3606    i.Chip_Clock_Enable  lib_lpc_chip_43xx_m4.lib(clock_18xx_43xx.o)
    0x1a00b444   0x1a00b444   0x00000018   Code   RO         3607    i.Chip_Clock_EnableBaseClock  lib_lpc_chip_43xx_m4.lib(clock_18xx_43xx.o)
    0x1a00b45c   0x1a00b45c   0x00000034   Code   RO         3610    i.Chip_Clock_EnableOpts  lib_lpc_chip_43xx_m4.lib(clock_18xx_43xx.o)
    0x1a00b490   0x1a00b490   0x00000014   Code   RO         3611    i.Chip_Clock_EnablePLL  lib_lpc_chip_43xx_m4.lib(clock_18xx_43xx.o)
    0x1a00b4a4   0x1a00b4a4   0x00000020   Code   RO         3612    i.Chip_Clock_GetBaseClock  lib_lpc_chip_43xx_m4.lib(clock_18xx_43xx.o)
    0x1a00b4c4   0x1a00b4c4   0x0000000e   Code   RO         3614    i.Chip_Clock_GetBaseClocktHz  lib_lpc_chip_43xx_m4.lib(clock_18xx_43xx.o)
    0x1a00b4d2   0x1a00b4d2   0x00000002   PAD
    0x1a00b4d4   0x1a00b4d4   0x000000a0   Code   RO         3615    i.Chip_Clock_GetClockInputHz  lib_lpc_chip_43xx_m4.lib(clock_18xx_43xx.o)
    0x1a00b574   0x1a00b574   0x00000022   Code   RO         3616    i.Chip_Clock_GetDivRate  lib_lpc_chip_43xx_m4.lib(clock_18xx_43xx.o)
    0x1a00b596   0x1a00b596   0x00000002   PAD
    0x1a00b598   0x1a00b598   0x00000020   Code   RO         3617    i.Chip_Clock_GetDividerDivisor  lib_lpc_chip_43xx_m4.lib(clock_18xx_43xx.o)
    0x1a00b5b8   0x1a00b5b8   0x0000001c   Code   RO         3618    i.Chip_Clock_GetDividerSource  lib_lpc_chip_43xx_m4.lib(clock_18xx_43xx.o)
    0x1a00b5d4   0x1a00b5d4   0x0000005c   Code   RO         3620    i.Chip_Clock_GetMainPLLHz  lib_lpc_chip_43xx_m4.lib(clock_18xx_43xx.o)
    0x1a00b630   0x1a00b630   0x00000010   Code   RO         3621    i.Chip_Clock_GetPLLStatus  lib_lpc_chip_43xx_m4.lib(clock_18xx_43xx.o)
    0x1a00b640   0x1a00b640   0x00000078   Code   RO         3622    i.Chip_Clock_GetRate  lib_lpc_chip_43xx_m4.lib(clock_18xx_43xx.o)
    0x1a00b6b8   0x1a00b6b8   0x00000038   Code   RO         3626    i.Chip_Clock_SetBaseClock  lib_lpc_chip_43xx_m4.lib(clock_18xx_43xx.o)
    0x1a00b6f0   0x1a00b6f0   0x00000034   Code   RO         3630    i.Chip_Clock_SetupPLL  lib_lpc_chip_43xx_m4.lib(clock_18xx_43xx.o)
    0x1a00b724   0x1a00b724   0x0000001a   Code   RO         3923    i.Chip_GPIO_SetPinDIR  lib_lpc_chip_43xx_m4.lib(gpio_18xx_43xx.o)
    0x1a00b73e   0x1a00b73e   0x00000012   Code   RO         4130    i.Chip_I2CM_DeInit  lib_lpc_chip_43xx_m4.lib(i2cm_18xx_43xx.o)
    0x1a00b750   0x1a00b750   0x00000012   Code   RO         4131    i.Chip_I2CM_Init    lib_lpc_chip_43xx_m4.lib(i2cm_18xx_43xx.o)
    0x1a00b762   0x1a00b762   0x00000022   Code   RO         4133    i.Chip_I2CM_SetBusSpeed  lib_lpc_chip_43xx_m4.lib(i2cm_18xx_43xx.o)
    0x1a00b784   0x1a00b784   0x000000e2   Code   RO         4137    i.Chip_I2CM_XferHandler  lib_lpc_chip_43xx_m4.lib(i2cm_18xx_43xx.o)
    0x1a00b866   0x1a00b866   0x00000002   PAD
    0x1a00b868   0x1a00b868   0x00000020   Code   RO         3975    i.Chip_I2C_EventHandler  lib_lpc_chip_43xx_m4.lib(i2c_18xx_43xx.o)
    0x1a00b888   0x1a00b888   0x00000024   Code   RO         3988    i.Chip_I2C_SetMasterEventHandler  lib_lpc_chip_43xx_m4.lib(i2c_18xx_43xx.o)
    0x1a00b8ac   0x1a00b8ac   0x00000020   Code   RO         4201    i.Chip_RGU_InReset  lib_lpc_chip_43xx_m4.lib(rgu_18xx_43xx.o)
    0x1a00b8cc   0x1a00b8cc   0x00000018   Code   RO         4202    i.Chip_RGU_TriggerReset  lib_lpc_chip_43xx_m4.lib(rgu_18xx_43xx.o)
    0x1a00b8e4   0x1a00b8e4   0x00000016   Code   RO         4252    i.Chip_SSP_DeInit   lib_lpc_chip_43xx_m4.lib(ssp_18xx_43xx.o)
    0x1a00b8fa   0x1a00b8fa   0x00000002   PAD
    0x1a00b8fc   0x1a00b8fc   0x00000014   Code   RO         4253    i.Chip_SSP_GetClockIndex  lib_lpc_chip_43xx_m4.lib(ssp_18xx_43xx.o)
    0x1a00b910   0x1a00b910   0x0000000a   Code   RO         1658    i.Chip_SSP_GetRawIntStatus  board_spi.o
    0x1a00b91a   0x1a00b91a   0x0000000a   Code   RO         4254    i.Chip_SSP_GetRawIntStatus  lib_lpc_chip_43xx_m4.lib(ssp_18xx_43xx.o)
    0x1a00b924   0x1a00b924   0x0000000a   Code   RO         1659    i.Chip_SSP_GetStatus  board_spi.o
    0x1a00b92e   0x1a00b92e   0x0000000a   Code   RO         4255    i.Chip_SSP_GetStatus  lib_lpc_chip_43xx_m4.lib(ssp_18xx_43xx.o)
    0x1a00b938   0x1a00b938   0x00000030   Code   RO         4256    i.Chip_SSP_Init     lib_lpc_chip_43xx_m4.lib(ssp_18xx_43xx.o)
    0x1a00b968   0x1a00b968   0x000000c6   Code   RO         4261    i.Chip_SSP_ReadFrames_Blocking  lib_lpc_chip_43xx_m4.lib(ssp_18xx_43xx.o)
    0x1a00ba2e   0x1a00ba2e   0x0000003c   Code   RO         4262    i.Chip_SSP_SetBitRate  lib_lpc_chip_43xx_m4.lib(ssp_18xx_43xx.o)
    0x1a00ba6a   0x1a00ba6a   0x00000012   Code   RO         4263    i.Chip_SSP_SetClockRate  lib_lpc_chip_43xx_m4.lib(ssp_18xx_43xx.o)
    0x1a00ba7c   0x1a00ba7c   0x000000b8   Code   RO         4265    i.Chip_SSP_WriteFrames_Blocking  lib_lpc_chip_43xx_m4.lib(ssp_18xx_43xx.o)
    0x1a00bb34   0x1a00bb34   0x00000012   Code   RO         1766    i.Chip_TIMER_CaptureFallingEdgeDisable  board_timer.o
    0x1a00bb46   0x1a00bb46   0x00000012   Code   RO         1767    i.Chip_TIMER_CaptureFallingEdgeEnable  board_timer.o
    0x1a00bb58   0x1a00bb58   0x00000014   Code   RO         1768    i.Chip_TIMER_CapturePending  board_timer.o
    0x1a00bb6c   0x1a00bb6c   0x00000010   Code   RO         1769    i.Chip_TIMER_CaptureRisingEdgeDisable  board_timer.o
    0x1a00bb7c   0x1a00bb7c   0x00000010   Code   RO         1770    i.Chip_TIMER_CaptureRisingEdgeEnable  board_timer.o
    0x1a00bb8c   0x1a00bb8c   0x0000000e   Code   RO         4370    i.Chip_TIMER_DeInit  lib_lpc_chip_43xx_m4.lib(timer_18xx_43xx.o)
    0x1a00bb9a   0x1a00bb9a   0x00000024   Code   RO         4371    i.Chip_TIMER_ExtMatchControlSet  lib_lpc_chip_43xx_m4.lib(timer_18xx_43xx.o)
    0x1a00bbbe   0x1a00bbbe   0x00000002   PAD
    0x1a00bbc0   0x1a00bbc0   0x00000030   Code   RO         4372    i.Chip_TIMER_GetClockIndex  lib_lpc_chip_43xx_m4.lib(timer_18xx_43xx.o)
    0x1a00bbf0   0x1a00bbf0   0x0000000e   Code   RO         4373    i.Chip_TIMER_Init   lib_lpc_chip_43xx_m4.lib(timer_18xx_43xx.o)
    0x1a00bbfe   0x1a00bbfe   0x00000010   Code   RO         1771    i.Chip_TIMER_MatchEnableInt  board_timer.o
    0x1a00bc0e   0x1a00bc0e   0x00000012   Code   RO         1772    i.Chip_TIMER_MatchPending  board_timer.o
    0x1a00bc20   0x1a00bc20   0x00000018   Code   RO         4374    i.Chip_TIMER_Reset  lib_lpc_chip_43xx_m4.lib(timer_18xx_43xx.o)
    0x1a00bc38   0x1a00bc38   0x00000012   Code   RO         1773    i.Chip_TIMER_ResetOnMatchEnable  board_timer.o
    0x1a00bc4a   0x1a00bc4a   0x00000002   PAD
    0x1a00bc4c   0x1a00bc4c   0x0000003c   Code   RO         4414    i.Chip_UART_ABIntHandler  lib_lpc_chip_43xx_m4.lib(uart_18xx_43xx.o)
    0x1a00bc88   0x1a00bc88   0x0000001c   Code   RO         4416    i.Chip_UART_DeInit  lib_lpc_chip_43xx_m4.lib(uart_18xx_43xx.o)
    0x1a00bca4   0x1a00bca4   0x0000002c   Code   RO         4418    i.Chip_UART_GetIndex  lib_lpc_chip_43xx_m4.lib(uart_18xx_43xx.o)
    0x1a00bcd0   0x1a00bcd0   0x0000004c   Code   RO         4420    i.Chip_UART_Init    lib_lpc_chip_43xx_m4.lib(uart_18xx_43xx.o)
    0x1a00bd1c   0x1a00bd1c   0x000000cc   Code   RO         4429    i.Chip_UART_SetBaudFDR  lib_lpc_chip_43xx_m4.lib(uart_18xx_43xx.o)
    0x1a00bde8   0x1a00bde8   0x00000034   Code   RO         3365    i.Chip_USB0_Init    lib_lpc_chip_43xx_m4.lib(chip_18xx_43xx.o)
    0x1a00be1c   0x1a00be1c   0x00000034   Code   RO         3367    i.Chip_USB_PllSetup  lib_lpc_chip_43xx_m4.lib(chip_18xx_43xx.o)
    0x1a00be50   0x1a00be50   0x00000002   Code   RO         1925    i.DMA_IRQHandler    board_gpdma.o
    0x1a00be52   0x1a00be52   0x00000002   PAD
    0x1a00be54   0x1a00be54   0x0000002c   Code   RO         2668    i.EP0_patch         cdc_main.o
    0x1a00be80   0x1a00be80   0x00000006   Code   RO         1119    i.GPIO0_IRQHandler  board_gpio.o
    0x1a00be86   0x1a00be86   0x00000006   Code   RO         1120    i.GPIO1_IRQHandler  board_gpio.o
    0x1a00be8c   0x1a00be8c   0x00000006   Code   RO         1121    i.GPIO2_IRQHandler  board_gpio.o
    0x1a00be92   0x1a00be92   0x00000006   Code   RO         1122    i.GPIO3_IRQHandler  board_gpio.o
    0x1a00be98   0x1a00be98   0x00000006   Code   RO         1123    i.GPIO4_IRQHandler  board_gpio.o
    0x1a00be9e   0x1a00be9e   0x00000006   Code   RO         1124    i.GPIO5_IRQHandler  board_gpio.o
    0x1a00bea4   0x1a00bea4   0x00000006   Code   RO         1125    i.GPIO6_IRQHandler  board_gpio.o
    0x1a00beaa   0x1a00beaa   0x00000006   Code   RO         1126    i.GPIO7_IRQHandler  board_gpio.o
    0x1a00beb0   0x1a00beb0   0x00000058   Code   RO         1127    i.GPIO_Interrupt_Handler  board_gpio.o
    0x1a00bf08   0x1a00bf08   0x00000024   Code   RO         1465    i.I2C0_IRQHandler   board_i2c.o
    0x1a00bf2c   0x1a00bf2c   0x00000024   Code   RO         1466    i.I2C1_IRQHandler   board_i2c.o
    0x1a00bf50   0x1a00bf50   0x00000016   Code   RO         1128    i.NVIC_ClearPendingIRQ  board_gpio.o
    0x1a00bf66   0x1a00bf66   0x00000016   Code   RO         1467    i.NVIC_ClearPendingIRQ  board_i2c.o
    0x1a00bf7c   0x1a00bf7c   0x00000016   Code   RO         1774    i.NVIC_ClearPendingIRQ  board_timer.o
    0x1a00bf92   0x1a00bf92   0x00000016   Code   RO         2561    i.NVIC_DisableIRQ   cdc_vcom.o
    0x1a00bfa8   0x1a00bfa8   0x00000016   Code   RO         1468    i.NVIC_EnableIRQ    board_i2c.o
    0x1a00bfbe   0x1a00bfbe   0x00000016   Code   RO         2562    i.NVIC_EnableIRQ    cdc_vcom.o
    0x1a00bfd4   0x1a00bfd4   0x00000020   Code   RO         1469    i.NVIC_SetPriority  board_i2c.o
    0x1a00bff4   0x1a00bff4   0x00000010   Code   RO         4571    i.RingBuffer_Init   lib_lpc_chip_43xx_m4.lib(ring_buffer.o)
    0x1a00c004   0x1a00c004   0x00000030   Code   RO         4572    i.RingBuffer_Insert  lib_lpc_chip_43xx_m4.lib(ring_buffer.o)
    0x1a00c034   0x1a00c034   0x00000010   Code   RO         4574    i.RingBuffer_IsEmpty  lib_lpc_chip_43xx_m4.lib(ring_buffer.o)
    0x1a00c044   0x1a00c044   0x00000014   Code   RO         4575    i.RingBuffer_IsFull  lib_lpc_chip_43xx_m4.lib(ring_buffer.o)
    0x1a00c058   0x1a00c058   0x00000030   Code   RO         4576    i.RingBuffer_Pop    lib_lpc_chip_43xx_m4.lib(ring_buffer.o)
    0x1a00c088   0x1a00c088   0x00000006   Code   RO         1660    i.SSP0_IRQHandler   board_spi.o
    0x1a00c08e   0x1a00c08e   0x00000006   Code   RO         1661    i.SSP1_IRQHandler   board_spi.o
    0x1a00c094   0x1a00c094   0x00000034   Code   RO         4672    i.SysTick_Handler   lib_freertos.lib(port.o)
    0x1a00c0c8   0x1a00c0c8   0x00000014   Code   RO         3368    i.SystemCoreClockUpdate  lib_lpc_chip_43xx_m4.lib(chip_18xx_43xx.o)
    0x1a00c0dc   0x1a00c0dc   0x00000018   Code   RO            3    i.SystemInit        sysinit.o
    0x1a00c0f4   0x1a00c0f4   0x00000006   Code   RO         1775    i.TIMER0_IRQHandler  board_timer.o
    0x1a00c0fa   0x1a00c0fa   0x00000006   Code   RO         1776    i.TIMER1_IRQHandler  board_timer.o
    0x1a00c100   0x1a00c100   0x00000006   Code   RO         1777    i.TIMER2_IRQHandler  board_timer.o
    0x1a00c106   0x1a00c106   0x00000006   Code   RO         1778    i.TIMER3_IRQHandler  board_timer.o
    0x1a00c10c   0x1a00c10c   0x00000140   Code   RO         1779    i.TIMER_IRQHandler  board_timer.o
    0x1a00c24c   0x1a00c24c   0x00000014   Code   RO         1353    i.UART0_IRQHandler  board_uart.o
    0x1a00c260   0x1a00c260   0x00000014   Code   RO         1354    i.UART1_IRQHandler  board_uart.o
    0x1a00c274   0x1a00c274   0x00000014   Code   RO         1355    i.UART2_IRQHandler  board_uart.o
    0x1a00c288   0x1a00c288   0x00000014   Code   RO         1356    i.UART3_IRQHandler  board_uart.o
    0x1a00c29c   0x1a00c29c   0x00000010   Code   RO         2669    i.USB0_IRQHandler   cdc_main.o
    0x1a00c2ac   0x1a00c2ac   0x00000044   Code   RO         2670    i.USB_CDC_Init      cdc_main.o
    0x1a00c2f0   0x1a00c2f0   0x00000010   Code   RO         2563    i.VCOM_SetLineCode  cdc_vcom.o
    0x1a00c300   0x1a00c300   0x00000010   Code   RO         2564    i.VCOM_bulk_in_hdlr  cdc_vcom.o
    0x1a00c310   0x1a00c310   0x00000074   Code   RO         2565    i.VCOM_bulk_out_hdlr  cdc_vcom.o
    0x1a00c384   0x1a00c384   0x00000030   Code   RO         4977    i.__ARM_fpclassify  m_wm.l(fpclassify.o)
    0x1a00c3b4   0x1a00c3b4   0x00000018   Code   RO         2438    i.__user_heap_extend  freertoscommonhooks.o
    0x1a00c3cc   0x1a00c3cc   0x0000000e   Code   RO         4780    i._is_digit         c_w.l(__printf_wp.o)
    0x1a00c3da   0x1a00c3da   0x00000004   Code   RO         1981    i._sys_exit         utillog.o
    0x1a00c3de   0x1a00c3de   0x00000004   Code   RO          609    i.appHdmiSwitcher_Init  apphdmiswitcher.o
    0x1a00c3e2   0x1a00c3e2   0x0000000c   Code   RO          610    i.appHdmiSwitcher_Switch_Input  apphdmiswitcher.o
    0x1a00c3ee   0x1a00c3ee   0x00000002   PAD
    0x1a00c3f0   0x1a00c3f0   0x00000064   Code   RO          562    i.appIapProc_Run_BootCode_Set  appiapproc.o
    0x1a00c454   0x1a00c454   0x00000040   Code   RO          489    i.appInputProc_BufferInsert  appinputproc.o
    0x1a00c494   0x1a00c494   0x00000068   Code   RO          491    i.appInputProc_Init  appinputproc.o
    0x1a00c4fc   0x1a00c4fc   0x000000c4   Code   RO          492    i.appInputProc_Process  appinputproc.o
    0x1a00c5c0   0x1a00c5c0   0x000000ec   Code   RO          387    i.appMain_Task      appsysmon.o
    0x1a00c6ac   0x1a00c6ac   0x0000000c   Code   RO          388    i.appSysProc_Card_Power_Get  appsysmon.o
    0x1a00c6b8   0x1a00c6b8   0x00000054   Code   RO          389    i.appSysProc_Card_Power_Set  appsysmon.o
    0x1a00c70c   0x1a00c70c   0x0000000c   Code   RO          390    i.appSysProc_Card_Power_Status_Get  appsysmon.o
    0x1a00c718   0x1a00c718   0x0000000c   Code   RO          391    i.appSysProc_Card_Present_Get  appsysmon.o
    0x1a00c724   0x1a00c724   0x00000018   Code   RO          392    i.appSysProc_Init   appsysmon.o
    0x1a00c73c   0x1a00c73c   0x000000c0   Code   RO          393    i.appSysProc_Process  appsysmon.o
    0x1a00c7fc   0x1a00c7fc   0x0000000c   Code   RO          394    i.appSysProc_State_Get  appsysmon.o
    0x1a00c808   0x1a00c808   0x00000044   Code   RO          395    i.appSysProc_State_Set  appsysmon.o
    0x1a00c84c   0x1a00c84c   0x00000044   Code   RO          909    i.dvCard_Audio_Info_Get  dvcard.o
    0x1a00c890   0x1a00c890   0x00000144   Code   RO          910    i.dvCard_Command_Read  dvcard.o
    0x1a00c9d4   0x1a00c9d4   0x00000144   Code   RO          911    i.dvCard_Command_Write  dvcard.o
    0x1a00cb18   0x1a00cb18   0x0000000a   Code   RO          912    i.dvCard_Device_Read  dvcard.o
    0x1a00cb22   0x1a00cb22   0x0000000a   Code   RO          913    i.dvCard_Device_Write  dvcard.o
    0x1a00cb2c   0x1a00cb2c   0x00000038   Code   RO          914    i.dvCard_Initial    dvcard.o
    0x1a00cb64   0x1a00cb64   0x00000044   Code   RO          915    i.dvCard_Input_Port_Set  dvcard.o
    0x1a00cba8   0x1a00cba8   0x0000005c   Code   RO          916    i.dvCard_Slot_Info_Get  dvcard.o
    0x1a00cc04   0x1a00cc04   0x00000018   Code   RO          917    i.dvCard_State_Reset  dvcard.o
    0x1a00cc1c   0x1a00cc1c   0x0000005c   Code   RO          921    i.dvCard_System_Ready_Get  dvcard.o
    0x1a00cc78   0x1a00cc78   0x00000068   Code   RO          922    i.dvCard_System_Revision_Get  dvcard.o
    0x1a00cce0   0x1a00cce0   0x00000120   Code   RO          923    i.dvCard_Video_Format_Get  dvcard.o
    0x1a00ce00   0x1a00ce00   0x000002ec   Code   RO          924    i.dvCard_Video_Info_Get  dvcard.o
    0x1a00d0ec   0x1a00d0ec   0x00000044   Code   RO          925    i.dvCard_Video_Timing_Get  dvcard.o
    0x1a00d130   0x1a00d130   0x0000003c   Code   RO         2998    i.eTaskConfirmSleepModeStatus  lib_freertos.lib(tasks.o)
    0x1a00d16c   0x1a00d16c   0x00000022   Code   RO         2671    i.find_IntfDesc     cdc_main.o
    0x1a00d18e   0x1a00d18e   0x00000002   PAD
    0x1a00d190   0x1a00d190   0x0000003c   Code   RO         4546    i.fpuInit           lib_lpc_chip_43xx_m4.lib(fpu_init.o)
    0x1a00d1cc   0x1a00d1cc   0x00000004   Code   RO          745    i.halBoard_Init     halboard.o
    0x1a00d1d0   0x1a00d1d0   0x00000010   Code   RO          746    i.halBoard_OPS_Power_Rail_Enable  halboard.o
    0x1a00d1e0   0x1a00d1e0   0x00000030   Code   RO          747    i.halBoard_PwrSeqSet  halboard.o
    0x1a00d210   0x1a00d210   0x00000010   Code   RO          748    i.halBoard_Slot_Power_Rail_Enable  halboard.o
    0x1a00d220   0x1a00d220   0x0000006c   Code   RO          824    i.halCard_Card_Detect  halcard.o
    0x1a00d28c   0x1a00d28c   0x00000028   Code   RO          825    i.halCard_Card_Ready  halcard.o
    0x1a00d2b4   0x1a00d2b4   0x00000020   Code   RO          826    i.halCard_Init      halcard.o
    0x1a00d2d4   0x1a00d2d4   0x0000001a   Code   RO          827    i.halCard_OPS_Power_Check  halcard.o
    0x1a00d2ee   0x1a00d2ee   0x00000002   PAD
    0x1a00d2f0   0x1a00d2f0   0x00000030   Code   RO          828    i.halCard_OPS_Power_On_Get  halcard.o
    0x1a00d320   0x1a00d320   0x00000018   Code   RO          829    i.halCard_OPS_Power_Set  halcard.o
    0x1a00d338   0x1a00d338   0x0000000c   Code   RO          830    i.halCard_Slot_Check_Set  halcard.o
    0x1a00d344   0x1a00d344   0x0000000c   Code   RO          831    i.halCard_Slot_Info_Get  halcard.o
    0x1a00d350   0x1a00d350   0x0000000c   Code   RO          832    i.halCard_Slot_Input_Numbers_Get  halcard.o
    0x1a00d35c   0x1a00d35c   0x00000034   Code   RO          833    i.halCard_Slot_Ready_Check  halcard.o
    0x1a00d390   0x1a00d390   0x00000014   Code   RO          834    i.halCard_Slot_Ready_Get  halcard.o
    0x1a00d3a4   0x1a00d3a4   0x000000f8   Code   RO          788    i.halHdmiSwitcher_Ctrl  halhdmiswitcher.o
    0x1a00d49c   0x1a00d49c   0x0000000c   Code   RO          789    i.halHdmiSwitcher_Init  halhdmiswitcher.o
    0x1a00d4a8   0x1a00d4a8   0x00000030   Code   RO          790    i.halHdmiSwitcher_LED_Ctrl  halhdmiswitcher.o
    0x1a00d4d8   0x1a00d4d8   0x0000000c   Code   RO          639    i.halInputCtrl_IR_CustomId_Set  halinputctrl.o
    0x1a00d4e4   0x1a00d4e4   0x000000f4   Code   RO          640    i.halInputCtrl_IR_DataGet  halinputctrl.o
    0x1a00d5d8   0x1a00d5d8   0x000000b8   Code   RO          641    i.halInputCtrl_IR_Decode  halinputctrl.o
    0x1a00d690   0x1a00d690   0x00000014   Code   RO          642    i.halInputCtrl_IR_Flush  halinputctrl.o
    0x1a00d6a4   0x1a00d6a4   0x00000094   Code   RO          643    i.halInputCtrl_IR_HeadGet  halinputctrl.o
    0x1a00d738   0x1a00d738   0x00000048   Code   RO          644    i.halInputCtrl_IR_PulseInsert  halinputctrl.o
    0x1a00d780   0x1a00d780   0x0000001c   Code   RO          645    i.halInputCtrl_IR_Restart  halinputctrl.o
    0x1a00d79c   0x1a00d79c   0x00000070   Code   RO          646    i.halInputCtrl_Init  halinputctrl.o
    0x1a00d80c   0x1a00d80c   0x0000002c   Code   RO          647    i.halInputCtrl_KeyPadGet  halinputctrl.o
    0x1a00d838   0x1a00d838   0x000000b0   Code   RO          648    i.halInputCtrl_KeyPad_Decode  halinputctrl.o
    0x1a00d8e8   0x1a00d8e8   0x000000f4   Code   RO          649    i.halInputCtrl_Proc  halinputctrl.o
    0x1a00d9dc   0x1a00d9dc   0x0000000c   Code   RO          650    i.halInputCtrl_Register_Callback  halinputctrl.o
    0x1a00d9e8   0x1a00d9e8   0x00000014   Code   RO         4138    i.i2cm_getClkId     lib_lpc_chip_43xx_m4.lib(i2cm_18xx_43xx.o)
    0x1a00d9fc   0x1a00d9fc   0x00000040   Code   RO          238    i.main              main.o
    0x1a00da3c   0x1a00da3c   0x00000098   Code   RO         3001    i.prvAddCurrentTaskToDelayedList  lib_freertos.lib(tasks.o)
    0x1a00dad4   0x1a00dad4   0x000000b8   Code   RO         3002    i.prvAddNewTaskToReadyList  lib_freertos.lib(tasks.o)
    0x1a00db8c   0x1a00db8c   0x00000002   Code   RO         3003    i.prvCheckTasksWaitingTermination  lib_freertos.lib(tasks.o)
    0x1a00db8e   0x1a00db8e   0x0000002a   Code   RO         2751    i.prvCopyDataFromQueue  lib_freertos.lib(queue.o)
    0x1a00dbb8   0x1a00dbb8   0x0000007e   Code   RO         2752    i.prvCopyDataToQueue  lib_freertos.lib(queue.o)
    0x1a00dc36   0x1a00dc36   0x00000014   Code   RO         2753    i.prvGetDisinheritPriorityAfterTimeout  lib_freertos.lib(queue.o)
    0x1a00dc4a   0x1a00dc4a   0x00000002   PAD
    0x1a00dc4c   0x1a00dc4c   0x0000004c   Code   RO         3004    i.prvGetExpectedIdleTime  lib_freertos.lib(tasks.o)
    0x1a00dc98   0x1a00dc98   0x00000050   Code   RO         3005    i.prvIdleTask       lib_freertos.lib(tasks.o)
    0x1a00dce8   0x1a00dce8   0x0000001e   Code   RO         2754    i.prvInitialiseMutex  lib_freertos.lib(queue.o)
    0x1a00dd06   0x1a00dd06   0x0000002a   Code   RO         2755    i.prvInitialiseNewQueue  lib_freertos.lib(queue.o)
    0x1a00dd30   0x1a00dd30   0x0000009a   Code   RO         3006    i.prvInitialiseNewTask  lib_freertos.lib(tasks.o)
    0x1a00ddca   0x1a00ddca   0x00000002   PAD
    0x1a00ddcc   0x1a00ddcc   0x0000005c   Code   RO         3007    i.prvInitialiseTaskLists  lib_freertos.lib(tasks.o)
    0x1a00de28   0x1a00de28   0x0000001a   Code   RO         2756    i.prvIsQueueEmpty   lib_freertos.lib(queue.o)
    0x1a00de42   0x1a00de42   0x0000001e   Code   RO         2757    i.prvIsQueueFull    lib_freertos.lib(queue.o)
    0x1a00de60   0x1a00de60   0x00000034   Code   RO         3009    i.prvResetNextTaskUnblockTime  lib_freertos.lib(tasks.o)
    0x1a00de94   0x1a00de94   0x00000016   Code   RO         4673    i.prvTaskExitError  lib_freertos.lib(port.o)
    0x1a00deaa   0x1a00deaa   0x0000007e   Code   RO         2758    i.prvUnlockQueue    lib_freertos.lib(queue.o)
    0x1a00df28   0x1a00df28   0x00000020   Code   RO         3012    i.pvTaskIncrementMutexHeldCount  lib_freertos.lib(tasks.o)
    0x1a00df48   0x1a00df48   0x0000002c   Code   RO         4674    i.pxPortInitialiseStack  lib_freertos.lib(port.o)
    0x1a00df74   0x1a00df74   0x000000dc   Code   RO         2340    i.utilCLICmd_Execute  utilclicmd.o
    0x1a00e050   0x1a00e050   0x00000040   Code   RO         2341    i.utilCLI_Go_To_Bootloader  utilclicmd.o
    0x1a00e090   0x1a00e090   0x00000008   Code   RO         2342    i.utilCLI_Input_AudioInfo_Get  utilclicmd.o
    0x1a00e098   0x1a00e098   0x00000058   Code   RO         2343    i.utilCLI_Input_Source_Set  utilclicmd.o
    0x1a00e0f0   0x1a00e0f0   0x00000008   Code   RO         2344    i.utilCLI_Input_Video_Format_Get  utilclicmd.o
    0x1a00e0f8   0x1a00e0f8   0x00000008   Code   RO         2345    i.utilCLI_Input_Video_Info_Get  utilclicmd.o
    0x1a00e100   0x1a00e100   0x00000008   Code   RO         2346    i.utilCLI_Input_Video_Timing_Get  utilclicmd.o
    0x1a00e108   0x1a00e108   0x00000034   Code   RO         2347    i.utilCLI_OPS_Power_Get  utilclicmd.o
    0x1a00e13c   0x1a00e13c   0x00000040   Code   RO         2348    i.utilCLI_OPS_Power_Set  utilclicmd.o
    0x1a00e17c   0x1a00e17c   0x0000003c   Code   RO         2349    i.utilCLI_System_Card_Power_Get  utilclicmd.o
    0x1a00e1b8   0x1a00e1b8   0x00000038   Code   RO         2350    i.utilCLI_System_Card_Present_Get  utilclicmd.o
    0x1a00e1f0   0x1a00e1f0   0x00000040   Code   RO         2351    i.utilCLI_System_Ready_Get  utilclicmd.o
    0x1a00e230   0x1a00e230   0x00000044   Code   RO         2352    i.utilCLI_System_Slot_Info_Get  utilclicmd.o
    0x1a00e274   0x1a00e274   0x0000005c   Code   RO         2353    i.utilCLI_System_Slot_Power_Set  utilclicmd.o
    0x1a00e2d0   0x1a00e2d0   0x0000002c   Code   RO         2354    i.utilCLI_System_Slot_Ready_Get  utilclicmd.o
    0x1a00e2fc   0x1a00e2fc   0x0000003c   Code   RO         2355    i.utilCLI_System_Version_Get  utilclicmd.o
    0x1a00e338   0x1a00e338   0x00000028   Code   RO         2085    i.utilCounterGet    utilcounter.o
    0x1a00e360   0x1a00e360   0x00000020   Code   RO         2086    i.utilCounterSet    utilcounter.o
    0x1a00e380   0x1a00e380   0x0000001c   Code   RO         2092    i.utilDelayMs       utilcounter.o
    0x1a00e39c   0x1a00e39c   0x000000d8   Code   RO         2177    i.utilEventDispatch  utileventhandler.o
    0x1a00e474   0x1a00e474   0x00000028   Code   RO         2178    i.utilEventHandlerTask  utileventhandler.o
    0x1a00e49c   0x1a00e49c   0x000000b4   Code   RO         2179    i.utilEventHandler_Init  utileventhandler.o
    0x1a00e550   0x1a00e550   0x00000054   Code   RO         2180    i.utilEvent_Send    utileventhandler.o
    0x1a00e5a4   0x1a00e5a4   0x0000001c   Code   RO         2222    i.utilFunc_Test_Loop  utilfunctester.o
    0x1a00e5c0   0x1a00e5c0   0x0000017c   Code   RO         2672    i.utilFunc_Usb_Task  cdc_main.o
    0x1a00e73c   0x1a00e73c   0x0000000c   Code   RO         2255    i.utilHostHandlerTask  utilhost.o
    0x1a00e748   0x1a00e748   0x0000001e   Code   RO         2256    i.utilHost_Ack_Build  utilhost.o
    0x1a00e766   0x1a00e766   0x00000046   Code   RO         2257    i.utilHost_CheckSumCalc  utilhost.o
    0x1a00e7ac   0x1a00e7ac   0x0000007e   Code   RO         2258    i.utilHost_Cmd_Execute  utilhost.o
    0x1a00e82a   0x1a00e82a   0x0000000a   Code   RO         2259    i.utilHost_Device_Read  utilhost.o
    0x1a00e834   0x1a00e834   0x0000000a   Code   RO         2260    i.utilHost_Device_Write  utilhost.o
    0x1a00e83e   0x1a00e83e   0x00000002   PAD
    0x1a00e840   0x1a00e840   0x0000008c   Code   RO         2261    i.utilHost_Init     utilhost.o
    0x1a00e8cc   0x1a00e8cc   0x00000040   Code   RO         2262    i.utilHost_Package_Print  utilhost.o
    0x1a00e90c   0x1a00e90c   0x00000036   Code   RO         2263    i.utilHost_PacketBuild  utilhost.o
    0x1a00e942   0x1a00e942   0x00000002   PAD
    0x1a00e944   0x1a00e944   0x000000a4   Code   RO         2264    i.utilHost_Packet_UnPack  utilhost.o
    0x1a00e9e8   0x1a00e9e8   0x00000158   Code   RO         2265    i.utilHost_StateProcess  utilhost.o
    0x1a00eb40   0x1a00eb40   0x00000018   Code   RO         2266    i.utilHost_StateReset  utilhost.o
    0x1a00eb58   0x1a00eb58   0x00000018   Code   RO         1986    i.utilLog_Init      utillog.o
    0x1a00eb70   0x1a00eb70   0x00000058   Code   RO         1990    i.utilLog_Printf    utillog.o
    0x1a00ebc8   0x1a00ebc8   0x00000028   Code   RO         4626    i.uxListRemove      lib_freertos.lib(list.o)
    0x1a00ebf0   0x1a00ebf0   0x00000012   Code   RO         2761    i.uxQueueMessagesWaiting  lib_freertos.lib(queue.o)
    0x1a00ec02   0x1a00ec02   0x00000008   Code   RO         2762    i.uxQueueMessagesWaitingFromISR  lib_freertos.lib(queue.o)
    0x1a00ec0a   0x1a00ec0a   0x00000002   PAD
    0x1a00ec0c   0x1a00ec0c   0x00000014   Code   RO         2148    i.vApplicationGetIdleTaskMemory  utiltask.o
    0x1a00ec20   0x1a00ec20   0x00000004   Code   RO         2439    i.vApplicationIdleHook  freertoscommonhooks.o
    0x1a00ec24   0x1a00ec24   0x00000012   Code   RO         2441    i.vApplicationStackOverflowHook  freertoscommonhooks.o
    0x1a00ec36   0x1a00ec36   0x0000001a   Code   RO         4627    i.vListInitialise   lib_freertos.lib(list.o)
    0x1a00ec50   0x1a00ec50   0x00000006   Code   RO         4628    i.vListInitialiseItem  lib_freertos.lib(list.o)
    0x1a00ec56   0x1a00ec56   0x00000034   Code   RO         4629    i.vListInsert       lib_freertos.lib(list.o)
    0x1a00ec8a   0x1a00ec8a   0x00000018   Code   RO         4630    i.vListInsertEnd    lib_freertos.lib(list.o)
    0x1a00eca2   0x1a00eca2   0x00000002   PAD
    0x1a00eca4   0x1a00eca4   0x00000024   Code   RO         4676    i.vPortEnterCritical  lib_freertos.lib(port.o)
    0x1a00ecc8   0x1a00ecc8   0x00000020   Code   RO         4677    i.vPortExitCritical  lib_freertos.lib(port.o)
    0x1a00ece8   0x1a00ece8   0x00000068   Code   RO         4678    i.vPortSetupTimerInterrupt  lib_freertos.lib(port.o)
    0x1a00ed50   0x1a00ed50   0x0000014c   Code   RO         4679    i.vPortSuppressTicksAndSleep  lib_freertos.lib(port.o)
    0x1a00ee9c   0x1a00ee9c   0x00000074   Code   RO         3022    i.vTaskDelayUntil   lib_freertos.lib(tasks.o)
    0x1a00ef10   0x1a00ef10   0x00000018   Code   RO         3025    i.vTaskInternalSetTimeOutState  lib_freertos.lib(tasks.o)
    0x1a00ef28   0x1a00ef28   0x0000000c   Code   RO         3026    i.vTaskMissedYield  lib_freertos.lib(tasks.o)
    0x1a00ef34   0x1a00ef34   0x00000020   Code   RO         3028    i.vTaskPlaceOnEventList  lib_freertos.lib(tasks.o)
    0x1a00ef54   0x1a00ef54   0x000000b0   Code   RO         3030    i.vTaskPriorityDisinheritAfterTimeout  lib_freertos.lib(tasks.o)
    0x1a00f004   0x1a00f004   0x00000024   Code   RO         3035    i.vTaskSetTimeOutState  lib_freertos.lib(tasks.o)
    0x1a00f028   0x1a00f028   0x0000008c   Code   RO         3036    i.vTaskStartScheduler  lib_freertos.lib(tasks.o)
    0x1a00f0b4   0x1a00f0b4   0x00000010   Code   RO         3037    i.vTaskStepTick     lib_freertos.lib(tasks.o)
    0x1a00f0c4   0x1a00f0c4   0x000000cc   Code   RO         3038    i.vTaskSuspend      lib_freertos.lib(tasks.o)
    0x1a00f190   0x1a00f190   0x00000010   Code   RO         3039    i.vTaskSuspendAll   lib_freertos.lib(tasks.o)
    0x1a00f1a0   0x1a00f1a0   0x00000080   Code   RO         3040    i.vTaskSwitchContext  lib_freertos.lib(tasks.o)
    0x1a00f220   0x1a00f220   0x0000004c   Code   RO         2566    i.vcom_bread        cdc_vcom.o
    0x1a00f26c   0x1a00f26c   0x000000d0   Code   RO         2567    i.vcom_init         cdc_vcom.o
    0x1a00f33c   0x1a00f33c   0x00000050   Code   RO         2570    i.vcom_write        cdc_vcom.o
    0x1a00f38c   0x1a00f38c   0x00000048   Code   RO         4680    i.xPortStartScheduler  lib_freertos.lib(port.o)
    0x1a00f3d4   0x1a00f3d4   0x0000002a   Code   RO         2769    i.xQueueCreateMutexStatic  lib_freertos.lib(queue.o)
    0x1a00f3fe   0x1a00f3fe   0x00000028   Code   RO         2770    i.xQueueGenericCreateStatic  lib_freertos.lib(queue.o)
    0x1a00f426   0x1a00f426   0x00000002   PAD
    0x1a00f428   0x1a00f428   0x00000080   Code   RO         2771    i.xQueueGenericReset  lib_freertos.lib(queue.o)
    0x1a00f4a8   0x1a00f4a8   0x00000118   Code   RO         2772    i.xQueueGenericSend  lib_freertos.lib(queue.o)
    0x1a00f5c0   0x1a00f5c0   0x00000086   Code   RO         2773    i.xQueueGenericSendFromISR  lib_freertos.lib(queue.o)
    0x1a00f646   0x1a00f646   0x00000010   Code   RO         2776    i.xQueueIsQueueEmptyFromISR  lib_freertos.lib(queue.o)
    0x1a00f656   0x1a00f656   0x00000002   PAD
    0x1a00f658   0x1a00f658   0x00000104   Code   RO         2780    i.xQueueReceive     lib_freertos.lib(queue.o)
    0x1a00f75c   0x1a00f75c   0x00000082   Code   RO         2781    i.xQueueReceiveFromISR  lib_freertos.lib(queue.o)
    0x1a00f7de   0x1a00f7de   0x00000002   PAD
    0x1a00f7e0   0x1a00f7e0   0x00000130   Code   RO         2782    i.xQueueSemaphoreTake  lib_freertos.lib(queue.o)
    0x1a00f910   0x1a00f910   0x0000005c   Code   RO         3041    i.xTaskCheckForTimeOut  lib_freertos.lib(tasks.o)
    0x1a00f96c   0x1a00f96c   0x00000048   Code   RO         3042    i.xTaskCreateStatic  lib_freertos.lib(tasks.o)
    0x1a00f9b4   0x1a00f9b4   0x0000000c   Code   RO         3046    i.xTaskGetTickCount  lib_freertos.lib(tasks.o)
    0x1a00f9c0   0x1a00f9c0   0x0000011c   Code   RO         3048    i.xTaskIncrementTick  lib_freertos.lib(tasks.o)
    0x1a00fadc   0x1a00fadc   0x00000084   Code   RO         3051    i.xTaskPriorityDisinherit  lib_freertos.lib(tasks.o)
    0x1a00fb60   0x1a00fb60   0x000000c8   Code   RO         3052    i.xTaskPriorityInherit  lib_freertos.lib(tasks.o)
    0x1a00fc28   0x1a00fc28   0x00000084   Code   RO         3053    i.xTaskRemoveFromEventList  lib_freertos.lib(tasks.o)
    0x1a00fcac   0x1a00fcac   0x000000e8   Code   RO         3054    i.xTaskResumeAll    lib_freertos.lib(tasks.o)
    0x1a00fd94   0x1a00fd94   0x0000002c   Code   RO         4960    locale$$code        c_w.l(lc_numeric_c.o)
    0x1a00fdc0   0x1a00fdc0   0x0000002c   Code   RO         4987    locale$$code        c_w.l(lc_ctype_c.o)
    0x1a00fdec   0x1a00fdec   0x0000000a   Code   RO         5053    x$fpl$fpinit        fz_wm.l(fpinit.o)
    0x1a00fdf6   0x1a00fdf6   0x00000004   Code   RO         4885    x$fpl$printf1       fz_wm.l(printf1.o)
    0x1a00fdfa   0x1a00fdfa   0x00000004   Code   RO         4887    x$fpl$printf2       fz_wm.l(printf2.o)
    0x1a00fdfe   0x1a00fdfe   0x00000000   Code   RO         4976    x$fpl$usenofp       fz_wm.l(usenofp.o)
    0x1a00fdfe   0x1a00fdfe   0x00000002   PAD
    0x1a00fe00   0x1a00fe00   0x00000004   Data   RO            4    .constdata          sysinit.o
    0x1a00fe04   0x1a00fe04   0x00000004   Data   RO            5    .constdata          sysinit.o
    0x1a00fe08   0x1a00fe08   0x00000024   Data   RO          652    .constdata          halinputctrl.o
    0x1a00fe2c   0x1a00fe2c   0x00000042   Data   RO          749    .constdata          halboard.o
    0x1a00fe6e   0x1a00fe6e   0x00000005   Data   RO          836    .constdata          halcard.o
    0x1a00fe73   0x1a00fe73   0x00000001   PAD
    0x1a00fe74   0x1a00fe74   0x00000030   Data   RO         1034    .constdata          board.o
    0x1a00fea4   0x1a00fea4   0x00000842   Data   RO         1130    .constdata          board_gpio.o
    0x1a0106e6   0x1a0106e6   0x00000002   PAD
    0x1a0106e8   0x1a0106e8   0x00000040   Data   RO         1368    .constdata          board_uart.o
    0x1a010728   0x1a010728   0x00000002   Data   RO         1664    .constdata          board_spi.o
    0x1a01072a   0x1a01072a   0x00000002   PAD
    0x1a01072c   0x1a01072c   0x00000008   Data   RO         1781    .constdata          board_timer.o
    0x1a010734   0x1a010734   0x0000005a   Data   RO         2356    .constdata          utilclicmd.o
    0x1a01078e   0x1a01078e   0x00000002   PAD
    0x1a010790   0x1a010790   0x00000012   Data   RO         2505    .constdata          cdc_desc.o
    0x1a0107a2   0x1a0107a2   0x00000002   PAD
    0x1a0107a4   0x1a0107a4   0x0000000a   Data   RO         2506    .constdata          cdc_desc.o
    0x1a0107ae   0x1a0107ae   0x00000002   PAD
    0x1a0107b0   0x1a0107b0   0x00000038   Data   RO         2507    .constdata          cdc_desc.o
    0x1a0107e8   0x1a0107e8   0x00000014   Data   RO         3369    .constdata          lib_lpc_chip_43xx_m4.lib(chip_18xx_43xx.o)
    0x1a0107fc   0x1a0107fc   0x0000006c   Data   RO         3633    .constdata          lib_lpc_chip_43xx_m4.lib(clock_18xx_43xx.o)
    0x1a010868   0x1a010868   0x00000010   Data   RO         4432    .constdata          lib_lpc_chip_43xx_m4.lib(uart_18xx_43xx.o)
    0x1a010878   0x1a010878   0x00000011   Data   RO         4788    .constdata          c_w.l(__printf_flags_ss_wp.o)
    0x1a010889   0x1a010889   0x00000003   PAD
    0x1a01088c   0x1a01088c   0x00000008   Data   RO         4831    .constdata          c_w.l(_printf_wctomb.o)
    0x1a010894   0x1a010894   0x00000028   Data   RO         4860    .constdata          c_w.l(_printf_hex_int_ll_ptr.o)
    0x1a0108bc   0x1a0108bc   0x00000026   Data   RO         4915    .constdata          c_w.l(_printf_fp_hex.o)
    0x1a0108e2   0x1a0108e2   0x00000002   PAD
    0x1a0108e4   0x1a0108e4   0x00000094   Data   RO         4935    .constdata          c_w.l(bigflt0.o)
    0x1a010978   0x1a010978   0x00000052   Data   RO         1992    .conststring        utillog.o
    0x1a0109ca   0x1a0109ca   0x00000002   PAD
    0x1a0109cc   0x1a0109cc   0x00000060   Data   RO         5109    Region$$Table       anon$$obj.o
    0x1a010a2c   0x1a010a2c   0x0000001c   Data   RO         4959    locale$$data        c_w.l(lc_numeric_c.o)
    0x1a010a48   0x1a010a48   0x00000110   Data   RO         4986    locale$$data        c_w.l(lc_ctype_c.o)


    Execution Region RW_IRAM2 (Exec base: 0x20000000, Load base: 0x1a010d08, Size: 0x00007bb4, Max: 0x0000e000, ABSOLUTE, COMPRESSED[0x000000d0])

    Exec Addr    Load Addr    Size         Type   Attr      Idx    E Section Name        Object

    0x20000000   COMPRESSED   0x00000008   Data   RW          396    .data               appsysmon.o
    0x20000008   COMPRESSED   0x00000001   Data   RW          837    .data               halcard.o
    0x20000009   COMPRESSED   0x00000003   PAD
    0x2000000c   COMPRESSED   0x00000350   Data   RW         1369    .data               board_uart.o
    0x2000035c   COMPRESSED   0x00000014   Data   RW         1782    .data               board_timer.o
    0x20000370   COMPRESSED   0x00000008   Data   RW         2183    .data               utileventhandler.o
    0x20000378   COMPRESSED   0x0000004c   Data   RW         2509    .data               cdc_desc.o
    0x200003c4   COMPRESSED   0x00000004   Data   RW         2572    .data               cdc_vcom.o
    0x200003c8   COMPRESSED   0x00000038   Data   RW         3998    .data               lib_lpc_chip_43xx_m4.lib(i2c_18xx_43xx.o)
    0x20000400   COMPRESSED   0x00000001   Data   RW         4433    .data               lib_lpc_chip_43xx_m4.lib(uart_18xx_43xx.o)
    0x20000401   COMPRESSED   0x00000003   PAD
    0x20000404        -       0x00000022   Zero   RW          835    .bss                halcard.o
    0x20000426   COMPRESSED   0x00000002   PAD
    0x20000428        -       0x000000ca   Zero   RW          926    .bss                dvcard.o
    0x200004f2   COMPRESSED   0x00000002   PAD
    0x200004f4        -       0x00000040   Zero   RW         1129    .bss                board_gpio.o
    0x20000534        -       0x00000040   Zero   RW         1358    .bss                board_uart.o
    0x20000574        -       0x00000800   Zero   RW         1361    .bss                board_uart.o
    0x20000d74        -       0x00000010   Zero   RW         1365    .bss                board_uart.o
    0x20000d84        -       0x00000140   Zero   RW         1367    .bss                board_uart.o
    0x20000ec4        -       0x000008dc   Zero   RW         2267    .bss                utilhost.o
    0x200017a0        -       0x00006000   Zero   RW         2443    .bss                freertoscommonhooks.o
    0x200077a0        -       0x00000360   Zero   RW         2673    .bss                cdc_main.o
    0x20007b00        -       0x000000b4   Zero   RW         3056    .bss                lib_freertos.lib(tasks.o)



  Load Region LR_IROM2 (Base: 0x1a000000, Size: 0x00003f30, Max: 0x00008000, ABSOLUTE)

    Execution Region ER_IROM2 (Exec base: 0x1a000000, Load base: 0x1a000000, Size: 0x00003f30, Max: 0x00008000, ABSOLUTE)

    Exec Addr    Load Addr    Size         Type   Attr      Idx    E Section Name        Object

    0x1a000000   0x1a000000   0x00003f30   Code   RO          226    BOOT_LOADER         bootcode.o



  Load Region LR$$.ARM.__AT_0x1A008000 (Base: 0x1a008000, Size: 0x00000010, Max: 0x00000010, ABSOLUTE)

    Execution Region ER$$.ARM.__AT_0x1A008000 (Exec base: 0x1a008000, Load base: 0x1a008000, Size: 0x00000010, Max: 0x00000010, ABSOLUTE, UNINIT)

    Exec Addr    Load Addr    Size         Type   Attr      Idx    E Section Name        Object

    0x1a008000   0x1a008000   0x00000010   Data   RO          564    .ARM.__AT_0x1A008000  appiapproc.o


==============================================================================

Image component sizes


      Code (inc. data)   RO Data    RW Data    ZI Data      Debug   Object Name

        16          0          0          0          0       1066   apphdmiswitcher.o
       100         20         16          0          4       8028   appiapproc.o
       364        128          0          8        112      11071   appinputproc.o
       652        254          0          8          0      10909   appsysmon.o
       156         10         48          0          0       1961   board.o
         2          0          0          0          0        497   board_gpdma.o
      1262        274       2114          0         64      53941   board_gpio.o
       780        202          0         72       4424      11318   board_i2c.o
      1188         50          2         72       4576      14980   board_spi.o
      1370        164          8         20         48      18258   board_timer.o
       864         78         64        848       6432      14549   board_uart.o
     16176      16176          0          0          0        240   bootcode.o
         0          0         84        152          0      20966   cdc_desc.o
       542        142          0         20        864      45411   cdc_main.o
       692         68          0          4         20      34794   cdc_vcom.o
      2276        956          0          8        202      10818   dvcard.o
        46          6          0          0      24576       8724   freertoscommonhooks.o
        84          4         66          0          0       3316   halboard.o
       386         48          5          1         34       7298   halcard.o
       308        112          0          2          0       2994   halhdmiswitcher.o
      1296        276         36         40        592      11719   halinputctrl.o
        64         24        276          0        768        964   keil_startup_lpc18xx43xx.o
        64         22          0          0       1120      45648   main.o
        24          8          8          0          0      22731   sysinit.o
       964        342         90          0          0      12093   utilclicmd.o
       100          8          0          0       1324       2668   utilcounter.o
       520        176          0          8       2800       3917   utileventhandler.o
        28          0          0          0          0        573   utilfunctester.o
      1048        172          0          4       2268       8757   utilhost.o
       116         16         82         44        336      13855   utillog.o
        20          4          0          0       1728       1924   utiltask.o

    ----------------------------------------------------------------------
     31522      19740       3008       1316      52300     405988   Object Totals
         0          0         96          0          0          0   (incl. Generated)
        14          0         13          5          8          0   (incl. Padding)

    ----------------------------------------------------------------------

      Code (inc. data)   RO Data    RW Data    ZI Data      Debug   Library Member Name

        90          0          0          0          0          0   __dczerorl2.o
         8          0          0          0          0         68   __main.o
       392          4         17          0          0         92   __printf_flags_ss_wp.o
        14          0          0          0          0         68   __printf_wp.o
         0          0          0          0          0          0   __rtentry.o
        12          0          0          0          0          0   __rtentry2.o
         6          0          0          0          0          0   __rtentry4.o
        52          8          0          0          0          0   __scatter.o
        26          0          0          0          0          0   __scatter_copy.o
        28          0          0          0          0          0   __scatter_zi.o
         6          0          0          0          0          0   _printf_a.o
         6          0          0          0          0          0   _printf_c.o
        44          0          0          0          0        108   _printf_char.o
        48          6          0          0          0         96   _printf_char_common.o
        40          0          0          0          0         68   _printf_charcount.o
         6          0          0          0          0          0   _printf_d.o
       120         16          0          0          0         92   _printf_dec.o
         6          0          0          0          0          0   _printf_e.o
         6          0          0          0          0          0   _printf_f.o
      1054          0          0          0          0        216   _printf_fp_dec.o
       764          8         38          0          0        100   _printf_fp_hex.o
       128         16          0          0          0         84   _printf_fp_infnan.o
         6          0          0          0          0          0   _printf_g.o
       148          4         40          0          0        160   _printf_hex_int_ll_ptr.o
         6          0          0          0          0          0   _printf_i.o
       178          0          0          0          0         88   _printf_intcommon.o
        10          0          0          0          0          0   _printf_l.o
         6          0          0          0          0          0   _printf_lc.o
        10          0          0          0          0          0   _printf_ll.o
         6          0          0          0          0          0   _printf_lld.o
         6          0          0          0          0          0   _printf_lli.o
         6          0          0          0          0          0   _printf_llo.o
         6          0          0          0          0          0   _printf_llu.o
         6          0          0          0          0          0   _printf_llx.o
       124         16          0          0          0         92   _printf_longlong_dec.o
         6          0          0          0          0          0   _printf_ls.o
         6          0          0          0          0          0   _printf_n.o
         6          0          0          0          0          0   _printf_o.o
       112         10          0          0          0        124   _printf_oct_int_ll.o
         6          0          0          0          0          0   _printf_p.o
        78          0          0          0          0        108   _printf_pad.o
         0          0          0          0          0          0   _printf_percent.o
         4          0          0          0          0          0   _printf_percent_end.o
         6          0          0          0          0          0   _printf_s.o
        82          0          0          0          0         80   _printf_str.o
        36          0          0          0          0         84   _printf_truncate.o
         6          0          0          0          0          0   _printf_u.o
        44          0          0          0          0        108   _printf_wchar.o
       188          6          8          0          0         92   _printf_wctomb.o
         6          0          0          0          0          0   _printf_x.o
        16          0          0          0          0         68   _snputc.o
        10          0          0          0          0         68   _sputc.o
        64          0          0          0          0         92   _wcrtomb.o
        16          0          0          0          0         68   aeabi_memset.o
       228          4        148          0          0         96   bigflt0.o
      1936        128          0          0          0        672   btod.o
        18          0          0          0          0         80   exit.o
         6          0          0          0          0        152   heapauxi.o
        44         10        272          0          0         76   lc_ctype_c.o
        44         10         28          0          0         76   lc_numeric_c.o
         2          0          0          0          0          0   libinit.o
        34          0          0          0          0          0   libinit2.o
         2          0          0          0          0          0   libshutdown.o
         2          0          0          0          0          0   libshutdown2.o
         8          4          0          0         96         68   libspace.o
       138          0          0          0          0         80   lludiv10.o
       238          0          0          0          0        100   lludivv7m.o
        16          4          0          0          0         76   rt_ctype_table.o
         8          4          0          0          0         68   rt_locale_intlibspace.o
        68          0          0          0          0         68   rt_memclr.o
        78          0          0          0          0         80   rt_memclr_w.o
       138          0          0          0          0         68   rt_memcpy_v6.o
       100          0          0          0          0         80   rt_memcpy_w.o
         2          0          0          0          0          0   rtexit.o
        10          0          0          0          0          0   rtexit2.o
       128          0          0          0          0         68   strcmpv7m.o
        62          0          0          0          0         76   strlen.o
        74          0          0          0          0         80   sys_stackheap_outer.o
        52          4          0          0          0         80   vsnprintf.o
        10          0          0          0          0        116   fpinit.o
         4          0          0          0          0        116   printf1.o
         4          0          0          0          0        116   printf2.o
         0          0          0          0          0          0   usenofp.o
       148          0          0          0          0       8918   list.o
       884         82          0         16          0      11857   port.o
      1802         18          0          0          0      44924   queue.o
      2940        430          0         56        180      42907   tasks.o
       124         20         20          4          0      18571   chip_18xx_43xx.o
       820        134        108          8          0      13436   clock_18xx_43xx.o
        60         14          0          0          0       1342   fpu_init.o
        26          0          0          0          0       3262   gpio_18xx_43xx.o
        68         12          0         56          0       3269   i2c_18xx_43xx.o
       316          6          0          0          0       5849   i2cm_18xx_43xx.o
        56          8          0          0          0       1691   rgu_18xx_43xx.o
       148          0          0          0          0       4871   ring_buffer.o
       570         10          0          0          0      12283   ssp_18xx_43xx.o
       136         14          0          0          0       3781   timer_18xx_43xx.o
       412         26         16          1          0      12449   uart_18xx_43xx.o
        48          0          0          0          0        124   fpclassify.o

    ----------------------------------------------------------------------
     16122       1036        700        144      25944     194250   Library Totals
        44          0          5          3      25668          0   (incl. Padding)

    ----------------------------------------------------------------------

      Code (inc. data)   RO Data    RW Data    ZI Data      Debug   Library Name

      7502        262        551          0         96       4368   c_w.l
        18          0          0          0          0        348   fz_wm.l
      5774        530          0         72        180     108606   lib_freertos.lib
      2736        244        144         69          0      80804   lib_lpc_chip_43xx_m4.lib
        48          0          0          0          0        124   m_wm.l

    ----------------------------------------------------------------------
     16122       1036        700        144      25944     194250   Library Totals

    ----------------------------------------------------------------------

==============================================================================


      Code (inc. data)   RO Data    RW Data    ZI Data      Debug   

     47644      20776       3708       1460      78244     568414   Grand Totals
     47644      20776       3708        640      78244     568414   ELF Image Totals (compressed)
     47644      20776       3708        640          0          0   ROM Totals

==============================================================================

    Total RO  Size (Code + RO Data)                51352 (  50.15kB)
    Total RW  Size (RW Data + ZI Data)             79704 (  77.84kB)
    Total ROM Size (Code + RO Data + RW Data)      51992 (  50.77kB)

==============================================================================

