<html>
<body>
<pre>
<h1>猩ision Build Log</h1>
<h2>Tool Versions:</h2>
IDE-Version: μVision V5.29.0.0
Copyright (C) 2019 ARM Ltd and ARM Germany GmbH. All rights reserved.
License Information: Leo Hong, Home, LIC=QF8UH-WXI0M-55BT2-943JF-TZ5PV-WVW18
 
Tool Versions:
Toolchain:       MDK-ARM Plus  Version: 5.29.0.0
Toolchain Path:  C:\Keil_v5\ARM\ARMCC\Bin
C Compiler:      Armcc.exe V5.06 update 6 (build 750)
Assembler:       Armasm.exe V5.06 update 6 (build 750)
Linker/Locator:  ArmLink.exe V5.06 update 6 (build 750)
Library Manager: ArmAr.exe V5.06 update 6 (build 750)
Hex Converter:   FromElf.exe V5.06 update 6 (build 750)
CPU DLL:         SARMCM3.DLL V5.29.0.0
Dialog DLL:      DCM.DLL V1.17.3.0
Target DLL:      Segger\JL2CM3.dll V2.99.36.0
Dialog DLL:      TCM.DLL V1.36.5.0
 
<h2>Project:</h2>
D:\ProjectCode\AIO\AIO_163_Docking_Board_Git\trunk\project\appcode\appcode.uvprojx
Project File Date:  04/01/2020

<h2>Output:</h2>
*** Using Compiler 'V5.06 update 6 (build 750)', folder: 'C:\Keil_v5\ARM\ARMCC\Bin'
Build Project 'appcode' - Target 'docking_board'
compiling halHdmiSwitcher.c...
linking...
Program Size: Code=47644 RO-data=3708 RW-data=1460 ZI-data=78244  
FromELF: creating hex file...
After Build - User command #1: C:\Keil_v5\/ARM/BIN/ElfDwT.exe .\Objects\docking_board.axf BASEADDRESS(0x1A008200)
ELFDWT - Signature Creator V1.4.0.0
COPYRIGHT Copyright (C) 2014-2018, ARM Ldt. and  ARM Germany GmbH
*** Updated Signature over Range[32] (0x1A008200 - 0x1A008218): @0x1A00821C = 0x53F4A326
*** Processing completed, no Errors.
After Build - User command #2: ..\total\AfxToBin.bat docking_board
D:\ProjectCode\AIO\AIO_163_Docking_Board_Git\trunk\project\appcode>SET FileName=docking_board 
D:\ProjectCode\AIO\AIO_163_Docking_Board_Git\trunk\project\appcode>rd /q/s ..\..\FwFiles\docking_board\BinFile\ 
D:\ProjectCode\AIO\AIO_163_Docking_Board_Git\trunk\project\appcode>rd /q/s ..\..\FwFiles\docking_board\HexFile\ 
D:\ProjectCode\AIO\AIO_163_Docking_Board_Git\trunk\project\appcode>rd /q/s ..\..\FwFiles\docking_board\AxfFile\ 
D:\ProjectCode\AIO\AIO_163_Docking_Board_Git\trunk\project\appcode>md ..\..\FwFiles\docking_board\BinFile\ 
D:\ProjectCode\AIO\AIO_163_Docking_Board_Git\trunk\project\appcode>md ..\..\FwFiles\docking_board\HexFile\ 
D:\ProjectCode\AIO\AIO_163_Docking_Board_Git\trunk\project\appcode>md ..\..\FwFiles\docking_board\AxfFile\ 
D:\ProjectCode\AIO\AIO_163_Docking_Board_Git\trunk\project\appcode>rem dir  ..\appcode\Objects\docking_board.hex 
D:\ProjectCode\AIO\AIO_163_Docking_Board_Git\trunk\project\appcode>COPY ..\appcode\Objects\docking_board.hex ..\..\FwFiles\docking_board\HexFile\ 
複製了         1 個檔案。
D:\ProjectCode\AIO\AIO_163_Docking_Board_Git\trunk\project\appcode>rem dir  ..\appcode\Objects\docking_board.axf 
D:\ProjectCode\AIO\AIO_163_Docking_Board_Git\trunk\project\appcode>COPY ..\appcode\Objects\docking_board.axf ..\..\FwFiles\docking_board\AxfFile\ 
複製了         1 個檔案。
D:\ProjectCode\AIO\AIO_163_Docking_Board_Git\trunk\project\appcode>C:\Keil_v5\ARM\ARMCC\bin\fromelf.exe --bincombined --output  ..\..\FwFiles\docking_board\BinFile\docking_board.bin ..\appcode\Objects\docking_board.axf 
".\Objects\docking_board.axf" - 0 Error(s), 0 Warning(s).

<h2>Software Packages used:</h2>

Package Vendor: Keil
                http://www.keil.com/pack/Keil.LPC4300_DFP.2.9.0.pack
                Keil.LPC4300_DFP.2.9.0
                NXP LPC4300 Series Device Support, Drivers and Examples

<h2>Collection of Component include folders:</h2>
  .\RTE\_docking_board
  C:\Users\Leo\AppData\Local\Arm\Packs\Keil\LPC4300_DFP\2.9.0\Device\Include

<h2>Collection of Component Files used:</h2>
Build Time Elapsed:  00:00:02
</pre>
</body>
</html>
