<html>
<body>
<pre>
<h1>猩ision Build Log</h1>
<h2>Tool Versions:</h2>
IDE-Version: μVision V5.29.0.0
Copyright (C) 2019 ARM Ltd and ARM Germany GmbH. All rights reserved.
License Information: Leo Hong, Home, LIC=QF8UH-WXI0M-55BT2-943JF-TZ5PV-WVW18
 
Tool Versions:
Toolchain:       MDK-ARM Plus  Version: 5.29.0.0
Toolchain Path:  C:\Keil_v5\ARM\ARMCC\Bin
C Compiler:      Armcc.exe V5.06 update 6 (build 750)
Assembler:       Armasm.exe V5.06 update 6 (build 750)
Linker/Locator:  ArmLink.exe V5.06 update 6 (build 750)
Library Manager: ArmAr.exe V5.06 update 6 (build 750)
Hex Converter:   FromElf.exe V5.06 update 6 (build 750)
CPU DLL:         SARMCM3.DLL V5.29.0.0
Dialog DLL:      DCM.DLL V1.17.3.0
Target DLL:      Segger\JL2CM3.dll V2.99.36.0
Dialog DLL:      TCM.DLL V1.36.5.0
 
<h2>Project:</h2>
D:\ProjectCode\AIO\AIO_163_Docking_Board\trunk\project\bootcode\bootcode.uvprojx
Project File Date:  03/31/2020

<h2>Output:</h2>
*** Using Compiler 'V5.06 update 6 (build 750)', folder: 'C:\Keil_v5\ARM\ARMCC\Bin'
Rebuild Project 'bootcode' - Target 'bootcode'
assembling keil_startup_lpc18xx43xx.s...
compiling sysinit.c...
compiling Board_Clock.c...
compiling main.c...
compiling Board_IAP.c...
compiling utilCounter.c...
compiling Board.c...
compiling Board_Uart.c...
compiling utilCLICmd.c...
compiling appIapProc.c...
compiling Board_Gpio.c...
compiling Board_Spi.c...
compiling utilHost.c...
compiling utilLog.c...
compiling utilTask.c...
compiling FreeRTOSCommonHooks.c...
linking...
Program Size: Code=13300 RO-data=2740 RW-data=1032 ZI-data=45188  
FromELF: creating hex file...
After Build - User command #1: C:\Keil_v5\\ARM\BIN\ELFDWT.EXE .\Objects\CORE_M4\bootcode.axf BASEADDRESS(0x1A000000)
ELFDWT - Signature Creator V1.4.0.0
COPYRIGHT Copyright (C) 2014-2018, ARM Ldt. and  ARM Germany GmbH
*** Updated Signature over Range[32] (0x1A000000 - 0x1A000018): @0x1A00001C = 0x43FF3AFE
*** Processing completed, no Errors.
After Build - User command #2: AfxToBin.bat M4 bootcode
D:\ProjectCode\AIO\AIO_163_Docking_Board\trunk\project\bootcode>SET CORE=M4 
D:\ProjectCode\AIO\AIO_163_Docking_Board\trunk\project\bootcode>SET FileName=bootcode 
D:\ProjectCode\AIO\AIO_163_Docking_Board\trunk\project\bootcode>rd /q/s ..\..\FwFiles\bootcode\ 
D:\ProjectCode\AIO\AIO_163_Docking_Board\trunk\project\bootcode>md ..\..\FwFiles\bootcode\ 
D:\ProjectCode\AIO\AIO_163_Docking_Board\trunk\project\bootcode>copy .\Objects\CORE_M4\bootcode.hex ..\..\FwFiles\bootcode\bootcode.hex 
複製了         1 個檔案。
D:\ProjectCode\AIO\AIO_163_Docking_Board\trunk\project\bootcode>copy .\Objects\CORE_M4\bootcode.axf ..\..\FwFiles\bootcode\bootcode.axf 
複製了         1 個檔案。
D:\ProjectCode\AIO\AIO_163_Docking_Board\trunk\project\bootcode>copy .\Objects\CORE_M4\bootcode.htm ..\..\FwFiles\bootcode\bootcode.htm 
複製了         1 個檔案。
D:\ProjectCode\AIO\AIO_163_Docking_Board\trunk\project\bootcode>C:\Keil_v5\ARM\ARMCC\bin\fromelf.exe --bincombined --output  ..\..\FwFiles\bootcode\bootcode.bin .\Objects\CORE_M4\bootcode.axf 
D:\ProjectCode\AIO\AIO_163_Docking_Board\trunk\project\bootcode>C:\Keil_v5\ARM\ARMCC\bin\fromelf.exe --bincombined --output  ..\..\src\Configuration_Files\bootcode.bin .\Objects\CORE_M4\bootcode.axf 
".\Objects\CORE_M4\bootcode.axf" - 0 Error(s), 0 Warning(s).

<h2>Software Packages used:</h2>

Package Vendor: Keil
                http://www.keil.com/pack/Keil.LPC4300_DFP.2.9.0.pack
                Keil.LPC4300_DFP.2.9.0
                NXP LPC4300 Series Device Support, Drivers and Examples

<h2>Collection of Component include folders:</h2>
  .\RTE\_bootcode
  C:\Users\Leo\AppData\Local\Arm\Packs\Keil\LPC4300_DFP\2.9.0\Device\Include

<h2>Collection of Component Files used:</h2>
Build Time Elapsed:  00:00:02
</pre>
</body>
</html>
