Component: ARM Compiler 5.06 update 6 (build 750) Tool: armlink [4d35ed]

==============================================================================

Section Cross References

    sysinit.o(i.SystemInit) refers to fpu_init.o(i.fpuInit) for fpuInit
    sysinit.o(i.SystemInit) refers to board_clock.o(i.Board_Clock_Init) for Board_Clock_Init
    sysinit.o(i.SystemInit) refers to keil_startup_lpc18xx43xx.o(RESET) for __Vectors
    keil_startup_lpc18xx43xx.o(STACK) refers (Special) to heapauxi.o(.text) for __use_two_region_memory
    keil_startup_lpc18xx43xx.o(HEAP) refers (Special) to heapauxi.o(.text) for __use_two_region_memory
    keil_startup_lpc18xx43xx.o(RESET) refers (Special) to heapauxi.o(.text) for __use_two_region_memory
    keil_startup_lpc18xx43xx.o(RESET) refers to keil_startup_lpc18xx43xx.o(STACK) for __initial_sp
    keil_startup_lpc18xx43xx.o(RESET) refers to keil_startup_lpc18xx43xx.o(.text) for Reset_Handler
    keil_startup_lpc18xx43xx.o(RESET) refers to port.o(.emb_text) for SVC_Handler
    keil_startup_lpc18xx43xx.o(RESET) refers to port.o(i.SysTick_Handler) for SysTick_Handler
    keil_startup_lpc18xx43xx.o(RESET) refers to board_spi.o(i.SSP0_IRQHandler) for SSP0_IRQHandler
    keil_startup_lpc18xx43xx.o(RESET) refers to board_spi.o(i.SSP1_IRQHandler) for SSP1_IRQHandler
    keil_startup_lpc18xx43xx.o(RESET) refers to board_uart.o(i.UART0_IRQHandler) for UART0_IRQHandler
    keil_startup_lpc18xx43xx.o(RESET) refers to board_uart.o(i.UART1_IRQHandler) for UART1_IRQHandler
    keil_startup_lpc18xx43xx.o(RESET) refers to board_uart.o(i.UART2_IRQHandler) for UART2_IRQHandler
    keil_startup_lpc18xx43xx.o(RESET) refers to board_uart.o(i.UART3_IRQHandler) for UART3_IRQHandler
    keil_startup_lpc18xx43xx.o(RESET) refers to board_gpio.o(i.GPIO0_IRQHandler) for GPIO0_IRQHandler
    keil_startup_lpc18xx43xx.o(RESET) refers to board_gpio.o(i.GPIO1_IRQHandler) for GPIO1_IRQHandler
    keil_startup_lpc18xx43xx.o(RESET) refers to board_gpio.o(i.GPIO2_IRQHandler) for GPIO2_IRQHandler
    keil_startup_lpc18xx43xx.o(RESET) refers to board_gpio.o(i.GPIO3_IRQHandler) for GPIO3_IRQHandler
    keil_startup_lpc18xx43xx.o(RESET) refers to board_gpio.o(i.GPIO4_IRQHandler) for GPIO4_IRQHandler
    keil_startup_lpc18xx43xx.o(RESET) refers to board_gpio.o(i.GPIO5_IRQHandler) for GPIO5_IRQHandler
    keil_startup_lpc18xx43xx.o(RESET) refers to board_gpio.o(i.GPIO6_IRQHandler) for GPIO6_IRQHandler
    keil_startup_lpc18xx43xx.o(RESET) refers to board_gpio.o(i.GPIO7_IRQHandler) for GPIO7_IRQHandler
    keil_startup_lpc18xx43xx.o(.text) refers (Special) to heapauxi.o(.text) for __use_two_region_memory
    keil_startup_lpc18xx43xx.o(.text) refers to sysinit.o(i.SystemInit) for SystemInit
    keil_startup_lpc18xx43xx.o(.text) refers to __main.o(!!!main) for __main
    keil_startup_lpc18xx43xx.o(.text) refers to keil_startup_lpc18xx43xx.o(HEAP) for Heap_Mem
    keil_startup_lpc18xx43xx.o(.text) refers to keil_startup_lpc18xx43xx.o(STACK) for Stack_Mem
    appiapproc.o(i.appIapProc_AppBinInfo_Set) refers to appiapproc.o(.bss) for .bss
    appiapproc.o(i.appIapProc_AppCode_Version_Get) refers to appiapproc.o(.bss) for .bss
    appiapproc.o(i.appIapProc_AppCode_Version_Set) refers to appiapproc.o(.bss) for .bss
    appiapproc.o(i.appIapProc_Bin_Address) refers to appiapproc.o(.bss) for .bss
    appiapproc.o(i.appIapProc_Bin_Address_Get) refers to appiapproc.o(.bss) for .bss
    appiapproc.o(i.appIapProc_Bin_Data) refers to appiapproc.o(.bss) for .bss
    appiapproc.o(i.appIapProc_CheckSum_Get) refers to appiapproc.o(.bss) for .bss
    appiapproc.o(i.appIapProc_IAP_Enable) refers to board_iap.o(i.Board_IAP_Initial) for Board_IAP_Initial
    appiapproc.o(i.appIapProc_IAP_Enable) refers to board_iap.o(i.Board_IAP_Erase) for Board_IAP_Erase
    appiapproc.o(i.appIapProc_IAP_Enable) refers to appiapproc.o(.bss) for .bss
    appiapproc.o(i.appIapProc_IAP_Enable) refers to appiapproc.o(.data) for .data
    appiapproc.o(i.appIapProc_IAP_Enable_Get) refers to appiapproc.o(.data) for .data
    appiapproc.o(i.appIapProc_Init) refers to appiapproc.o(i.appIapProc_Verify) for appIapProc_Verify
    appiapproc.o(i.appIapProc_Init) refers to board.o(i.Board_Init) for Board_Init
    appiapproc.o(i.appIapProc_Init) refers to utillog.o(i.utilLog_Init) for utilLog_Init
    appiapproc.o(i.appIapProc_Init) refers to utilhost.o(i.utilHost_Init) for utilHost_Init
    appiapproc.o(i.appIapProc_Init) refers to tasks.o(i.xTaskCreateStatic) for xTaskCreateStatic
    appiapproc.o(i.appIapProc_Init) refers to tasks.o(i.vTaskStartScheduler) for vTaskStartScheduler
    appiapproc.o(i.appIapProc_Init) refers to appiapproc.o(i.appIapProc_Run_AppCode_Set) for appIapProc_Run_AppCode_Set
    appiapproc.o(i.appIapProc_Init) refers to appiapproc.o(.bss) for .bss
    appiapproc.o(i.appIapProc_Init) refers to appiapproc.o(i.appIapProc_Task) for appIapProc_Task
    appiapproc.o(i.appIapProc_Programing) refers to aeabi_memset.o(.text) for __aeabi_memset
[...]
    i.pxPortInitialiseStack                  0x1a001fe8   Section        0  port.o(i.pxPortInitialiseStack)
    i.utilCLICmd_Execute                     0x1a002014   Section        0  utilclicmd.o(i.utilCLICmd_Execute)
    i.utilCLI_AppVersion_Get                 0x1a002080   Section        0  utilclicmd.o(i.utilCLI_AppVersion_Get)
    utilCLI_AppVersion_Get                   0x1a002081   Thumb Code    18  utilclicmd.o(i.utilCLI_AppVersion_Get)
    i.utilCLI_AppVersion_Set                 0x1a002092   Section        0  utilclicmd.o(i.utilCLI_AppVersion_Set)
    utilCLI_AppVersion_Set                   0x1a002093   Thumb Code    18  utilclicmd.o(i.utilCLI_AppVersion_Set)
    i.utilCLI_Go_To_Bootloader               0x1a0020a4   Section        0  utilclicmd.o(i.utilCLI_Go_To_Bootloader)
    utilCLI_Go_To_Bootloader                 0x1a0020a5   Thumb Code     8  utilclicmd.o(i.utilCLI_Go_To_Bootloader)
    i.utilCLI_IAP_APP_INFO_Set               0x1a0020ac   Section        0  utilclicmd.o(i.utilCLI_IAP_APP_INFO_Set)
    utilCLI_IAP_APP_INFO_Set                 0x1a0020ad   Thumb Code    20  utilclicmd.o(i.utilCLI_IAP_APP_INFO_Set)
    i.utilCLI_IAP_Bin_Address_Set            0x1a0020c0   Section        0  utilclicmd.o(i.utilCLI_IAP_Bin_Address_Set)
    utilCLI_IAP_Bin_Address_Set              0x1a0020c1   Thumb Code    18  utilclicmd.o(i.utilCLI_IAP_Bin_Address_Set)
    i.utilCLI_IAP_Bin_Data_Checksum_Get      0x1a0020d2   Section        0  utilclicmd.o(i.utilCLI_IAP_Bin_Data_Checksum_Get)
    utilCLI_IAP_Bin_Data_Checksum_Get        0x1a0020d3   Thumb Code    18  utilclicmd.o(i.utilCLI_IAP_Bin_Data_Checksum_Get)
    i.utilCLI_IAP_Bin_Data_Program_Set       0x1a0020e4   Section        0  utilclicmd.o(i.utilCLI_IAP_Bin_Data_Program_Set)
    utilCLI_IAP_Bin_Data_Program_Set         0x1a0020e5   Thumb Code    18  utilclicmd.o(i.utilCLI_IAP_Bin_Data_Program_Set)
    i.utilCLI_IAP_Bin_Data_Set               0x1a0020f6   Section        0  utilclicmd.o(i.utilCLI_IAP_Bin_Data_Set)
    utilCLI_IAP_Bin_Data_Set                 0x1a0020f7   Thumb Code    18  utilclicmd.o(i.utilCLI_IAP_Bin_Data_Set)
    i.utilCLI_IAP_Enable_Set                 0x1a002108   Section        0  utilclicmd.o(i.utilCLI_IAP_Enable_Set)
    utilCLI_IAP_Enable_Set                   0x1a002109   Thumb Code    16  utilclicmd.o(i.utilCLI_IAP_Enable_Set)
    i.utilCLI_IAP_Program_Finish_Set         0x1a002118   Section        0  utilclicmd.o(i.utilCLI_IAP_Program_Finish_Set)
    utilCLI_IAP_Program_Finish_Set           0x1a002119   Thumb Code    20  utilclicmd.o(i.utilCLI_IAP_Program_Finish_Set)
    i.utilCLI_IAP_Run_App_Set                0x1a00212c   Section        0  utilclicmd.o(i.utilCLI_IAP_Run_App_Set)
    utilCLI_IAP_Run_App_Set                  0x1a00212d   Thumb Code    18  utilclicmd.o(i.utilCLI_IAP_Run_App_Set)
    i.utilCLI_System_Ready_Get               0x1a00213e   Section        0  utilclicmd.o(i.utilCLI_System_Ready_Get)
    utilCLI_System_Ready_Get                 0x1a00213f   Thumb Code     8  utilclicmd.o(i.utilCLI_System_Ready_Get)
    i.utilCLI_System_Version_Get             0x1a002146   Section        0  utilclicmd.o(i.utilCLI_System_Version_Get)
    utilCLI_System_Version_Get               0x1a002147   Thumb Code    20  utilclicmd.o(i.utilCLI_System_Version_Get)
    i.utilDelayMs                            0x1a00215a   Section        0  utilcounter.o(i.utilDelayMs)
    i.utilHostHandlerTask                    0x1a002178   Section        0  utilhost.o(i.utilHostHandlerTask)
    i.utilHost_Ack_Build                     0x1a002184   Section        0  utilhost.o(i.utilHost_Ack_Build)
    utilHost_Ack_Build                       0x1a002185   Thumb Code    30  utilhost.o(i.utilHost_Ack_Build)
    i.utilHost_CheckSumCalc                  0x1a0021a2   Section        0  utilhost.o(i.utilHost_CheckSumCalc)
    utilHost_CheckSumCalc                    0x1a0021a3   Thumb Code    70  utilhost.o(i.utilHost_CheckSumCalc)
    i.utilHost_Cmd_Execute                   0x1a0021e8   Section        0  utilhost.o(i.utilHost_Cmd_Execute)
    utilHost_Cmd_Execute                     0x1a0021e9   Thumb Code   132  utilhost.o(i.utilHost_Cmd_Execute)
    i.utilHost_Device_Read                   0x1a00226c   Section        0  utilhost.o(i.utilHost_Device_Read)
    utilHost_Device_Read                     0x1a00226d   Thumb Code    10  utilhost.o(i.utilHost_Device_Read)
    i.utilHost_Device_Write                  0x1a002278   Section        0  utilhost.o(i.utilHost_Device_Write)
    utilHost_Device_Write                    0x1a002279   Thumb Code    38  utilhost.o(i.utilHost_Device_Write)
    i.utilHost_Init                          0x1a0022a8   Section        0  utilhost.o(i.utilHost_Init)
    i.utilHost_Package_Print                 0x1a002308   Section        0  utilhost.o(i.utilHost_Package_Print)
    utilHost_Package_Print                   0x1a002309   Thumb Code    20  utilhost.o(i.utilHost_Package_Print)
    i.utilHost_Packet_UnPack                 0x1a00231c   Section        0  utilhost.o(i.utilHost_Packet_UnPack)
    utilHost_Packet_UnPack                   0x1a00231d   Thumb Code    84  utilhost.o(i.utilHost_Packet_UnPack)
    i.utilHost_StateProcess                  0x1a002370   Section        0  utilhost.o(i.utilHost_StateProcess)
    i.utilHost_StateReset                    0x1a00248a   Section        0  utilhost.o(i.utilHost_StateReset)
    utilHost_StateReset                      0x1a00248b   Thumb Code    28  utilhost.o(i.utilHost_StateReset)
    i.utilLog_Init                           0x1a0024a8   Section        0  utillog.o(i.utilLog_Init)
    i.uxListRemove                           0x1a0024c0   Section        0  list.o(i.uxListRemove)
    i.uxQueueMessagesWaiting                 0x1a0024e8   Section        0  queue.o(i.uxQueueMessagesWaiting)
    i.uxQueueMessagesWaitingFromISR          0x1a0024fa   Section        0  queue.o(i.uxQueueMessagesWaitingFromISR)
    i.vApplicationGetIdleTaskMemory          0x1a002504   Section        0  utiltask.o(i.vApplicationGetIdleTaskMemory)
    i.vApplicationIdleHook                   0x1a002518   Section        0  freertoscommonhooks.o(i.vApplicationIdleHook)
    i.vApplicationStackOverflowHook          0x1a00251c   Section        0  freertoscommonhooks.o(i.vApplicationStackOverflowHook)
    i.vListInitialise                        0x1a00252e   Section        0  list.o(i.vListInitialise)
    i.vListInitialiseItem                    0x1a002548   Section        0  list.o(i.vListInitialiseItem)
    i.vListInsert                            0x1a00254e   Section        0  list.o(i.vListInsert)
    i.vListInsertEnd                         0x1a002582   Section        0  list.o(i.vListInsertEnd)
    i.vPortEnterCritical                     0x1a00259c   Section        0  port.o(i.vPortEnterCritical)
    i.vPortExitCritical                      0x1a0025c0   Section        0  port.o(i.vPortExitCritical)
    i.vPortSetupTimerInterrupt               0x1a0025e0   Section        0  port.o(i.vPortSetupTimerInterrupt)
    i.vPortSuppressTicksAndSleep             0x1a002648   Section        0  port.o(i.vPortSuppressTicksAndSleep)
    i.vTaskDelayUntil                        0x1a002794   Section        0  tasks.o(i.vTaskDelayUntil)
    i.vTaskInternalSetTimeOutState           0x1a002808   Section        0  tasks.o(i.vTaskInternalSetTimeOutState)
    i.vTaskMissedYield                       0x1a002820   Section        0  tasks.o(i.vTaskMissedYield)
    i.vTaskPlaceOnEventList                  0x1a00282c   Section        0  tasks.o(i.vTaskPlaceOnEventList)
    i.vTaskPriorityDisinheritAfterTimeout    0x1a00284c   Section        0  tasks.o(i.vTaskPriorityDisinheritAfterTimeout)
    i.vTaskStartScheduler                    0x1a0028fc   Section        0  tasks.o(i.vTaskStartScheduler)
    i.vTaskStepTick                          0x1a002988   Section        0  tasks.o(i.vTaskStepTick)
    i.vTaskSuspend                           0x1a002998   Section        0  tasks.o(i.vTaskSuspend)
    i.vTaskSuspendAll                        0x1a002a64   Section        0  tasks.o(i.vTaskSuspendAll)
    i.vTaskSwitchContext                     0x1a002a74   Section        0  tasks.o(i.vTaskSwitchContext)
    i.xPortStartScheduler                    0x1a002af4   Section        0  port.o(i.xPortStartScheduler)
    i.xQueueCreateMutexStatic                0x1a002b3c   Section        0  queue.o(i.xQueueCreateMutexStatic)
    i.xQueueGenericCreateStatic              0x1a002b66   Section        0  queue.o(i.xQueueGenericCreateStatic)
    i.xQueueGenericReset                     0x1a002b90   Section        0  queue.o(i.xQueueGenericReset)
    i.xQueueGenericSend                      0x1a002c10   Section        0  queue.o(i.xQueueGenericSend)
    i.xQueueGenericSendFromISR               0x1a002d28   Section        0  queue.o(i.xQueueGenericSendFromISR)
    i.xQueueIsQueueEmptyFromISR              0x1a002dae   Section        0  queue.o(i.xQueueIsQueueEmptyFromISR)
    i.xQueueReceive                          0x1a002dc0   Section        0  queue.o(i.xQueueReceive)
    i.xQueueReceiveFromISR                   0x1a002ec4   Section        0  queue.o(i.xQueueReceiveFromISR)
    i.xQueueSemaphoreTake                    0x1a002f48   Section        0  queue.o(i.xQueueSemaphoreTake)
    i.xTaskCheckForTimeOut                   0x1a003078   Section        0  tasks.o(i.xTaskCheckForTimeOut)
    i.xTaskCreateStatic                      0x1a0030d4   Section        0  tasks.o(i.xTaskCreateStatic)
    i.xTaskGetTickCount                      0x1a00311c   Section        0  tasks.o(i.xTaskGetTickCount)
    i.xTaskIncrementTick                     0x1a003128   Section        0  tasks.o(i.xTaskIncrementTick)
    i.xTaskPriorityDisinherit                0x1a003244   Section        0  tasks.o(i.xTaskPriorityDisinherit)
    i.xTaskPriorityInherit                   0x1a0032c8   Section        0  tasks.o(i.xTaskPriorityInherit)
    i.xTaskRemoveFromEventList               0x1a003390   Section        0  tasks.o(i.xTaskRemoveFromEventList)
    i.xTaskResumeAll                         0x1a003414   Section        0  tasks.o(i.xTaskResumeAll)
    x$fpl$fpinit                             0x1a0034fc   Section       10  fpinit.o(x$fpl$fpinit)
    $v0                                      0x1a0034fc   Number         0  fpinit.o(x$fpl$fpinit)
    .constdata                               0x1a003508   Section        4  sysinit.o(.constdata)
    .constdata                               0x1a00350c   Section        4  sysinit.o(.constdata)
    .constdata                               0x1a003510   Section       40  board_clock.o(.constdata)
    InitClkStates                            0x1a003510   Data          40  board_clock.o(.constdata)
    .constdata                               0x1a003538   Section     2114  board_gpio.o(.constdata)
    m_asGpio_INT_Table                       0x1a003538   Data           2  board_gpio.o(.constdata)
    m_apsBoard_GpioInt_IRQ                   0x1a00353a   Data           8  board_gpio.o(.constdata)
    m_asPinMuxCfg                            0x1a003542   Data         696  board_gpio.o(.constdata)
    m_asCLK_PinMuxCfg                        0x1a0037fa   Data          16  board_gpio.o(.constdata)
    m_asDefaultPinConfig                     0x1a00380a   Data        1392  board_gpio.o(.constdata)
    .constdata                               0x1a003d7c   Section       64  board_uart.o(.constdata)
    .constdata                               0x1a003dbc   Section       78  utilclicmd.o(.constdata)
    m_asCmdLut                               0x1a003dbc   Data          78  utilclicmd.o(.constdata)
    .constdata                               0x1a003e0a   Section      108  clock_18xx_43xx.o(.constdata)
    periph_to_base                           0x1a003e0a   Data         108  clock_18xx_43xx.o(.constdata)
    .constdata                               0x1a003e76   Section       16  uart_18xx_43xx.o(.constdata)
    UART_PClock                              0x1a003e76   Data           8  uart_18xx_43xx.o(.constdata)
    UART_BClock                              0x1a003e7e   Data           8  uart_18xx_43xx.o(.constdata)
    .data                                    0x20000000   Section       12  appiapproc.o(.data)
    m_cIapEnable                             0x20000000   Data           1  appiapproc.o(.data)
    m_cRunAppCode                            0x20000001   Data           1  appiapproc.o(.data)
    m_dwLastCheckSum                         0x20000004   Data           4  appiapproc.o(.data)
    m_dwLastAddress                          0x20000008   Data           4  appiapproc.o(.data)
    .data                                    0x2000000c   Section       72  board_spi.o(.data)
    m_axSpiTxQueueHDL                        0x2000000c   Data           8  board_spi.o(.data)
    m_axSpiRxQueueHDL                        0x20000014   Data           8  board_spi.o(.data)
    .data                                    0x20000054   Section      848  board_uart.o(.data)
    m_asBoard_Uart_Cfg                       0x20000054   Data         848  board_uart.o(.data)
    .data                                    0x200003a4   Section        4  utilhost.o(.data)
    xHost_Handle                             0x200003a4   Data           4  utilhost.o(.data)
    .data                                    0x200003a8   Section        8  utillog.o(.data)
    m_dwDebugMask                            0x200003a8   Data           4  utillog.o(.data)
    .data                                    0x200003b0   Section       56  tasks.o(.data)
    pxDelayedTaskList                        0x200003b4   Data           4  tasks.o(.data)
    pxOverflowDelayedTaskList                0x200003b8   Data           4  tasks.o(.data)
    uxCurrentNumberOfTasks                   0x200003bc   Data           4  tasks.o(.data)
    xTickCount                               0x200003c0   Data           4  tasks.o(.data)
    uxTopReadyPriority                       0x200003c4   Data           4  tasks.o(.data)
    xSchedulerRunning                        0x200003c8   Data           4  tasks.o(.data)
    uxPendedTicks                            0x200003cc   Data           4  tasks.o(.data)
    xYieldPending                            0x200003d0   Data           4  tasks.o(.data)
    xNumOfOverflows                          0x200003d4   Data           4  tasks.o(.data)
    uxTaskNumber                             0x200003d8   Data           4  tasks.o(.data)
    xNextTaskUnblockTime                     0x200003dc   Data           4  tasks.o(.data)
    xIdleTaskHandle                          0x200003e0   Data           4  tasks.o(.data)
    uxSchedulerSuspended                     0x200003e4   Data           4  tasks.o(.data)
    .data                                    0x200003e8   Section       16  port.o(.data)
    uxCriticalNesting                        0x200003e8   Data           4  port.o(.data)
    ulTimerCountsForOneTick                  0x200003ec   Data           4  port.o(.data)
    xMaximumPossibleSuppressedTicks          0x200003f0   Data           4  port.o(.data)
    ulStoppedTimerCompensation               0x200003f4   Data           4  port.o(.data)
    .data                                    0x200003f8   Section        4  chip_18xx_43xx.o(.data)
    .data                                    0x200003fc   Section        8  clock_18xx_43xx.o(.data)
    audio_usb_pll_freq                       0x200003fc   Data           8  clock_18xx_43xx.o(.data)
    .data                                    0x20000404   Section        1  uart_18xx_43xx.o(.data)
    ABsyncSts                                0x20000404   Data           1  uart_18xx_43xx.o(.data)
    .bss                                     0x20000408   Section     3196  appiapproc.o(.bss)
    m_sAppMemParam                           0x20000408   Data          16  appiapproc.o(.bss)
    m_sPageData                              0x20000418   Data        1036  appiapproc.o(.bss)
    .bss                                     0x20001084   Section       64  board_gpio.o(.bss)
    .bss                                     0x200010c4   Section      160  board_spi.o(.bss)
    .bss                                     0x20001164   Section     4416  board_spi.o(.bss)
    m_axSpiTxQueue                           0x20001164   Data         160  board_spi.o(.bss)
    m_acSpiTxBuffer                          0x20001204   Data        2048  board_spi.o(.bss)
    m_axSpiRxQueue                           0x20001a04   Data         160  board_spi.o(.bss)
    m_acSpiRxBuffer                          0x20001aa4   Data        2048  board_spi.o(.bss)
    .bss                                     0x200022a4   Section       64  board_uart.o(.bss)
    m_acTx0Buffer                            0x200022a4   Data          64  board_uart.o(.bss)
    .bss                                     0x200022e4   Section       64  board_uart.o(.bss)
    m_acTx1Buffer                            0x200022e4   Data          64  board_uart.o(.bss)
    .bss                                     0x20002324   Section       64  board_uart.o(.bss)
    m_acTx2Buffer                            0x20002324   Data          64  board_uart.o(.bss)
    .bss                                     0x20002364   Section     2048  board_uart.o(.bss)
    m_acTx3Buffer                            0x20002364   Data        2048  board_uart.o(.bss)
    .bss                                     0x20002b64   Section     2048  board_uart.o(.bss)
    m_acRx0Buffer                            0x20002b64   Data        2048  board_uart.o(.bss)
    .bss                                     0x20003364   Section     1024  board_uart.o(.bss)
    m_acRx1Buffer                            0x20003364   Data        1024  board_uart.o(.bss)
    .bss                                     0x20003764   Section      256  board_uart.o(.bss)
    m_acRx2Buffer                            0x20003764   Data         256  board_uart.o(.bss)
    .bss                                     0x20003864   Section      512  board_uart.o(.bss)
    m_acRx3Buffer                            0x20003864   Data         512  board_uart.o(.bss)
    .bss                                     0x20003a64   Section       16  board_uart.o(.bss)
    m_xTxQueue                               0x20003a64   Data          16  board_uart.o(.bss)
    .bss                                     0x20003a74   Section       16  board_uart.o(.bss)
    m_xRxQueue                               0x20003a74   Data          16  board_uart.o(.bss)
    .bss                                     0x20003a84   Section      320  board_uart.o(.bss)
    .bss                                     0x20003bc4   Section     3228  utilhost.o(.bss)
    m_sMsgState                              0x20003bc4   Data        1082  utilhost.o(.bss)
    m_xHostTaskTCB                           0x20004000   Data          96  utilhost.o(.bss)
    m_axHostStack                            0x20004060   Data        2048  utilhost.o(.bss)
    .bss                                     0x20004860   Section      336  utillog.o(.bss)
    acString                                 0x20004860   Data         256  utillog.o(.bss)
    .bss                                     0x200049b0   Section     1728  utiltask.o(.bss)
    xIdleTaskTCB                             0x200049b0   Data          96  utiltask.o(.bss)
    uxIdleTaskStack                          0x20004a10   Data         512  utiltask.o(.bss)
    xTimerTaskTCB                            0x20004c10   Data          96  utiltask.o(.bss)
    .bss                                     0x20005070   Section    24576  freertoscommonhooks.o(.bss)
    extra_heap                               0x20005070   Data       24576  freertoscommonhooks.o(.bss)
    .bss                                     0x2000b070   Section      180  tasks.o(.bss)
    pxReadyTasksLists                        0x2000b070   Data         100  tasks.o(.bss)
    xDelayedTaskList1                        0x2000b0d4   Data          20  tasks.o(.bss)
    xDelayedTaskList2                        0x2000b0e8   Data          20  tasks.o(.bss)
    xPendingReadyList                        0x2000b0fc   Data          20  tasks.o(.bss)
    xSuspendedTaskList                       0x2000b110   Data          20  tasks.o(.bss)
    .bss                                     0x2000b124   Section       96  libspace.o(.bss)
    HEAP                                     0x2000b188   Section        0  keil_startup_lpc18xx43xx.o(HEAP)
    STACK                                    0x2000b188   Section      768  keil_startup_lpc18xx43xx.o(STACK)
    Heap_Mem                                 0x2000b188   Data           0  keil_startup_lpc18xx43xx.o(HEAP)
    Stack_Mem                                0x2000b188   Data         768  keil_startup_lpc18xx43xx.o(STACK)
    __initial_sp                             0x2000b488   Data           0  keil_startup_lpc18xx43xx.o(STACK)

    Global Symbols

    Symbol Name                              Value     Ov Type        Size  Object(Section)

    BuildAttributes$$THM_ISAv4$E$P$D$K$B$S$7EM$VFPi3$EXTD16$VFPS$VFMA$PE$A:L22UL41UL21$X:L11$S22US41US21$IEEE1$IW$USESV6$~STKCKD$USESV7$~SHL$OTIME$ROPI$IEEEJ$EBA8$UX$STANDARDLIB$REQ8$PRES8$EABIv2 0x00000000   Number         0  anon$$obj.o ABSOLUTE
    __ARM_use_no_argv                        0x00000000   Number         0  main.o ABSOLUTE
    _printf_flags                            0x00000000   Number         0  printf_stubs.o ABSOLUTE
    _printf_return_value                     0x00000000   Number         0  printf_stubs.o ABSOLUTE
    _printf_sizespec                         0x00000000   Number         0  printf_stubs.o ABSOLUTE
    _printf_widthprec                        0x00000000   Number         0  printf_stubs.o ABSOLUTE
    __ARM_exceptions_init                     - Undefined Weak Reference
    __alloca_initialize                       - Undefined Weak Reference
    __arm_preinit_                            - Undefined Weak Reference
    __cpp_initialize__aeabi_                  - Undefined Weak Reference
    __cxa_finalize                            - Undefined Weak Reference
    __sigvec_lookup                           - Undefined Weak Reference
    _atexit_init                              - Undefined Weak Reference
    _call_atexit_fns                          - Undefined Weak Reference
    _clock_init                               - Undefined Weak Reference
    _fp_trap_init                             - Undefined Weak Reference
    _fp_trap_shutdown                         - Undefined Weak Reference
    _get_lc_collate                           - Undefined Weak Reference
    _get_lc_monetary                          - Undefined Weak Reference
    _get_lc_time                              - Undefined Weak Reference
    _getenv_init                              - Undefined Weak Reference
    _handle_redirection                       - Undefined Weak Reference
    _init_alloc                               - Undefined Weak Reference
    _init_user_alloc                          - Undefined Weak Reference
    _initio                                   - Undefined Weak Reference
    _printf_mbtowc                            - Undefined Weak Reference
    _printf_wc                                - Undefined Weak Reference
    _rand_init                                - Undefined Weak Reference
    _signal_finish                            - Undefined Weak Reference
    _signal_init                              - Undefined Weak Reference
    _terminate_alloc                          - Undefined Weak Reference
    _terminate_user_alloc                     - Undefined Weak Reference
    _terminateio                              - Undefined Weak Reference
    g_dwStayInBootLoaderFlag                 0x10007ff0   Data           4  appiapproc.o(.ARM.__AT_0x10007FF0)
    __Vectors                                0x1a000000   Data           4  keil_startup_lpc18xx43xx.o(RESET)
    __main                                   0x1a000115   Thumb Code     8  __main.o(!!!main)
    __scatterload                            0x1a00011d   Thumb Code     0  __scatter.o(!!!scatter)
    __scatterload_rt2                        0x1a00011d   Thumb Code    44  __scatter.o(!!!scatter)
    __scatterload_rt2_thumb_only             0x1a00011d   Thumb Code     0  __scatter.o(!!!scatter)
    __scatterload_null                       0x1a00012b   Thumb Code     0  __scatter.o(!!!scatter)
    __decompress                             0x1a000151   Thumb Code    90  __dczerorl2.o(!!dczerorl2)
    __decompress1                            0x1a000151   Thumb Code     0  __dczerorl2.o(!!dczerorl2)
    __scatterload_zeroinit                   0x1a0001ad   Thumb Code    28  __scatter_zi.o(!!handler_zi)
    __rt_lib_init                            0x1a0001c9   Thumb Code     0  libinit.o(.ARM.Collect$$libinit$$00000000)
    __rt_lib_init_fp_1                       0x1a0001cb   Thumb Code     0  libinit2.o(.ARM.Collect$$libinit$$00000001)
    __rt_lib_init_alloca_1                   0x1a0001cf   Thumb Code     0  libinit2.o(.ARM.Collect$$libinit$$0000002E)
    __rt_lib_init_argv_1                     0x1a0001cf   Thumb Code     0  libinit2.o(.ARM.Collect$$libinit$$0000002C)
    __rt_lib_init_atexit_1                   0x1a0001cf   Thumb Code     0  libinit2.o(.ARM.Collect$$libinit$$0000001B)
    __rt_lib_init_clock_1                    0x1a0001cf   Thumb Code     0  libinit2.o(.ARM.Collect$$libinit$$00000021)
    __rt_lib_init_cpp_1                      0x1a0001cf   Thumb Code     0  libinit2.o(.ARM.Collect$$libinit$$00000032)
    __rt_lib_init_exceptions_1               0x1a0001cf   Thumb Code     0  libinit2.o(.ARM.Collect$$libinit$$00000030)
    __rt_lib_init_fp_trap_1                  0x1a0001cf   Thumb Code     0  libinit2.o(.ARM.Collect$$libinit$$0000001F)
    __rt_lib_init_getenv_1                   0x1a0001cf   Thumb Code     0  libinit2.o(.ARM.Collect$$libinit$$00000023)
    __rt_lib_init_heap_1                     0x1a0001cf   Thumb Code     0  libinit2.o(.ARM.Collect$$libinit$$0000000A)
    __rt_lib_init_lc_collate_1               0x1a0001cf   Thumb Code     0  libinit2.o(.ARM.Collect$$libinit$$00000011)
    __rt_lib_init_lc_ctype_1                 0x1a0001cf   Thumb Code     0  libinit2.o(.ARM.Collect$$libinit$$00000013)
    __rt_lib_init_lc_monetary_1              0x1a0001cf   Thumb Code     0  libinit2.o(.ARM.Collect$$libinit$$00000015)
    __rt_lib_init_lc_numeric_1               0x1a0001cf   Thumb Code     0  libinit2.o(.ARM.Collect$$libinit$$00000017)
    __rt_lib_init_lc_time_1                  0x1a0001cf   Thumb Code     0  libinit2.o(.ARM.Collect$$libinit$$00000019)
    __rt_lib_init_preinit_1                  0x1a0001cf   Thumb Code     0  libinit2.o(.ARM.Collect$$libinit$$00000004)
    __rt_lib_init_rand_1                     0x1a0001cf   Thumb Code     0  libinit2.o(.ARM.Collect$$libinit$$0000000E)
    __rt_lib_init_return                     0x1a0001cf   Thumb Code     0  libinit2.o(.ARM.Collect$$libinit$$00000033)
    __rt_lib_init_signal_1                   0x1a0001cf   Thumb Code     0  libinit2.o(.ARM.Collect$$libinit$$0000001D)
    __rt_lib_init_stdio_1                    0x1a0001cf   Thumb Code     0  libinit2.o(.ARM.Collect$$libinit$$00000025)
    __rt_lib_init_user_alloc_1               0x1a0001cf   Thumb Code     0  libinit2.o(.ARM.Collect$$libinit$$0000000C)
    __rt_lib_shutdown                        0x1a0001d1   Thumb Code     0  libshutdown.o(.ARM.Collect$$libshutdown$$00000000)
    __rt_lib_shutdown_cpp_1                  0x1a0001d3   Thumb Code     0  libshutdown2.o(.ARM.Collect$$libshutdown$$00000002)
    __rt_lib_shutdown_fp_trap_1              0x1a0001d3   Thumb Code     0  libshutdown2.o(.ARM.Collect$$libshutdown$$00000007)
    __rt_lib_shutdown_heap_1                 0x1a0001d3   Thumb Code     0  libshutdown2.o(.ARM.Collect$$libshutdown$$0000000F)
    __rt_lib_shutdown_return                 0x1a0001d3   Thumb Code     0  libshutdown2.o(.ARM.Collect$$libshutdown$$00000010)
    __rt_lib_shutdown_signal_1               0x1a0001d3   Thumb Code     0  libshutdown2.o(.ARM.Collect$$libshutdown$$0000000A)
    __rt_lib_shutdown_stdio_1                0x1a0001d3   Thumb Code     0  libshutdown2.o(.ARM.Collect$$libshutdown$$00000004)
    __rt_lib_shutdown_user_alloc_1           0x1a0001d3   Thumb Code     0  libshutdown2.o(.ARM.Collect$$libshutdown$$0000000C)
    __rt_entry                               0x1a0001d5   Thumb Code     0  __rtentry.o(.ARM.Collect$$rtentry$$00000000)
    __rt_entry_presh_1                       0x1a0001d5   Thumb Code     0  __rtentry2.o(.ARM.Collect$$rtentry$$00000002)
    __rt_entry_sh                            0x1a0001d5   Thumb Code     0  __rtentry4.o(.ARM.Collect$$rtentry$$00000004)
    __rt_entry_li                            0x1a0001db   Thumb Code     0  __rtentry2.o(.ARM.Collect$$rtentry$$0000000A)
    __rt_entry_postsh_1                      0x1a0001db   Thumb Code     0  __rtentry2.o(.ARM.Collect$$rtentry$$00000009)
    __rt_entry_main                          0x1a0001df   Thumb Code     0  __rtentry2.o(.ARM.Collect$$rtentry$$0000000D)
    __rt_entry_postli_1                      0x1a0001df   Thumb Code     0  __rtentry2.o(.ARM.Collect$$rtentry$$0000000C)
    __rt_exit                                0x1a0001e7   Thumb Code     0  rtexit.o(.ARM.Collect$$rtexit$$00000000)
    __rt_exit_ls                             0x1a0001e9   Thumb Code     0  rtexit2.o(.ARM.Collect$$rtexit$$00000003)
    __rt_exit_prels_1                        0x1a0001e9   Thumb Code     0  rtexit2.o(.ARM.Collect$$rtexit$$00000002)
    __rt_exit_exit                           0x1a0001ed   Thumb Code     0  rtexit2.o(.ARM.Collect$$rtexit$$00000004)
    SVC_Handler                              0x1a0001f5   Thumb Code    28  port.o(.emb_text)
    __asm___6_port_c_39a90d8d__prvStartFirstTask 0x1a000215   Thumb Code    36  port.o(.emb_text)
    __asm___6_port_c_39a90d8d__prvEnableVFP  0x1a00023d   Thumb Code    16  port.o(.emb_text)
    PendSV_Handler                           0x1a000251   Thumb Code    88  port.o(.emb_text)
    vPortGetIPSR                             0x1a0002ad   Thumb Code     6  port.o(.emb_text)
    Reset_Handler                            0x1a0002b5   Thumb Code     8  keil_startup_lpc18xx43xx.o(.text)
    NMI_Handler                              0x1a0002bd   Thumb Code     2  keil_startup_lpc18xx43xx.o(.text)
    HardFault_Handler                        0x1a0002bf   Thumb Code     2  keil_startup_lpc18xx43xx.o(.text)
    MemManage_Handler                        0x1a0002c1   Thumb Code     2  keil_startup_lpc18xx43xx.o(.text)
    BusFault_Handler                         0x1a0002c3   Thumb Code     2  keil_startup_lpc18xx43xx.o(.text)
    UsageFault_Handler                       0x1a0002c5   Thumb Code     2  keil_startup_lpc18xx43xx.o(.text)
    DebugMon_Handler                         0x1a0002c9   Thumb Code     2  keil_startup_lpc18xx43xx.o(.text)
    UnHandled_Vector                         0x1a0002cf   Thumb Code     2  keil_startup_lpc18xx43xx.o(.text)
    ADC0_IRQHandler                          0x1a0002d1   Thumb Code     0  keil_startup_lpc18xx43xx.o(.text)
    ADC1_IRQHandler                          0x1a0002d1   Thumb Code     0  keil_startup_lpc18xx43xx.o(.text)
    ADCHS_IRQHandler                         0x1a0002d1   Thumb Code     0  keil_startup_lpc18xx43xx.o(.text)
    ATIMER_IRQHandler                        0x1a0002d1   Thumb Code     0  keil_startup_lpc18xx43xx.o(.text)
    CAN0_IRQHandler                          0x1a0002d1   Thumb Code     0  keil_startup_lpc18xx43xx.o(.text)
    CAN1_IRQHandler                          0x1a0002d1   Thumb Code     0  keil_startup_lpc18xx43xx.o(.text)
    DAC_IRQHandler                           0x1a0002d1   Thumb Code     0  keil_startup_lpc18xx43xx.o(.text)
    DMA_IRQHandler                           0x1a0002d1   Thumb Code     0  keil_startup_lpc18xx43xx.o(.text)
    ETH_IRQHandler                           0x1a0002d1   Thumb Code     0  keil_startup_lpc18xx43xx.o(.text)
    EVRT_IRQHandler                          0x1a0002d1   Thumb Code     0  keil_startup_lpc18xx43xx.o(.text)
    FLASH_EEPROM_IRQHandler                  0x1a0002d1   Thumb Code     0  keil_startup_lpc18xx43xx.o(.text)
    GINT0_IRQHandler                         0x1a0002d1   Thumb Code     0  keil_startup_lpc18xx43xx.o(.text)
    GINT1_IRQHandler                         0x1a0002d1   Thumb Code     0  keil_startup_lpc18xx43xx.o(.text)
    I2C0_IRQHandler                          0x1a0002d1   Thumb Code     0  keil_startup_lpc18xx43xx.o(.text)
    I2C1_IRQHandler                          0x1a0002d1   Thumb Code     0  keil_startup_lpc18xx43xx.o(.text)
    I2S0_IRQHandler                          0x1a0002d1   Thumb Code     0  keil_startup_lpc18xx43xx.o(.text)
    I2S1_IRQHandler                          0x1a0002d1   Thumb Code     0  keil_startup_lpc18xx43xx.o(.text)
    LCD_IRQHandler                           0x1a0002d1   Thumb Code     0  keil_startup_lpc18xx43xx.o(.text)
    M0APP_IRQHandler                         0x1a0002d1   Thumb Code     0  keil_startup_lpc18xx43xx.o(.text)
    M0SUB_IRQHandler                         0x1a0002d1   Thumb Code     0  keil_startup_lpc18xx43xx.o(.text)
    MCPWM_IRQHandler                         0x1a0002d1   Thumb Code     0  keil_startup_lpc18xx43xx.o(.text)
    QEI_IRQHandler                           0x1a0002d1   Thumb Code     0  keil_startup_lpc18xx43xx.o(.text)
    RIT_IRQHandler                           0x1a0002d1   Thumb Code     0  keil_startup_lpc18xx43xx.o(.text)
    RTC_IRQHandler                           0x1a0002d1   Thumb Code     0  keil_startup_lpc18xx43xx.o(.text)
    SCT_IRQHandler                           0x1a0002d1   Thumb Code     0  keil_startup_lpc18xx43xx.o(.text)
    SDIO_IRQHandler                          0x1a0002d1   Thumb Code     0  keil_startup_lpc18xx43xx.o(.text)
    SGPIO_IRQHandler                         0x1a0002d1   Thumb Code     0  keil_startup_lpc18xx43xx.o(.text)
    SPIFI_IRQHandler                         0x1a0002d1   Thumb Code     0  keil_startup_lpc18xx43xx.o(.text)
    SPI_IRQHandler                           0x1a0002d1   Thumb Code     0  keil_startup_lpc18xx43xx.o(.text)
    TIMER0_IRQHandler                        0x1a0002d1   Thumb Code     0  keil_startup_lpc18xx43xx.o(.text)
    TIMER1_IRQHandler                        0x1a0002d1   Thumb Code     0  keil_startup_lpc18xx43xx.o(.text)
    TIMER2_IRQHandler                        0x1a0002d1   Thumb Code     0  keil_startup_lpc18xx43xx.o(.text)
    TIMER3_IRQHandler                        0x1a0002d1   Thumb Code     0  keil_startup_lpc18xx43xx.o(.text)
    USB0_IRQHandler                          0x1a0002d1   Thumb Code     0  keil_startup_lpc18xx43xx.o(.text)
    USB1_IRQHandler                          0x1a0002d1   Thumb Code     0  keil_startup_lpc18xx43xx.o(.text)
    WDT_IRQHandler                           0x1a0002d1   Thumb Code     0  keil_startup_lpc18xx43xx.o(.text)
    __user_initial_stackheap                 0x1a0002d5   Thumb Code     0  keil_startup_lpc18xx43xx.o(.text)
    __aeabi_uldivmod                         0x1a0002f5   Thumb Code     0  lludivv7m.o(.text)
    _ll_udiv                                 0x1a0002f5   Thumb Code   238  lludivv7m.o(.text)
    __aeabi_memcpy                           0x1a0003e3   Thumb Code     0  rt_memcpy_v6.o(.text)
    __rt_memcpy                              0x1a0003e3   Thumb Code   138  rt_memcpy_v6.o(.text)
    _memcpy_lastbytes                        0x1a000449   Thumb Code     0  rt_memcpy_v6.o(.text)
    __aeabi_memset                           0x1a00046d   Thumb Code    16  aeabi_memset.o(.text)
    __aeabi_memclr                           0x1a00047d   Thumb Code     0  rt_memclr.o(.text)
    __rt_memclr                              0x1a00047d   Thumb Code    68  rt_memclr.o(.text)
    _memset                                  0x1a000481   Thumb Code     0  rt_memclr.o(.text)
    __aeabi_memclr4                          0x1a0004c1   Thumb Code     0  rt_memclr_w.o(.text)
    __aeabi_memclr8                          0x1a0004c1   Thumb Code     0  rt_memclr_w.o(.text)
    __rt_memclr_w                            0x1a0004c1   Thumb Code    78  rt_memclr_w.o(.text)
    _memset_w                                0x1a0004c5   Thumb Code     0  rt_memclr_w.o(.text)
    __use_two_region_memory                  0x1a00050f   Thumb Code     2  heapauxi.o(.text)
    __rt_heap_escrow$2region                 0x1a000511   Thumb Code     2  heapauxi.o(.text)
    __rt_heap_expand$2region                 0x1a000513   Thumb Code     2  heapauxi.o(.text)
    __aeabi_memcpy4                          0x1a000515   Thumb Code     0  rt_memcpy_w.o(.text)
    __aeabi_memcpy8                          0x1a000515   Thumb Code     0  rt_memcpy_w.o(.text)
    __rt_memcpy_w                            0x1a000515   Thumb Code   100  rt_memcpy_w.o(.text)
    _memcpy_lastbytes_aligned                0x1a00055d   Thumb Code     0  rt_memcpy_w.o(.text)
    __user_setup_stackheap                   0x1a000579   Thumb Code    74  sys_stackheap_outer.o(.text)
    exit                                     0x1a0005c3   Thumb Code    18  exit.o(.text)
    __user_libspace                          0x1a0005d5   Thumb Code     8  libspace.o(.text)
    __user_perproc_libspace                  0x1a0005d5   Thumb Code     0  libspace.o(.text)
    __user_perthread_libspace                0x1a0005d5   Thumb Code     0  libspace.o(.text)
    Board_Clock_Init                         0x1a0005dd   Thumb Code   168  board_clock.o(i.Board_Clock_Init)
    Board_Gpio_Init                          0x1a000695   Thumb Code    38  board_gpio.o(i.Board_Gpio_Init)
    Board_Gpio_PinMux                        0x1a0006c5   Thumb Code   118  board_gpio.o(i.Board_Gpio_PinMux)
    Board_Gpio_Set                           0x1a000749   Thumb Code    48  board_gpio.o(i.Board_Gpio_Set)
    Board_IAP_Addr_To_Sector                 0x1a000781   Thumb Code   100  board_iap.o(i.Board_IAP_Addr_To_Sector)
    Board_IAP_Erase                          0x1a0007e5   Thumb Code    82  board_iap.o(i.Board_IAP_Erase)
    Board_IAP_Initial                        0x1a000837   Thumb Code    28  board_iap.o(i.Board_IAP_Initial)
    Board_IAP_Write                          0x1a000853   Thumb Code    78  board_iap.o(i.Board_IAP_Write)
    Board_Init                               0x1a0008a1   Thumb Code    46  board.o(i.Board_Init)
    Board_SSP_IRQ_Handler                    0x1a0008d1   Thumb Code   314  board_spi.o(i.Board_SSP_IRQ_Handler)
    Board_SSP_Init                           0x1a000a15   Thumb Code   256  board_spi.o(i.Board_SSP_Init)
    Board_SSP_Slave_Read                     0x1a000b21   Thumb Code   104  board_spi.o(i.Board_SSP_Slave_Read)
    Board_SSP_Slave_Write                    0x1a000b8d   Thumb Code   192  board_spi.o(i.Board_SSP_Slave_Write)
    Board_Uart_Init                          0x1a000d0d   Thumb Code   232  board_uart.o(i.Board_Uart_Init)
    Chip_Clock_DisableCrystal                0x1a000e0d   Thumb Code    12  clock_18xx_43xx.o(i.Chip_Clock_DisableCrystal)
    Chip_Clock_DisableMainPLL                0x1a000e1d   Thumb Code    12  clock_18xx_43xx.o(i.Chip_Clock_DisableMainPLL)
    Chip_Clock_Enable                        0x1a000e2d   Thumb Code    40  clock_18xx_43xx.o(i.Chip_Clock_Enable)
    Chip_Clock_EnableCrystal                 0x1a000e59   Thumb Code    54  clock_18xx_43xx.o(i.Chip_Clock_EnableCrystal)
    Chip_Clock_EnableOpts                    0x1a000e9d   Thumb Code    46  clock_18xx_43xx.o(i.Chip_Clock_EnableOpts)
    Chip_Clock_GetBaseClock                  0x1a000ed1   Thumb Code    26  clock_18xx_43xx.o(i.Chip_Clock_GetBaseClock)
    Chip_Clock_GetBaseClocktHz               0x1a000ef1   Thumb Code    14  clock_18xx_43xx.o(i.Chip_Clock_GetBaseClocktHz)
    Chip_Clock_GetClockInputHz               0x1a000f01   Thumb Code   132  clock_18xx_43xx.o(i.Chip_Clock_GetClockInputHz)
    Chip_Clock_GetDividerDivisor             0x1a000fc5   Thumb Code    18  clock_18xx_43xx.o(i.Chip_Clock_GetDividerDivisor)
    Chip_Clock_GetDividerSource              0x1a000fe5   Thumb Code    22  clock_18xx_43xx.o(i.Chip_Clock_GetDividerSource)
    Chip_Clock_GetMainPLLHz                  0x1a001001   Thumb Code    84  clock_18xx_43xx.o(i.Chip_Clock_GetMainPLLHz)
    Chip_Clock_GetRate                       0x1a00105d   Thumb Code   112  clock_18xx_43xx.o(i.Chip_Clock_GetRate)
    Chip_Clock_MainPLLLocked                 0x1a0010d5   Thumb Code    10  clock_18xx_43xx.o(i.Chip_Clock_MainPLLLocked)
    Chip_Clock_SetBaseClock                  0x1a0010e5   Thumb Code    48  clock_18xx_43xx.o(i.Chip_Clock_SetBaseClock)
    Chip_Clock_SetupMainPLLHz                0x1a00111d   Thumb Code   130  clock_18xx_43xx.o(i.Chip_Clock_SetupMainPLLHz)
    Chip_Clock_SetupMainPLLMult              0x1a0011a1   Thumb Code   132  clock_18xx_43xx.o(i.Chip_Clock_SetupMainPLLMult)
    Chip_GPIO_SetPinDIR                      0x1a00124d   Thumb Code    26  gpio_18xx_43xx.o(i.Chip_GPIO_SetPinDIR)
    Chip_IAP_CopyRamToFlash                  0x1a001269   Thumb Code    46  iap_18xx_43xx.o(i.Chip_IAP_CopyRamToFlash)
    Chip_IAP_EraseSector                     0x1a00129d   Thumb Code    44  iap_18xx_43xx.o(i.Chip_IAP_EraseSector)
    Chip_IAP_PreSectorForReadWrite           0x1a0012cd   Thumb Code    32  iap_18xx_43xx.o(i.Chip_IAP_PreSectorForReadWrite)
    Chip_RGU_InReset                         0x1a0012ed   Thumb Code    28  rgu_18xx_43xx.o(i.Chip_RGU_InReset)
    Chip_RGU_TriggerReset                    0x1a00130d   Thumb Code    20  rgu_18xx_43xx.o(i.Chip_RGU_TriggerReset)
    Chip_SSP_Init                            0x1a00134d   Thumb Code    44  ssp_18xx_43xx.o(i.Chip_SSP_Init)
    Chip_SSP_SetBitRate                      0x1a00137d   Thumb Code    60  ssp_18xx_43xx.o(i.Chip_SSP_SetBitRate)
    Chip_SSP_SetClockRate                    0x1a0013b9   Thumb Code    18  ssp_18xx_43xx.o(i.Chip_SSP_SetClockRate)
    Chip_UART_ABIntHandler                   0x1a0013cd   Thumb Code    56  uart_18xx_43xx.o(i.Chip_UART_ABIntHandler)
    Chip_UART_Init                           0x1a001435   Thumb Code    66  uart_18xx_43xx.o(i.Chip_UART_Init)
    Chip_UART_SetBaudFDR                     0x1a001481   Thumb Code   200  uart_18xx_43xx.o(i.Chip_UART_SetBaudFDR)
    GPIO0_IRQHandler                         0x1a00154d   Thumb Code     6  board_gpio.o(i.GPIO0_IRQHandler)
    GPIO1_IRQHandler                         0x1a001553   Thumb Code     6  board_gpio.o(i.GPIO1_IRQHandler)
    GPIO2_IRQHandler                         0x1a001559   Thumb Code     6  board_gpio.o(i.GPIO2_IRQHandler)
    GPIO3_IRQHandler                         0x1a00155f   Thumb Code     6  board_gpio.o(i.GPIO3_IRQHandler)
    GPIO4_IRQHandler                         0x1a001565   Thumb Code     6  board_gpio.o(i.GPIO4_IRQHandler)
    GPIO5_IRQHandler                         0x1a00156b   Thumb Code     6  board_gpio.o(i.GPIO5_IRQHandler)
    GPIO6_IRQHandler                         0x1a001571   Thumb Code     6  board_gpio.o(i.GPIO6_IRQHandler)
    GPIO7_IRQHandler                         0x1a001577   Thumb Code     6  board_gpio.o(i.GPIO7_IRQHandler)
    SSP0_IRQHandler                          0x1a0015eb   Thumb Code     6  board_spi.o(i.SSP0_IRQHandler)
    SSP1_IRQHandler                          0x1a0015f1   Thumb Code     6  board_spi.o(i.SSP1_IRQHandler)
    SysTick_Handler                          0x1a0015f9   Thumb Code    46  port.o(i.SysTick_Handler)
    SystemCoreClockUpdate                    0x1a00162d   Thumb Code    14  chip_18xx_43xx.o(i.SystemCoreClockUpdate)
    SystemInit                               0x1a001641   Thumb Code    22  sysinit.o(i.SystemInit)
    UART0_IRQHandler                         0x1a001661   Thumb Code    16  board_uart.o(i.UART0_IRQHandler)
    UART1_IRQHandler                         0x1a001675   Thumb Code    16  board_uart.o(i.UART1_IRQHandler)
    UART2_IRQHandler                         0x1a001689   Thumb Code    16  board_uart.o(i.UART2_IRQHandler)
    UART3_IRQHandler                         0x1a00169d   Thumb Code    16  board_uart.o(i.UART3_IRQHandler)
    __user_heap_extend                       0x1a0016b1   Thumb Code    18  freertoscommonhooks.o(i.__user_heap_extend)
    _sys_exit                                0x1a0016c9   Thumb Code     4  utillog.o(i._sys_exit)
    appIapProc_AppBinInfo_Set                0x1a0016cd   Thumb Code    46  appiapproc.o(i.appIapProc_AppBinInfo_Set)
    appIapProc_AppCode_Version_Get           0x1a001709   Thumb Code     8  appiapproc.o(i.appIapProc_AppCode_Version_Get)
    appIapProc_AppCode_Version_Set           0x1a001715   Thumb Code     8  appiapproc.o(i.appIapProc_AppCode_Version_Set)
    appIapProc_Bin_Address                   0x1a001721   Thumb Code    10  appiapproc.o(i.appIapProc_Bin_Address)
    appIapProc_Bin_Data                      0x1a001731   Thumb Code    50  appiapproc.o(i.appIapProc_Bin_Data)
    appIapProc_CheckSum_Get                  0x1a001769   Thumb Code    14  appiapproc.o(i.appIapProc_CheckSum_Get)
    appIapProc_IAP_Enable                    0x1a00177d   Thumb Code    62  appiapproc.o(i.appIapProc_IAP_Enable)
    appIapProc_Init                          0x1a0017c9   Thumb Code    64  appiapproc.o(i.appIapProc_Init)
    appIapProc_Programing                    0x1a00181d   Thumb Code   150  appiapproc.o(i.appIapProc_Programing)
    appIapProc_Programing_Finish             0x1a0018c1   Thumb Code    92  appiapproc.o(i.appIapProc_Programing_Finish)
    appIapProc_Run_AppCode_Set               0x1a00192d   Thumb Code    78  appiapproc.o(i.appIapProc_Run_AppCode_Set)
    appIapProc_Run_App_Flag_Set              0x1a001995   Thumb Code    12  appiapproc.o(i.appIapProc_Run_App_Flag_Set)
    appIapProc_Task                          0x1a0019ad   Thumb Code    38  appiapproc.o(i.appIapProc_Task)
    eTaskConfirmSleepModeStatus              0x1a001a49   Thumb Code    42  tasks.o(i.eTaskConfirmSleepModeStatus)
    fpuInit                                  0x1a001a85   Thumb Code    46  fpu_init.o(i.fpuInit)
    main                                     0x1a001acb   Thumb Code    16  main.o(i.main)
    pvTaskIncrementMutexHeldCount            0x1a001fc9   Thumb Code    26  tasks.o(i.pvTaskIncrementMutexHeldCount)
    pxPortInitialiseStack                    0x1a001fe9   Thumb Code    38  port.o(i.pxPortInitialiseStack)
    utilCLICmd_Execute                       0x1a002015   Thumb Code   104  utilclicmd.o(i.utilCLICmd_Execute)
    utilDelayMs                              0x1a00215b   Thumb Code    28  utilcounter.o(i.utilDelayMs)
    utilHostHandlerTask                      0x1a002179   Thumb Code     8  utilhost.o(i.utilHostHandlerTask)
    utilHost_Init                            0x1a0022a9   Thumb Code    54  utilhost.o(i.utilHost_Init)
    utilHost_StateProcess                    0x1a002371   Thumb Code   282  utilhost.o(i.utilHost_StateProcess)
    utilLog_Init                             0x1a0024a9   Thumb Code    16  utillog.o(i.utilLog_Init)
    uxListRemove                             0x1a0024c1   Thumb Code    40  list.o(i.uxListRemove)
    uxQueueMessagesWaiting                   0x1a0024e9   Thumb Code    18  queue.o(i.uxQueueMessagesWaiting)
    uxQueueMessagesWaitingFromISR            0x1a0024fb   Thumb Code     8  queue.o(i.uxQueueMessagesWaitingFromISR)
    vApplicationGetIdleTaskMemory            0x1a002505   Thumb Code    16  utiltask.o(i.vApplicationGetIdleTaskMemory)
    vApplicationIdleHook                     0x1a002519   Thumb Code     4  freertoscommonhooks.o(i.vApplicationIdleHook)
    vApplicationStackOverflowHook            0x1a00251d   Thumb Code    18  freertoscommonhooks.o(i.vApplicationStackOverflowHook)
    vListInitialise                          0x1a00252f   Thumb Code    26  list.o(i.vListInitialise)
    vListInitialiseItem                      0x1a002549   Thumb Code     6  list.o(i.vListInitialiseItem)
    vListInsert                              0x1a00254f   Thumb Code    52  list.o(i.vListInsert)
    vListInsertEnd                           0x1a002583   Thumb Code    24  list.o(i.vListInsertEnd)
    vPortEnterCritical                       0x1a00259d   Thumb Code    30  port.o(i.vPortEnterCritical)
    vPortExitCritical                        0x1a0025c1   Thumb Code    28  port.o(i.vPortExitCritical)
    vPortSetupTimerInterrupt                 0x1a0025e1   Thumb Code    86  port.o(i.vPortSetupTimerInterrupt)
    vPortSuppressTicksAndSleep               0x1a002649   Thumb Code   320  port.o(i.vPortSuppressTicksAndSleep)
    vTaskDelayUntil                          0x1a002795   Thumb Code   106  tasks.o(i.vTaskDelayUntil)
    vTaskInternalSetTimeOutState             0x1a002809   Thumb Code    14  tasks.o(i.vTaskInternalSetTimeOutState)
    vTaskMissedYield                         0x1a002821   Thumb Code     8  tasks.o(i.vTaskMissedYield)
    vTaskPlaceOnEventList                    0x1a00282d   Thumb Code    28  tasks.o(i.vTaskPlaceOnEventList)
    vTaskPriorityDisinheritAfterTimeout      0x1a00284d   Thumb Code   166  tasks.o(i.vTaskPriorityDisinheritAfterTimeout)
    vTaskStartScheduler                      0x1a0028fd   Thumb Code   110  tasks.o(i.vTaskStartScheduler)
    vTaskStepTick                            0x1a002989   Thumb Code    12  tasks.o(i.vTaskStepTick)
    vTaskSuspend                             0x1a002999   Thumb Code   174  tasks.o(i.vTaskSuspend)
    vTaskSuspendAll                          0x1a002a65   Thumb Code    12  tasks.o(i.vTaskSuspendAll)
    vTaskSwitchContext                       0x1a002a75   Thumb Code   106  tasks.o(i.vTaskSwitchContext)
    xPortStartScheduler                      0x1a002af5   Thumb Code    58  port.o(i.xPortStartScheduler)
    xQueueCreateMutexStatic                  0x1a002b3d   Thumb Code    42  queue.o(i.xQueueCreateMutexStatic)
    xQueueGenericCreateStatic                0x1a002b67   Thumb Code    40  queue.o(i.xQueueGenericCreateStatic)
    xQueueGenericReset                       0x1a002b91   Thumb Code   122  queue.o(i.xQueueGenericReset)
    xQueueGenericSend                        0x1a002c11   Thumb Code   276  queue.o(i.xQueueGenericSend)
    xQueueGenericSendFromISR                 0x1a002d29   Thumb Code   134  queue.o(i.xQueueGenericSendFromISR)
    xQueueIsQueueEmptyFromISR                0x1a002daf   Thumb Code    16  queue.o(i.xQueueIsQueueEmptyFromISR)
    xQueueReceive                            0x1a002dc1   Thumb Code   256  queue.o(i.xQueueReceive)
    xQueueReceiveFromISR                     0x1a002ec5   Thumb Code   130  queue.o(i.xQueueReceiveFromISR)
    xQueueSemaphoreTake                      0x1a002f49   Thumb Code   300  queue.o(i.xQueueSemaphoreTake)
    xTaskCheckForTimeOut                     0x1a003079   Thumb Code    84  tasks.o(i.xTaskCheckForTimeOut)
    xTaskCreateStatic                        0x1a0030d5   Thumb Code    72  tasks.o(i.xTaskCreateStatic)
    xTaskGetTickCount                        0x1a00311d   Thumb Code     6  tasks.o(i.xTaskGetTickCount)
    xTaskIncrementTick                       0x1a003129   Thumb Code   238  tasks.o(i.xTaskIncrementTick)
    xTaskPriorityDisinherit                  0x1a003245   Thumb Code   122  tasks.o(i.xTaskPriorityDisinherit)
    xTaskPriorityInherit                     0x1a0032c9   Thumb Code   186  tasks.o(i.xTaskPriorityInherit)
    xTaskRemoveFromEventList                 0x1a003391   Thumb Code   108  tasks.o(i.xTaskRemoveFromEventList)
    xTaskResumeAll                           0x1a003415   Thumb Code   196  tasks.o(i.xTaskResumeAll)
    _fp_init                                 0x1a0034fd   Thumb Code    10  fpinit.o(x$fpl$fpinit)
    __fplib_config_fpu_vfp                   0x1a003505   Thumb Code     0  fpinit.o(x$fpl$fpinit)
    __fplib_config_pureend_doubles           0x1a003505   Thumb Code     0  fpinit.o(x$fpl$fpinit)
    ExtRateIn                                0x1a003508   Data           4  sysinit.o(.constdata)
    OscRateIn                                0x1a00350c   Data           4  sysinit.o(.constdata)
    Region$$Table$$Base                      0x1a003e88   Number         0  anon$$obj.o(Region$$Table)
    Region$$Table$$Limit                     0x1a003ea8   Number         0  anon$$obj.o(Region$$Table)
    m_apsBoard_Ssp_Cfg                       0x2000001c   Data          56  board_spi.o(.data)
    m_xLogSemaphore                          0x200003ac   Data           4  utillog.o(.data)
    pxCurrentTCB                             0x200003b0   Data           4  tasks.o(.data)
    SystemCoreClock                          0x200003f8   Data           4  chip_18xx_43xx.o(.data)
    m_xIapMainTaskTCB                        0x20000824   Data          96  appiapproc.o(.bss)
    m_axIapMainStack                         0x20000884   Data        2048  appiapproc.o(.bss)
    fpGpioIntRiseCallback                    0x20001084   Data          32  board_gpio.o(.bss)
    fpGpioIntFallCallback                    0x200010a4   Data          32  board_gpio.o(.bss)
    m_axSpiSemaphoreBuffer                   0x200010c4   Data         160  board_spi.o(.bss)
    m_axUartSemaphoreBuffer                  0x20003a84   Data         320  board_uart.o(.bss)
    m_xLogSemaphoreBuffer                    0x20004960   Data          80  utillog.o(.bss)
    uxTimerTaskStack                         0x20004c70   Data        1024  utiltask.o(.bss)
    __libspace_start                         0x2000b124   Data          96  libspace.o(.bss)
    __temporary_stack_top$libspace           0x2000b184   Data           0  libspace.o(.bss)



==============================================================================

Memory Map of the image

  Image Entry point : 0x1a000115

  Load Region LR_IROM1 (Base: 0x1a000000, Size: 0x000042b0, Max: 0x00080000, ABSOLUTE, COMPRESSED[0x00003f30])

    Execution Region ER_IROM1 (Exec base: 0x1a000000, Load base: 0x1a000000, Size: 0x00003ea8, Max: 0x00080000, ABSOLUTE)

    Exec Addr    Load Addr    Size         Type   Attr      Idx    E Section Name        Object

    0x1a000000   0x1a000000   0x00000114   Data   RO          298    RESET               keil_startup_lpc18xx43xx.o
    0x1a000114   0x1a000114   0x00000008   Code   RO         3239  * !!!main             c_w.l(__main.o)
    0x1a00011c   0x1a00011c   0x00000034   Code   RO         3574    !!!scatter          c_w.l(__scatter.o)
    0x1a000150   0x1a000150   0x0000005a   Code   RO         3572    !!dczerorl2         c_w.l(__dczerorl2.o)
    0x1a0001aa   0x1a0001aa   0x00000002   PAD
    0x1a0001ac   0x1a0001ac   0x0000001c   Code   RO         3576    !!handler_zi        c_w.l(__scatter_zi.o)
    0x1a0001c8   0x1a0001c8   0x00000002   Code   RO         3434    .ARM.Collect$$libinit$$00000000  c_w.l(libinit.o)
    0x1a0001ca   0x1a0001ca   0x00000004   Code   RO         3456    .ARM.Collect$$libinit$$00000001  c_w.l(libinit2.o)
    0x1a0001ce   0x1a0001ce   0x00000000   Code   RO         3459    .ARM.Collect$$libinit$$00000004  c_w.l(libinit2.o)
    0x1a0001ce   0x1a0001ce   0x00000000   Code   RO         3462    .ARM.Collect$$libinit$$0000000A  c_w.l(libinit2.o)
    0x1a0001ce   0x1a0001ce   0x00000000   Code   RO         3464    .ARM.Collect$$libinit$$0000000C  c_w.l(libinit2.o)
    0x1a0001ce   0x1a0001ce   0x00000000   Code   RO         3466    .ARM.Collect$$libinit$$0000000E  c_w.l(libinit2.o)
    0x1a0001ce   0x1a0001ce   0x00000000   Code   RO         3469    .ARM.Collect$$libinit$$00000011  c_w.l(libinit2.o)
    0x1a0001ce   0x1a0001ce   0x00000000   Code   RO         3471    .ARM.Collect$$libinit$$00000013  c_w.l(libinit2.o)
    0x1a0001ce   0x1a0001ce   0x00000000   Code   RO         3473    .ARM.Collect$$libinit$$00000015  c_w.l(libinit2.o)
    0x1a0001ce   0x1a0001ce   0x00000000   Code   RO         3475    .ARM.Collect$$libinit$$00000017  c_w.l(libinit2.o)
    0x1a0001ce   0x1a0001ce   0x00000000   Code   RO         3477    .ARM.Collect$$libinit$$00000019  c_w.l(libinit2.o)
    0x1a0001ce   0x1a0001ce   0x00000000   Code   RO         3479    .ARM.Collect$$libinit$$0000001B  c_w.l(libinit2.o)
    0x1a0001ce   0x1a0001ce   0x00000000   Code   RO         3481    .ARM.Collect$$libinit$$0000001D  c_w.l(libinit2.o)
    0x1a0001ce   0x1a0001ce   0x00000000   Code   RO         3483    .ARM.Collect$$libinit$$0000001F  c_w.l(libinit2.o)
    0x1a0001ce   0x1a0001ce   0x00000000   Code   RO         3485    .ARM.Collect$$libinit$$00000021  c_w.l(libinit2.o)
    0x1a0001ce   0x1a0001ce   0x00000000   Code   RO         3487    .ARM.Collect$$libinit$$00000023  c_w.l(libinit2.o)
    0x1a0001ce   0x1a0001ce   0x00000000   Code   RO         3489    .ARM.Collect$$libinit$$00000025  c_w.l(libinit2.o)
    0x1a0001ce   0x1a0001ce   0x00000000   Code   RO         3493    .ARM.Collect$$libinit$$0000002C  c_w.l(libinit2.o)
    0x1a0001ce   0x1a0001ce   0x00000000   Code   RO         3495    .ARM.Collect$$libinit$$0000002E  c_w.l(libinit2.o)
    0x1a0001ce   0x1a0001ce   0x00000000   Code   RO         3497    .ARM.Collect$$libinit$$00000030  c_w.l(libinit2.o)
    0x1a0001ce   0x1a0001ce   0x00000000   Code   RO         3499    .ARM.Collect$$libinit$$00000032  c_w.l(libinit2.o)
    0x1a0001ce   0x1a0001ce   0x00000002   Code   RO         3500    .ARM.Collect$$libinit$$00000033  c_w.l(libinit2.o)
    0x1a0001d0   0x1a0001d0   0x00000002   Code   RO         3526    .ARM.Collect$$libshutdown$$00000000  c_w.l(libshutdown.o)
    0x1a0001d2   0x1a0001d2   0x00000000   Code   RO         3555    .ARM.Collect$$libshutdown$$00000002  c_w.l(libshutdown2.o)
    0x1a0001d2   0x1a0001d2   0x00000000   Code   RO         3557    .ARM.Collect$$libshutdown$$00000004  c_w.l(libshutdown2.o)
    0x1a0001d2   0x1a0001d2   0x00000000   Code   RO         3560    .ARM.Collect$$libshutdown$$00000007  c_w.l(libshutdown2.o)
    0x1a0001d2   0x1a0001d2   0x00000000   Code   RO         3563    .ARM.Collect$$libshutdown$$0000000A  c_w.l(libshutdown2.o)
    0x1a0001d2   0x1a0001d2   0x00000000   Code   RO         3565    .ARM.Collect$$libshutdown$$0000000C  c_w.l(libshutdown2.o)
    0x1a0001d2   0x1a0001d2   0x00000000   Code   RO         3568    .ARM.Collect$$libshutdown$$0000000F  c_w.l(libshutdown2.o)
    0x1a0001d2   0x1a0001d2   0x00000002   Code   RO         3569    .ARM.Collect$$libshutdown$$00000010  c_w.l(libshutdown2.o)
    0x1a0001d4   0x1a0001d4   0x00000000   Code   RO         3241    .ARM.Collect$$rtentry$$00000000  c_w.l(__rtentry.o)
    0x1a0001d4   0x1a0001d4   0x00000000   Code   RO         3350    .ARM.Collect$$rtentry$$00000002  c_w.l(__rtentry2.o)
    0x1a0001d4   0x1a0001d4   0x00000006   Code   RO         3362    .ARM.Collect$$rtentry$$00000004  c_w.l(__rtentry4.o)
    0x1a0001da   0x1a0001da   0x00000000   Code   RO         3352    .ARM.Collect$$rtentry$$00000009  c_w.l(__rtentry2.o)
    0x1a0001da   0x1a0001da   0x00000004   Code   RO         3353    .ARM.Collect$$rtentry$$0000000A  c_w.l(__rtentry2.o)
    0x1a0001de   0x1a0001de   0x00000000   Code   RO         3355    .ARM.Collect$$rtentry$$0000000C  c_w.l(__rtentry2.o)
    0x1a0001de   0x1a0001de   0x00000008   Code   RO         3356    .ARM.Collect$$rtentry$$0000000D  c_w.l(__rtentry2.o)
    0x1a0001e6   0x1a0001e6   0x00000002   Code   RO         3443    .ARM.Collect$$rtexit$$00000000  c_w.l(rtexit.o)
    0x1a0001e8   0x1a0001e8   0x00000000   Code   RO         3502    .ARM.Collect$$rtexit$$00000002  c_w.l(rtexit2.o)
    0x1a0001e8   0x1a0001e8   0x00000004   Code   RO         3503    .ARM.Collect$$rtexit$$00000003  c_w.l(rtexit2.o)
    0x1a0001ec   0x1a0001ec   0x00000006   Code   RO         3504    .ARM.Collect$$rtexit$$00000004  c_w.l(rtexit2.o)
    0x1a0001f2   0x1a0001f2   0x00000002   PAD
    0x1a0001f4   0x1a0001f4   0x000000be   Code   RO         2117    .emb_text           lib_freertos.lib(port.o)
    0x1a0002b2   0x1a0002b2   0x00000002   PAD
    0x1a0002b4   0x1a0002b4   0x00000040   Code   RO          299    .text               keil_startup_lpc18xx43xx.o
    0x1a0002f4   0x1a0002f4   0x000000ee   Code   RO         3223    .text               c_w.l(lludivv7m.o)
    0x1a0003e2   0x1a0003e2   0x0000008a   Code   RO         3229    .text               c_w.l(rt_memcpy_v6.o)
    0x1a00046c   0x1a00046c   0x00000010   Code   RO         3231    .text               c_w.l(aeabi_memset.o)
    0x1a00047c   0x1a00047c   0x00000044   Code   RO         3233    .text               c_w.l(rt_memclr.o)
    0x1a0004c0   0x1a0004c0   0x0000004e   Code   RO         3235    .text               c_w.l(rt_memclr_w.o)
    0x1a00050e   0x1a00050e   0x00000006   Code   RO         3237    .text               c_w.l(heapauxi.o)
    0x1a000514   0x1a000514   0x00000064   Code   RO         3339    .text               c_w.l(rt_memcpy_w.o)
    0x1a000578   0x1a000578   0x0000004a   Code   RO         3384    .text               c_w.l(sys_stackheap_outer.o)
    0x1a0005c2   0x1a0005c2   0x00000012   Code   RO         3423    .text               c_w.l(exit.o)
    0x1a0005d4   0x1a0005d4   0x00000008   Code   RO         3440    .text               c_w.l(libspace.o)
    0x1a0005dc   0x1a0005dc   0x000000b8   Code   RO          585    i.Board_Clock_Init  board_clock.o
    0x1a000694   0x1a000694   0x00000030   Code   RO          617    i.Board_Gpio_Init   board_gpio.o
    0x1a0006c4   0x1a0006c4   0x00000084   Code   RO          619    i.Board_Gpio_PinMux  board_gpio.o
    0x1a000748   0x1a000748   0x00000038   Code   RO          620    i.Board_Gpio_Set    board_gpio.o
    0x1a000780   0x1a000780   0x00000064   Code   RO          798    i.Board_IAP_Addr_To_Sector  board_iap.o
    0x1a0007e4   0x1a0007e4   0x00000052   Code   RO          799    i.Board_IAP_Erase   board_iap.o
    0x1a000836   0x1a000836   0x0000001c   Code   RO          800    i.Board_IAP_Initial  board_iap.o
    0x1a000852   0x1a000852   0x0000004e   Code   RO          802    i.Board_IAP_Write   board_iap.o
    0x1a0008a0   0x1a0008a0   0x0000002e   Code   RO          517    i.Board_Init        board.o
    0x1a0008ce   0x1a0008ce   0x00000002   PAD
    0x1a0008d0   0x1a0008d0   0x00000144   Code   RO          849    i.Board_SSP_IRQ_Handler  board_spi.o
    0x1a000a14   0x1a000a14   0x0000010c   Code   RO          850    i.Board_SSP_Init    board_spi.o
    0x1a000b20   0x1a000b20   0x0000006c   Code   RO          854    i.Board_SSP_Slave_Read  board_spi.o
    0x1a000b8c   0x1a000b8c   0x000000c4   Code   RO          856    i.Board_SSP_Slave_Write  board_spi.o
    0x1a000c50   0x1a000c50   0x000000bc   Code   RO          958    i.Board_Uart_IRQHandler  board_uart.o
    0x1a000d0c   0x1a000d0c   0x00000100   Code   RO          959    i.Board_Uart_Init   board_uart.o
    0x1a000e0c   0x1a000e0c   0x00000010   Code   RO         2440    i.Chip_Clock_DisableCrystal  lib_lpc_chip_43xx_m4.lib(clock_18xx_43xx.o)
    0x1a000e1c   0x1a000e1c   0x00000010   Code   RO         2441    i.Chip_Clock_DisableMainPLL  lib_lpc_chip_43xx_m4.lib(clock_18xx_43xx.o)
    0x1a000e2c   0x1a000e2c   0x0000002c   Code   RO         2443    i.Chip_Clock_Enable  lib_lpc_chip_43xx_m4.lib(clock_18xx_43xx.o)
    0x1a000e58   0x1a000e58   0x00000044   Code   RO         2445    i.Chip_Clock_EnableCrystal  lib_lpc_chip_43xx_m4.lib(clock_18xx_43xx.o)
    0x1a000e9c   0x1a000e9c   0x00000034   Code   RO         2447    i.Chip_Clock_EnableOpts  lib_lpc_chip_43xx_m4.lib(clock_18xx_43xx.o)
    0x1a000ed0   0x1a000ed0   0x00000020   Code   RO         2449    i.Chip_Clock_GetBaseClock  lib_lpc_chip_43xx_m4.lib(clock_18xx_43xx.o)
    0x1a000ef0   0x1a000ef0   0x0000000e   Code   RO         2451    i.Chip_Clock_GetBaseClocktHz  lib_lpc_chip_43xx_m4.lib(clock_18xx_43xx.o)
    0x1a000efe   0x1a000efe   0x00000002   PAD
    0x1a000f00   0x1a000f00   0x000000a0   Code   RO         2452    i.Chip_Clock_GetClockInputHz  lib_lpc_chip_43xx_m4.lib(clock_18xx_43xx.o)
    0x1a000fa0   0x1a000fa0   0x00000022   Code   RO         2453    i.Chip_Clock_GetDivRate  lib_lpc_chip_43xx_m4.lib(clock_18xx_43xx.o)
    0x1a000fc2   0x1a000fc2   0x00000002   PAD
    0x1a000fc4   0x1a000fc4   0x00000020   Code   RO         2454    i.Chip_Clock_GetDividerDivisor  lib_lpc_chip_43xx_m4.lib(clock_18xx_43xx.o)
    0x1a000fe4   0x1a000fe4   0x0000001c   Code   RO         2455    i.Chip_Clock_GetDividerSource  lib_lpc_chip_43xx_m4.lib(clock_18xx_43xx.o)
    0x1a001000   0x1a001000   0x0000005c   Code   RO         2457    i.Chip_Clock_GetMainPLLHz  lib_lpc_chip_43xx_m4.lib(clock_18xx_43xx.o)
    0x1a00105c   0x1a00105c   0x00000078   Code   RO         2459    i.Chip_Clock_GetRate  lib_lpc_chip_43xx_m4.lib(clock_18xx_43xx.o)
    0x1a0010d4   0x1a0010d4   0x00000010   Code   RO         2461    i.Chip_Clock_MainPLLLocked  lib_lpc_chip_43xx_m4.lib(clock_18xx_43xx.o)
    0x1a0010e4   0x1a0010e4   0x00000038   Code   RO         2463    i.Chip_Clock_SetBaseClock  lib_lpc_chip_43xx_m4.lib(clock_18xx_43xx.o)
    0x1a00111c   0x1a00111c   0x00000082   Code   RO         2465    i.Chip_Clock_SetupMainPLLHz  lib_lpc_chip_43xx_m4.lib(clock_18xx_43xx.o)
    0x1a00119e   0x1a00119e   0x00000002   PAD
    0x1a0011a0   0x1a0011a0   0x00000094   Code   RO         2466    i.Chip_Clock_SetupMainPLLMult  lib_lpc_chip_43xx_m4.lib(clock_18xx_43xx.o)
    0x1a001234   0x1a001234   0x00000018   Code   RO         2469    i.Chip_Clock_TestMainPLLMultiplier  lib_lpc_chip_43xx_m4.lib(clock_18xx_43xx.o)
    0x1a00124c   0x1a00124c   0x0000001a   Code   RO         2655    i.Chip_GPIO_SetPinDIR  lib_lpc_chip_43xx_m4.lib(gpio_18xx_43xx.o)
    0x1a001266   0x1a001266   0x00000002   PAD
    0x1a001268   0x1a001268   0x00000034   Code   RO         3010    i.Chip_IAP_CopyRamToFlash  lib_lpc_chip_43xx_m4.lib(iap_18xx_43xx.o)
    0x1a00129c   0x1a00129c   0x00000030   Code   RO         3012    i.Chip_IAP_EraseSector  lib_lpc_chip_43xx_m4.lib(iap_18xx_43xx.o)
    0x1a0012cc   0x1a0012cc   0x00000020   Code   RO         3013    i.Chip_IAP_PreSectorForReadWrite  lib_lpc_chip_43xx_m4.lib(iap_18xx_43xx.o)
    0x1a0012ec   0x1a0012ec   0x00000020   Code   RO         2706    i.Chip_RGU_InReset  lib_lpc_chip_43xx_m4.lib(rgu_18xx_43xx.o)
    0x1a00130c   0x1a00130c   0x00000018   Code   RO         2707    i.Chip_RGU_TriggerReset  lib_lpc_chip_43xx_m4.lib(rgu_18xx_43xx.o)
    0x1a001324   0x1a001324   0x00000014   Code   RO         2758    i.Chip_SSP_GetClockIndex  lib_lpc_chip_43xx_m4.lib(ssp_18xx_43xx.o)
    0x1a001338   0x1a001338   0x0000000a   Code   RO          858    i.Chip_SSP_GetRawIntStatus  board_spi.o
    0x1a001342   0x1a001342   0x0000000a   Code   RO          859    i.Chip_SSP_GetStatus  board_spi.o
    0x1a00134c   0x1a00134c   0x00000030   Code   RO         2761    i.Chip_SSP_Init     lib_lpc_chip_43xx_m4.lib(ssp_18xx_43xx.o)
    0x1a00137c   0x1a00137c   0x0000003c   Code   RO         2767    i.Chip_SSP_SetBitRate  lib_lpc_chip_43xx_m4.lib(ssp_18xx_43xx.o)
    0x1a0013b8   0x1a0013b8   0x00000012   Code   RO         2768    i.Chip_SSP_SetClockRate  lib_lpc_chip_43xx_m4.lib(ssp_18xx_43xx.o)
    0x1a0013ca   0x1a0013ca   0x00000002   PAD
    0x1a0013cc   0x1a0013cc   0x0000003c   Code   RO         2876    i.Chip_UART_ABIntHandler  lib_lpc_chip_43xx_m4.lib(uart_18xx_43xx.o)
    0x1a001408   0x1a001408   0x0000002c   Code   RO         2880    i.Chip_UART_GetIndex  lib_lpc_chip_43xx_m4.lib(uart_18xx_43xx.o)
    0x1a001434   0x1a001434   0x0000004c   Code   RO         2882    i.Chip_UART_Init    lib_lpc_chip_43xx_m4.lib(uart_18xx_43xx.o)
    0x1a001480   0x1a001480   0x000000cc   Code   RO         2891    i.Chip_UART_SetBaudFDR  lib_lpc_chip_43xx_m4.lib(uart_18xx_43xx.o)
    0x1a00154c   0x1a00154c   0x00000006   Code   RO          622    i.GPIO0_IRQHandler  board_gpio.o
    0x1a001552   0x1a001552   0x00000006   Code   RO          623    i.GPIO1_IRQHandler  board_gpio.o
    0x1a001558   0x1a001558   0x00000006   Code   RO          624    i.GPIO2_IRQHandler  board_gpio.o
    0x1a00155e   0x1a00155e   0x00000006   Code   RO          625    i.GPIO3_IRQHandler  board_gpio.o
    0x1a001564   0x1a001564   0x00000006   Code   RO          626    i.GPIO4_IRQHandler  board_gpio.o
    0x1a00156a   0x1a00156a   0x00000006   Code   RO          627    i.GPIO5_IRQHandler  board_gpio.o
    0x1a001570   0x1a001570   0x00000006   Code   RO          628    i.GPIO6_IRQHandler  board_gpio.o
    0x1a001576   0x1a001576   0x00000006   Code   RO          629    i.GPIO7_IRQHandler  board_gpio.o
    0x1a00157c   0x1a00157c   0x00000058   Code   RO          630    i.GPIO_Interrupt_Handler  board_gpio.o
    0x1a0015d4   0x1a0015d4   0x00000016   Code   RO          631    i.NVIC_ClearPendingIRQ  board_gpio.o
    0x1a0015ea   0x1a0015ea   0x00000006   Code   RO          860    i.SSP0_IRQHandler   board_spi.o
    0x1a0015f0   0x1a0015f0   0x00000006   Code   RO          861    i.SSP1_IRQHandler   board_spi.o
    0x1a0015f6   0x1a0015f6   0x00000002   PAD
    0x1a0015f8   0x1a0015f8   0x00000034   Code   RO         2118    i.SysTick_Handler   lib_freertos.lib(port.o)
    0x1a00162c   0x1a00162c   0x00000014   Code   RO         2205    i.SystemCoreClockUpdate  lib_lpc_chip_43xx_m4.lib(chip_18xx_43xx.o)
    0x1a001640   0x1a001640   0x00000020   Code   RO            3    i.SystemInit        sysinit.o
    0x1a001660   0x1a001660   0x00000014   Code   RO          965    i.UART0_IRQHandler  board_uart.o
    0x1a001674   0x1a001674   0x00000014   Code   RO          966    i.UART1_IRQHandler  board_uart.o
    0x1a001688   0x1a001688   0x00000014   Code   RO          967    i.UART2_IRQHandler  board_uart.o
    0x1a00169c   0x1a00169c   0x00000014   Code   RO          968    i.UART3_IRQHandler  board_uart.o
    0x1a0016b0   0x1a0016b0   0x00000018   Code   RO         1437    i.__user_heap_extend  freertoscommonhooks.o
    0x1a0016c8   0x1a0016c8   0x00000004   Code   RO         1302    i._sys_exit         utillog.o
    0x1a0016cc   0x1a0016cc   0x0000003c   Code   RO          305    i.appIapProc_AppBinInfo_Set  appiapproc.o
    0x1a001708   0x1a001708   0x0000000c   Code   RO          306    i.appIapProc_AppCode_Version_Get  appiapproc.o
    0x1a001714   0x1a001714   0x0000000c   Code   RO          307    i.appIapProc_AppCode_Version_Set  appiapproc.o
    0x1a001720   0x1a001720   0x00000010   Code   RO          308    i.appIapProc_Bin_Address  appiapproc.o
    0x1a001730   0x1a001730   0x00000038   Code   RO          310    i.appIapProc_Bin_Data  appiapproc.o
    0x1a001768   0x1a001768   0x00000014   Code   RO          311    i.appIapProc_CheckSum_Get  appiapproc.o
    0x1a00177c   0x1a00177c   0x0000004c   Code   RO          312    i.appIapProc_IAP_Enable  appiapproc.o
    0x1a0017c8   0x1a0017c8   0x00000054   Code   RO          314    i.appIapProc_Init   appiapproc.o
    0x1a00181c   0x1a00181c   0x000000a4   Code   RO          316    i.appIapProc_Programing  appiapproc.o
    0x1a0018c0   0x1a0018c0   0x0000006c   Code   RO          317    i.appIapProc_Programing_Finish  appiapproc.o
    0x1a00192c   0x1a00192c   0x00000068   Code   RO          318    i.appIapProc_Run_AppCode_Set  appiapproc.o
    0x1a001994   0x1a001994   0x00000018   Code   RO          319    i.appIapProc_Run_App_Flag_Set  appiapproc.o
    0x1a0019ac   0x1a0019ac   0x0000002c   Code   RO          320    i.appIapProc_Task   appiapproc.o
    0x1a0019d8   0x1a0019d8   0x00000070   Code   RO          321    i.appIapProc_Verify  appiapproc.o
    0x1a001a48   0x1a001a48   0x0000003c   Code   RO         1752    i.eTaskConfirmSleepModeStatus  lib_freertos.lib(tasks.o)
    0x1a001a84   0x1a001a84   0x0000003c   Code   RO         3096    i.fpuInit           lib_lpc_chip_43xx_m4.lib(fpu_init.o)
    0x1a001ac0   0x1a001ac0   0x0000000a   Code   RO         3019    i.iap_entry         lib_lpc_chip_43xx_m4.lib(iap_18xx_43xx.o)
    0x1a001aca   0x1a001aca   0x00000010   Code   RO          483    i.main              main.o
    0x1a001ada   0x1a001ada   0x00000002   PAD
    0x1a001adc   0x1a001adc   0x00000098   Code   RO         1755    i.prvAddCurrentTaskToDelayedList  lib_freertos.lib(tasks.o)
    0x1a001b74   0x1a001b74   0x000000b8   Code   RO         1756    i.prvAddNewTaskToReadyList  lib_freertos.lib(tasks.o)
    0x1a001c2c   0x1a001c2c   0x00000002   Code   RO         1757    i.prvCheckTasksWaitingTermination  lib_freertos.lib(tasks.o)
    0x1a001c2e   0x1a001c2e   0x0000002a   Code   RO         1505    i.prvCopyDataFromQueue  lib_freertos.lib(queue.o)
    0x1a001c58   0x1a001c58   0x0000007e   Code   RO         1506    i.prvCopyDataToQueue  lib_freertos.lib(queue.o)
    0x1a001cd6   0x1a001cd6   0x00000014   Code   RO         1507    i.prvGetDisinheritPriorityAfterTimeout  lib_freertos.lib(queue.o)
    0x1a001cea   0x1a001cea   0x00000002   PAD
    0x1a001cec   0x1a001cec   0x0000004c   Code   RO         1758    i.prvGetExpectedIdleTime  lib_freertos.lib(tasks.o)
    0x1a001d38   0x1a001d38   0x00000050   Code   RO         1759    i.prvIdleTask       lib_freertos.lib(tasks.o)
    0x1a001d88   0x1a001d88   0x0000001e   Code   RO         1508    i.prvInitialiseMutex  lib_freertos.lib(queue.o)
    0x1a001da6   0x1a001da6   0x0000002a   Code   RO         1509    i.prvInitialiseNewQueue  lib_freertos.lib(queue.o)
    0x1a001dd0   0x1a001dd0   0x0000009a   Code   RO         1760    i.prvInitialiseNewTask  lib_freertos.lib(tasks.o)
    0x1a001e6a   0x1a001e6a   0x00000002   PAD
    0x1a001e6c   0x1a001e6c   0x0000005c   Code   RO         1761    i.prvInitialiseTaskLists  lib_freertos.lib(tasks.o)
    0x1a001ec8   0x1a001ec8   0x0000001a   Code   RO         1510    i.prvIsQueueEmpty   lib_freertos.lib(queue.o)
    0x1a001ee2   0x1a001ee2   0x0000001e   Code   RO         1511    i.prvIsQueueFull    lib_freertos.lib(queue.o)
    0x1a001f00   0x1a001f00   0x00000034   Code   RO         1763    i.prvResetNextTaskUnblockTime  lib_freertos.lib(tasks.o)
    0x1a001f34   0x1a001f34   0x00000016   Code   RO         2119    i.prvTaskExitError  lib_freertos.lib(port.o)
    0x1a001f4a   0x1a001f4a   0x0000007e   Code   RO         1512    i.prvUnlockQueue    lib_freertos.lib(queue.o)
    0x1a001fc8   0x1a001fc8   0x00000020   Code   RO         1766    i.pvTaskIncrementMutexHeldCount  lib_freertos.lib(tasks.o)
    0x1a001fe8   0x1a001fe8   0x0000002c   Code   RO         2120    i.pxPortInitialiseStack  lib_freertos.lib(port.o)
    0x1a002014   0x1a002014   0x0000006c   Code   RO         1065    i.utilCLICmd_Execute  utilclicmd.o
    0x1a002080   0x1a002080   0x00000012   Code   RO         1066    i.utilCLI_AppVersion_Get  utilclicmd.o
    0x1a002092   0x1a002092   0x00000012   Code   RO         1067    i.utilCLI_AppVersion_Set  utilclicmd.o
    0x1a0020a4   0x1a0020a4   0x00000008   Code   RO         1068    i.utilCLI_Go_To_Bootloader  utilclicmd.o
    0x1a0020ac   0x1a0020ac   0x00000014   Code   RO         1069    i.utilCLI_IAP_APP_INFO_Set  utilclicmd.o
    0x1a0020c0   0x1a0020c0   0x00000012   Code   RO         1070    i.utilCLI_IAP_Bin_Address_Set  utilclicmd.o
    0x1a0020d2   0x1a0020d2   0x00000012   Code   RO         1071    i.utilCLI_IAP_Bin_Data_Checksum_Get  utilclicmd.o
    0x1a0020e4   0x1a0020e4   0x00000012   Code   RO         1072    i.utilCLI_IAP_Bin_Data_Program_Set  utilclicmd.o
    0x1a0020f6   0x1a0020f6   0x00000012   Code   RO         1073    i.utilCLI_IAP_Bin_Data_Set  utilclicmd.o
    0x1a002108   0x1a002108   0x00000010   Code   RO         1074    i.utilCLI_IAP_Enable_Set  utilclicmd.o
    0x1a002118   0x1a002118   0x00000014   Code   RO         1075    i.utilCLI_IAP_Program_Finish_Set  utilclicmd.o
    0x1a00212c   0x1a00212c   0x00000012   Code   RO         1076    i.utilCLI_IAP_Run_App_Set  utilclicmd.o
    0x1a00213e   0x1a00213e   0x00000008   Code   RO         1077    i.utilCLI_System_Ready_Get  utilclicmd.o
    0x1a002146   0x1a002146   0x00000014   Code   RO         1078    i.utilCLI_System_Version_Get  utilclicmd.o
    0x1a00215a   0x1a00215a   0x0000001c   Code   RO         1159    i.utilDelayMs       utilcounter.o
    0x1a002176   0x1a002176   0x00000002   PAD
    0x1a002178   0x1a002178   0x0000000c   Code   RO         1218    i.utilHostHandlerTask  utilhost.o
    0x1a002184   0x1a002184   0x0000001e   Code   RO         1219    i.utilHost_Ack_Build  utilhost.o
    0x1a0021a2   0x1a0021a2   0x00000046   Code   RO         1220    i.utilHost_CheckSumCalc  utilhost.o
    0x1a0021e8   0x1a0021e8   0x00000084   Code   RO         1221    i.utilHost_Cmd_Execute  utilhost.o
    0x1a00226c   0x1a00226c   0x0000000a   Code   RO         1222    i.utilHost_Device_Read  utilhost.o
    0x1a002276   0x1a002276   0x00000002   PAD
    0x1a002278   0x1a002278   0x00000030   Code   RO         1223    i.utilHost_Device_Write  utilhost.o
    0x1a0022a8   0x1a0022a8   0x00000060   Code   RO         1224    i.utilHost_Init     utilhost.o
    0x1a002308   0x1a002308   0x00000014   Code   RO         1225    i.utilHost_Package_Print  utilhost.o
    0x1a00231c   0x1a00231c   0x00000054   Code   RO         1227    i.utilHost_Packet_UnPack  utilhost.o
    0x1a002370   0x1a002370   0x0000011a   Code   RO         1228    i.utilHost_StateProcess  utilhost.o
    0x1a00248a   0x1a00248a   0x0000001c   Code   RO         1229    i.utilHost_StateReset  utilhost.o
    0x1a0024a6   0x1a0024a6   0x00000002   PAD
    0x1a0024a8   0x1a0024a8   0x00000018   Code   RO         1307    i.utilLog_Init      utillog.o
    0x1a0024c0   0x1a0024c0   0x00000028   Code   RO         3121    i.uxListRemove      lib_freertos.lib(list.o)
    0x1a0024e8   0x1a0024e8   0x00000012   Code   RO         1515    i.uxQueueMessagesWaiting  lib_freertos.lib(queue.o)
    0x1a0024fa   0x1a0024fa   0x00000008   Code   RO         1516    i.uxQueueMessagesWaitingFromISR  lib_freertos.lib(queue.o)
    0x1a002502   0x1a002502   0x00000002   PAD
    0x1a002504   0x1a002504   0x00000014   Code   RO         1407    i.vApplicationGetIdleTaskMemory  utiltask.o
    0x1a002518   0x1a002518   0x00000004   Code   RO         1438    i.vApplicationIdleHook  freertoscommonhooks.o
    0x1a00251c   0x1a00251c   0x00000012   Code   RO         1440    i.vApplicationStackOverflowHook  freertoscommonhooks.o
    0x1a00252e   0x1a00252e   0x0000001a   Code   RO         3122    i.vListInitialise   lib_freertos.lib(list.o)
    0x1a002548   0x1a002548   0x00000006   Code   RO         3123    i.vListInitialiseItem  lib_freertos.lib(list.o)
    0x1a00254e   0x1a00254e   0x00000034   Code   RO         3124    i.vListInsert       lib_freertos.lib(list.o)
    0x1a002582   0x1a002582   0x00000018   Code   RO         3125    i.vListInsertEnd    lib_freertos.lib(list.o)
    0x1a00259a   0x1a00259a   0x00000002   PAD
    0x1a00259c   0x1a00259c   0x00000024   Code   RO         2122    i.vPortEnterCritical  lib_freertos.lib(port.o)
    0x1a0025c0   0x1a0025c0   0x00000020   Code   RO         2123    i.vPortExitCritical  lib_freertos.lib(port.o)
    0x1a0025e0   0x1a0025e0   0x00000068   Code   RO         2124    i.vPortSetupTimerInterrupt  lib_freertos.lib(port.o)
    0x1a002648   0x1a002648   0x0000014c   Code   RO         2125    i.vPortSuppressTicksAndSleep  lib_freertos.lib(port.o)
    0x1a002794   0x1a002794   0x00000074   Code   RO         1776    i.vTaskDelayUntil   lib_freertos.lib(tasks.o)
    0x1a002808   0x1a002808   0x00000018   Code   RO         1779    i.vTaskInternalSetTimeOutState  lib_freertos.lib(tasks.o)
    0x1a002820   0x1a002820   0x0000000c   Code   RO         1780    i.vTaskMissedYield  lib_freertos.lib(tasks.o)
    0x1a00282c   0x1a00282c   0x00000020   Code   RO         1782    i.vTaskPlaceOnEventList  lib_freertos.lib(tasks.o)
    0x1a00284c   0x1a00284c   0x000000b0   Code   RO         1784    i.vTaskPriorityDisinheritAfterTimeout  lib_freertos.lib(tasks.o)
    0x1a0028fc   0x1a0028fc   0x0000008c   Code   RO         1790    i.vTaskStartScheduler  lib_freertos.lib(tasks.o)
    0x1a002988   0x1a002988   0x00000010   Code   RO         1791    i.vTaskStepTick     lib_freertos.lib(tasks.o)
    0x1a002998   0x1a002998   0x000000cc   Code   RO         1792    i.vTaskSuspend      lib_freertos.lib(tasks.o)
    0x1a002a64   0x1a002a64   0x00000010   Code   RO         1793    i.vTaskSuspendAll   lib_freertos.lib(tasks.o)
    0x1a002a74   0x1a002a74   0x00000080   Code   RO         1794    i.vTaskSwitchContext  lib_freertos.lib(tasks.o)
    0x1a002af4   0x1a002af4   0x00000048   Code   RO         2126    i.xPortStartScheduler  lib_freertos.lib(port.o)
    0x1a002b3c   0x1a002b3c   0x0000002a   Code   RO         1523    i.xQueueCreateMutexStatic  lib_freertos.lib(queue.o)
    0x1a002b66   0x1a002b66   0x00000028   Code   RO         1524    i.xQueueGenericCreateStatic  lib_freertos.lib(queue.o)
    0x1a002b8e   0x1a002b8e   0x00000002   PAD
    0x1a002b90   0x1a002b90   0x00000080   Code   RO         1525    i.xQueueGenericReset  lib_freertos.lib(queue.o)
    0x1a002c10   0x1a002c10   0x00000118   Code   RO         1526    i.xQueueGenericSend  lib_freertos.lib(queue.o)
    0x1a002d28   0x1a002d28   0x00000086   Code   RO         1527    i.xQueueGenericSendFromISR  lib_freertos.lib(queue.o)
    0x1a002dae   0x1a002dae   0x00000010   Code   RO         1530    i.xQueueIsQueueEmptyFromISR  lib_freertos.lib(queue.o)
    0x1a002dbe   0x1a002dbe   0x00000002   PAD
    0x1a002dc0   0x1a002dc0   0x00000104   Code   RO         1534    i.xQueueReceive     lib_freertos.lib(queue.o)
    0x1a002ec4   0x1a002ec4   0x00000082   Code   RO         1535    i.xQueueReceiveFromISR  lib_freertos.lib(queue.o)
    0x1a002f46   0x1a002f46   0x00000002   PAD
    0x1a002f48   0x1a002f48   0x00000130   Code   RO         1536    i.xQueueSemaphoreTake  lib_freertos.lib(queue.o)
    0x1a003078   0x1a003078   0x0000005c   Code   RO         1795    i.xTaskCheckForTimeOut  lib_freertos.lib(tasks.o)
    0x1a0030d4   0x1a0030d4   0x00000048   Code   RO         1796    i.xTaskCreateStatic  lib_freertos.lib(tasks.o)
    0x1a00311c   0x1a00311c   0x0000000c   Code   RO         1800    i.xTaskGetTickCount  lib_freertos.lib(tasks.o)
    0x1a003128   0x1a003128   0x0000011c   Code   RO         1802    i.xTaskIncrementTick  lib_freertos.lib(tasks.o)
    0x1a003244   0x1a003244   0x00000084   Code   RO         1805    i.xTaskPriorityDisinherit  lib_freertos.lib(tasks.o)
    0x1a0032c8   0x1a0032c8   0x000000c8   Code   RO         1806    i.xTaskPriorityInherit  lib_freertos.lib(tasks.o)
    0x1a003390   0x1a003390   0x00000084   Code   RO         1807    i.xTaskRemoveFromEventList  lib_freertos.lib(tasks.o)
    0x1a003414   0x1a003414   0x000000e8   Code   RO         1808    i.xTaskResumeAll    lib_freertos.lib(tasks.o)
    0x1a0034fc   0x1a0034fc   0x0000000a   Code   RO         3514    x$fpl$fpinit        fz_wm.l(fpinit.o)
    0x1a003506   0x1a003506   0x00000002   PAD
    0x1a003508   0x1a003508   0x00000004   Data   RO            4    .constdata          sysinit.o
    0x1a00350c   0x1a00350c   0x00000004   Data   RO            5    .constdata          sysinit.o
    0x1a003510   0x1a003510   0x00000028   Data   RO          586    .constdata          board_clock.o
    0x1a003538   0x1a003538   0x00000842   Data   RO          633    .constdata          board_gpio.o
    0x1a003d7a   0x1a003d7a   0x00000002   PAD
    0x1a003d7c   0x1a003d7c   0x00000040   Data   RO          980    .constdata          board_uart.o
    0x1a003dbc   0x1a003dbc   0x0000004e   Data   RO         1079    .constdata          utilclicmd.o
    0x1a003e0a   0x1a003e0a   0x0000006c   Data   RO         2470    .constdata          lib_lpc_chip_43xx_m4.lib(clock_18xx_43xx.o)
    0x1a003e76   0x1a003e76   0x00000010   Data   RO         2894    .constdata          lib_lpc_chip_43xx_m4.lib(uart_18xx_43xx.o)
    0x1a003e86   0x1a003e86   0x00000002   PAD
    0x1a003e88   0x1a003e88   0x00000020   Data   RO         3570    Region$$Table       anon$$obj.o


    Execution Region RW_IRAM2 (Exec base: 0x20000000, Load base: 0x1a003ea8, Size: 0x0000b488, Max: 0x00010000, ABSOLUTE, COMPRESSED[0x00000088])

    Exec Addr    Load Addr    Size         Type   Attr      Idx    E Section Name        Object

    0x20000000   COMPRESSED   0x0000000c   Data   RW          324    .data               appiapproc.o
    0x2000000c   COMPRESSED   0x00000048   Data   RW          865    .data               board_spi.o
    0x20000054   COMPRESSED   0x00000350   Data   RW          981    .data               board_uart.o
    0x200003a4   COMPRESSED   0x00000004   Data   RW         1231    .data               utilhost.o
    0x200003a8   COMPRESSED   0x00000008   Data   RW         1315    .data               utillog.o
    0x200003b0   COMPRESSED   0x00000038   Data   RW         1811    .data               lib_freertos.lib(tasks.o)
    0x200003e8   COMPRESSED   0x00000010   Data   RW         2127    .data               lib_freertos.lib(port.o)
    0x200003f8   COMPRESSED   0x00000004   Data   RW         2207    .data               lib_lpc_chip_43xx_m4.lib(chip_18xx_43xx.o)
    0x200003fc   COMPRESSED   0x00000008   Data   RW         2471    .data               lib_lpc_chip_43xx_m4.lib(clock_18xx_43xx.o)
    0x20000404   COMPRESSED   0x00000001   Data   RW         2895    .data               lib_lpc_chip_43xx_m4.lib(uart_18xx_43xx.o)
    0x20000405   COMPRESSED   0x00000003   PAD
    0x20000408        -       0x00000c7c   Zero   RW          323    .bss                appiapproc.o
    0x20001084        -       0x00000040   Zero   RW          632    .bss                board_gpio.o
    0x200010c4        -       0x000000a0   Zero   RW          862    .bss                board_spi.o
    0x20001164        -       0x00001140   Zero   RW          863    .bss                board_spi.o
    0x200022a4        -       0x00000040   Zero   RW          969    .bss                board_uart.o
    0x200022e4        -       0x00000040   Zero   RW          970    .bss                board_uart.o
    0x20002324        -       0x00000040   Zero   RW          971    .bss                board_uart.o
    0x20002364        -       0x00000800   Zero   RW          972    .bss                board_uart.o
    0x20002b64        -       0x00000800   Zero   RW          973    .bss                board_uart.o
    0x20003364        -       0x00000400   Zero   RW          974    .bss                board_uart.o
    0x20003764        -       0x00000100   Zero   RW          975    .bss                board_uart.o
    0x20003864        -       0x00000200   Zero   RW          976    .bss                board_uart.o
    0x20003a64        -       0x00000010   Zero   RW          977    .bss                board_uart.o
    0x20003a74        -       0x00000010   Zero   RW          978    .bss                board_uart.o
    0x20003a84        -       0x00000140   Zero   RW          979    .bss                board_uart.o
    0x20003bc4        -       0x00000c9c   Zero   RW         1230    .bss                utilhost.o
    0x20004860        -       0x00000150   Zero   RW         1312    .bss                utillog.o
    0x200049b0        -       0x000006c0   Zero   RW         1409    .bss                utiltask.o
    0x20005070        -       0x00006000   Zero   RW         1442    .bss                freertoscommonhooks.o
    0x2000b070        -       0x000000b4   Zero   RW         1810    .bss                lib_freertos.lib(tasks.o)
    0x2000b124        -       0x00000060   Zero   RW         3441    .bss                c_w.l(libspace.o)
    0x2000b184   COMPRESSED   0x00000004   PAD
    0x2000b188        -       0x00000000   Zero   RW          297    HEAP                keil_startup_lpc18xx43xx.o
    0x2000b188        -       0x00000300   Zero   RW          296    STACK               keil_startup_lpc18xx43xx.o



  Load Region LR$$.ARM.__AT_0x10007FF0 (Base: 0x10007ff0, Size: 0x00000000, Max: 0x00000004, ABSOLUTE)

    Execution Region ER$$.ARM.__AT_0x10007FF0 (Exec base: 0x10007ff0, Load base: 0x10007ff0, Size: 0x00000004, Max: 0x00000004, ABSOLUTE, UNINIT)

    Exec Addr    Load Addr    Size         Type   Attr      Idx    E Section Name        Object

    0x10007ff0        -       0x00000004   Zero   RW          322    .ARM.__AT_0x10007FF0  appiapproc.o


==============================================================================

Image component sizes


      Code (inc. data)   RO Data    RW Data    ZI Data      Debug   Object Name

       892        168          0         12       3200      22087   appiapproc.o
        46          0          0          0          0        561   board.o
       184         16         40          0          0       1543   board_clock.o
       394         46       2114          0         64      49980   board_gpio.o
       288          0          0          0          0       6299   board_iap.o
       928         30          0         72       4576      12956   board_spi.o
       524         54         64        848       6432      11796   board_uart.o
        46          6          0          0      24576       8812   freertoscommonhooks.o
        64         24        276          0        768        976   keil_startup_lpc18xx43xx.o
        16          0          0          0          0       1099   main.o
        32         10          8          0          0      39475   sysinit.o
       326          4         78          0          0      10289   utilclicmd.o
        28          0          0          0          0        614   utilcounter.o
       812         64          0          4       3228       8110   utilhost.o
        28          8          0          8        336      13171   utillog.o
        20          4          0          0       1728       1984   utiltask.o

    ----------------------------------------------------------------------
      4640        434       2614        944      44908     189752   Object Totals
         0          0         32          0          0          0   (incl. Generated)
        12          0          2          0          0          0   (incl. Padding)

    ----------------------------------------------------------------------

      Code (inc. data)   RO Data    RW Data    ZI Data      Debug   Library Member Name

        90          0          0          0          0          0   __dczerorl2.o
         8          0          0          0          0         68   __main.o
         0          0          0          0          0          0   __rtentry.o
        12          0          0          0          0          0   __rtentry2.o
         6          0          0          0          0          0   __rtentry4.o
        52          8          0          0          0          0   __scatter.o
        28          0          0          0          0          0   __scatter_zi.o
        16          0          0          0          0         68   aeabi_memset.o
        18          0          0          0          0         80   exit.o
         6          0          0          0          0        152   heapauxi.o
         2          0          0          0          0          0   libinit.o
         6          0          0          0          0          0   libinit2.o
         2          0          0          0          0          0   libshutdown.o
         2          0          0          0          0          0   libshutdown2.o
         8          4          0          0         96         68   libspace.o
       238          0          0          0          0        100   lludivv7m.o
        68          0          0          0          0         68   rt_memclr.o
        78          0          0          0          0         80   rt_memclr_w.o
       138          0          0          0          0         68   rt_memcpy_v6.o
       100          0          0          0          0         80   rt_memcpy_w.o
         2          0          0          0          0          0   rtexit.o
        10          0          0          0          0          0   rtexit2.o
        74          0          0          0          0         80   sys_stackheap_outer.o
        10          0          0          0          0        116   fpinit.o
       148          0          0          0          0       8918   list.o
       884         82          0         16          0      11857   port.o
      1802         18          0          0          0      44924   queue.o
      2904        420          0         56        180      42260   tasks.o
        20          6          0          4          0       8354   chip_18xx_43xx.o
      1082        154        108          8          0      15368   clock_18xx_43xx.o
        60         14          0          0          0       1342   fpu_init.o
        26          0          0          0          0       3262   gpio_18xx_43xx.o
       142         10          0          0          0       5126   iap_18xx_43xx.o
        56          8          0          0          0       1691   rgu_18xx_43xx.o
       146         10          0          0          0       7610   ssp_18xx_43xx.o
       384         22         16          1          0      11766   uart_18xx_43xx.o

    ----------------------------------------------------------------------
      8660        756        126         88        280     163506   Library Totals
        32          0          2          3          4          0   (incl. Padding)

    ----------------------------------------------------------------------

      Code (inc. data)   RO Data    RW Data    ZI Data      Debug   Library Name

       964         12          0          0         96        912   c_w.l
        10          0          0          0          0        116   fz_wm.l
      5738        520          0         72        180     107959   lib_freertos.lib
      1916        224        124         13          0      54519   lib_lpc_chip_43xx_m4.lib

    ----------------------------------------------------------------------
      8660        756        126         88        280     163506   Library Totals

    ----------------------------------------------------------------------

==============================================================================


      Code (inc. data)   RO Data    RW Data    ZI Data      Debug   

     13300       1190       2740       1032      45188     335994   Grand Totals
     13300       1190       2740        136      45188     335994   ELF Image Totals (compressed)
     13300       1190       2740        136          0          0   ROM Totals

==============================================================================

    Total RO  Size (Code + RO Data)                16040 (  15.66kB)
    Total RW  Size (RW Data + ZI Data)             46220 (  45.14kB)
    Total ROM Size (Code + RO Data + RW Data)      16176 (  15.80kB)

==============================================================================

